Apache Maven 3.2.5 (12a6b3acb947671f09b81f49094c53f426d8cea1; 2014-12-14T18:29:23+01:00)
Maven home: D:\IDE\apache-maven-3.2.5\bin\..
Java version: 11.0.4, vendor: Oracle Corporation
Java home: D:\IDE\Java\openjdk-11u-11.0.4_11
Default locale: es_ES, platform encoding: Cp1252
OS name: "windows 10", version: "10.0", arch: "amd64", family: "dos"
[INFO] Error stacktraces are turned on.
[DEBUG] Reading global settings from D:\IDE\apache-maven-3.2.5\bin\..\conf\settings.xml
[DEBUG] Reading user settings from C:\Users\Nanni\.m2\settings.xml
[DEBUG] Using local repository at C:\Users\Nanni\.m2\repository
[DEBUG] Using manager EnhancedLocalRepositoryManager with priority 10.0 for C:\Users\Nanni\.m2\repository
[INFO] Scanning for projects...
[DEBUG] Extension realms for project org.isf:OH-core:jar:1.10: (none)
[DEBUG] Looking up lifecyle mappings for packaging jar from ClassRealm[plexus.core, parent: null]
[WARNING] 
[WARNING] Some problems were encountered while building the effective model for org.isf:OH-core:jar:1.10
[WARNING] 'dependencies.dependency.(groupId:artifactId:type:classifier)' must be unique: com.sun.media:jai_imageio:jar -> duplicate declaration of version 1.1 @ line 199, column 15
[WARNING] 'dependencies.dependency.(groupId:artifactId:type:classifier)' must be unique: javax.media:jai-core:jar -> duplicate declaration of version 1.1.3 @ line 210, column 15
[WARNING] 
[WARNING] It is highly recommended to fix these problems because they threaten the stability of your build.
[WARNING] 
[WARNING] For this reason, future Maven versions might no longer support building such malformed projects.
[WARNING] 
[DEBUG] === REACTOR BUILD PLAN ================================================
[DEBUG] Project: org.isf:OH-core:jar:1.10
[DEBUG] Tasks:   [test]
[DEBUG] Style:   Regular
[DEBUG] =======================================================================
[INFO]                                                                         
[INFO] ------------------------------------------------------------------------
[INFO] Building OpenHospital-core 1.10
[INFO] ------------------------------------------------------------------------
[DEBUG] Lifecycle default -> [validate, initialize, generate-sources, process-sources, generate-resources, process-resources, compile, process-classes, generate-test-sources, process-test-sources, generate-test-resources, process-test-resources, test-compile, process-test-classes, test, prepare-package, package, pre-integration-test, integration-test, post-integration-test, verify, install, deploy]
[DEBUG] Lifecycle clean -> [pre-clean, clean, post-clean]
[DEBUG] Lifecycle site -> [pre-site, site, post-site, site-deploy]
[DEBUG] Lifecycle default -> [validate, initialize, generate-sources, process-sources, generate-resources, process-resources, compile, process-classes, generate-test-sources, process-test-sources, generate-test-resources, process-test-resources, test-compile, process-test-classes, test, prepare-package, package, pre-integration-test, integration-test, post-integration-test, verify, install, deploy]
[DEBUG] Lifecycle clean -> [pre-clean, clean, post-clean]
[DEBUG] Lifecycle site -> [pre-site, site, post-site, site-deploy]
[DEBUG] Lifecycle default -> [validate, initialize, generate-sources, process-sources, generate-resources, process-resources, compile, process-classes, generate-test-sources, process-test-sources, generate-test-resources, process-test-resources, test-compile, process-test-classes, test, prepare-package, package, pre-integration-test, integration-test, post-integration-test, verify, install, deploy]
[DEBUG] Lifecycle clean -> [pre-clean, clean, post-clean]
[DEBUG] Lifecycle site -> [pre-site, site, post-site, site-deploy]
[DEBUG] Lifecycle default -> [validate, initialize, generate-sources, process-sources, generate-resources, process-resources, compile, process-classes, generate-test-sources, process-test-sources, generate-test-resources, process-test-resources, test-compile, process-test-classes, test, prepare-package, package, pre-integration-test, integration-test, post-integration-test, verify, install, deploy]
[DEBUG] Lifecycle clean -> [pre-clean, clean, post-clean]
[DEBUG] Lifecycle site -> [pre-site, site, post-site, site-deploy]
[DEBUG] Lifecycle default -> [validate, initialize, generate-sources, process-sources, generate-resources, process-resources, compile, process-classes, generate-test-sources, process-test-sources, generate-test-resources, process-test-resources, test-compile, process-test-classes, test, prepare-package, package, pre-integration-test, integration-test, post-integration-test, verify, install, deploy]
[DEBUG] Lifecycle clean -> [pre-clean, clean, post-clean]
[DEBUG] Lifecycle site -> [pre-site, site, post-site, site-deploy]
[DEBUG] Lifecycle default -> [validate, initialize, generate-sources, process-sources, generate-resources, process-resources, compile, process-classes, generate-test-sources, process-test-sources, generate-test-resources, process-test-resources, test-compile, process-test-classes, test, prepare-package, package, pre-integration-test, integration-test, post-integration-test, verify, install, deploy]
[DEBUG] Lifecycle clean -> [pre-clean, clean, post-clean]
[DEBUG] Lifecycle site -> [pre-site, site, post-site, site-deploy]
[DEBUG] Lifecycle default -> [validate, initialize, generate-sources, process-sources, generate-resources, process-resources, compile, process-classes, generate-test-sources, process-test-sources, generate-test-resources, process-test-resources, test-compile, process-test-classes, test, prepare-package, package, pre-integration-test, integration-test, post-integration-test, verify, install, deploy]
[DEBUG] Lifecycle clean -> [pre-clean, clean, post-clean]
[DEBUG] Lifecycle site -> [pre-site, site, post-site, site-deploy]
[DEBUG] === PROJECT BUILD PLAN ================================================
[DEBUG] Project:       org.isf:OH-core:1.10
[DEBUG] Dependencies (collect): []
[DEBUG] Dependencies (resolve): [compile, test]
[DEBUG] Repositories (dependencies): [lib (file:D:\IDE\git\openhospital-core/repo, default, releases+snapshots), spring-libs-release (https://repo.spring.io/libs-release, default, releases), jaspersoft (http://jasperforge.org/maven2/, default, disabled), dcm4che (http://www.dcm4che.org/maven2/, default, releases), central (https://repo.maven.apache.org/maven2, default, releases)]
[DEBUG] Repositories (plugins)     : [central (https://repo.maven.apache.org/maven2, default, releases)]
[DEBUG] -----------------------------------------------------------------------
[DEBUG] Goal:          org.apache.maven.plugins:maven-resources-plugin:2.7:copy-resources (copy-resources)
[DEBUG] Style:         Regular
[DEBUG] Configuration: <?xml version="1.0" encoding="UTF-8"?>
<configuration>
  <buildFilters default-value="${project.build.filters}"/>
  <encoding default-value="${project.build.sourceEncoding}">${encoding}</encoding>
  <escapeString>${maven.resources.escapeString}</escapeString>
  <escapeWindowsPaths default-value="true">${maven.resources.escapeWindowsPaths}</escapeWindowsPaths>
  <includeEmptyDirs default-value="false">${maven.resources.includeEmptyDirs}</includeEmptyDirs>
  <outputDirectory>D:\IDE\git\openhospital-core/target/OpenHospital20/rsc</outputDirectory>
  <overwrite default-value="false">${maven.resources.overwrite}</overwrite>
  <project default-value="${project}"/>
  <resources>
    <resource>
      <directory>src/main/resources</directory>
    </resource>
  </resources>
  <session default-value="${session}"/>
  <supportMultiLineFiltering default-value="false">${maven.resources.supportMultiLineFiltering}</supportMultiLineFiltering>
  <useBuildFilters default-value="true"/>
  <useDefaultDelimiters default-value="true"/>
</configuration>
[DEBUG] -----------------------------------------------------------------------
[DEBUG] Goal:          org.apache.maven.plugins:maven-resources-plugin:2.7:copy-resources (copy-lib)
[DEBUG] Style:         Regular
[DEBUG] Configuration: <?xml version="1.0" encoding="UTF-8"?>
<configuration>
  <buildFilters default-value="${project.build.filters}"/>
  <encoding default-value="${project.build.sourceEncoding}">${encoding}</encoding>
  <escapeString>${maven.resources.escapeString}</escapeString>
  <escapeWindowsPaths default-value="true">${maven.resources.escapeWindowsPaths}</escapeWindowsPaths>
  <includeEmptyDirs default-value="false">${maven.resources.includeEmptyDirs}</includeEmptyDirs>
  <outputDirectory>D:\IDE\git\openhospital-core/target/OpenHospital20/lib</outputDirectory>
  <overwrite default-value="false">${maven.resources.overwrite}</overwrite>
  <project default-value="${project}"/>
  <resources>
    <resource>
      <directory>lib</directory>
    </resource>
  </resources>
  <session default-value="${session}"/>
  <supportMultiLineFiltering default-value="false">${maven.resources.supportMultiLineFiltering}</supportMultiLineFiltering>
  <useBuildFilters default-value="true"/>
  <useDefaultDelimiters default-value="true"/>
</configuration>
[DEBUG] -----------------------------------------------------------------------
[DEBUG] Goal:          org.apache.maven.plugins:maven-resources-plugin:2.7:copy-resources (copy-native-lib)
[DEBUG] Style:         Regular
[DEBUG] Configuration: <?xml version="1.0" encoding="UTF-8"?>
<configuration>
  <buildFilters default-value="${project.build.filters}"/>
  <encoding default-value="${project.build.sourceEncoding}">${encoding}</encoding>
  <escapeString>${maven.resources.escapeString}</escapeString>
  <escapeWindowsPaths default-value="true">${maven.resources.escapeWindowsPaths}</escapeWindowsPaths>
  <includeEmptyDirs default-value="false">${maven.resources.includeEmptyDirs}</includeEmptyDirs>
  <outputDirectory>D:\IDE\git\openhospital-core/target/OpenHospital20/lib/native</outputDirectory>
  <overwrite default-value="false">${maven.resources.overwrite}</overwrite>
  <project default-value="${project}"/>
  <resources>
    <resource>
      <directory>lib/native</directory>
    </resource>
  </resources>
  <session default-value="${session}"/>
  <supportMultiLineFiltering default-value="false">${maven.resources.supportMultiLineFiltering}</supportMultiLineFiltering>
  <useBuildFilters default-value="true"/>
  <useDefaultDelimiters default-value="true"/>
</configuration>
[DEBUG] -----------------------------------------------------------------------
[DEBUG] Goal:          org.apache.maven.plugins:maven-resources-plugin:2.7:resources (default-resources)
[DEBUG] Style:         Regular
[DEBUG] Configuration: <?xml version="1.0" encoding="UTF-8"?>
<configuration>
  <buildFilters default-value="${project.build.filters}"/>
  <encoding default-value="${project.build.sourceEncoding}">${encoding}</encoding>
  <escapeString>${maven.resources.escapeString}</escapeString>
  <escapeWindowsPaths default-value="true">${maven.resources.escapeWindowsPaths}</escapeWindowsPaths>
  <includeEmptyDirs default-value="false">${maven.resources.includeEmptyDirs}</includeEmptyDirs>
  <outputDirectory default-value="${project.build.outputDirectory}"/>
  <overwrite default-value="false">${maven.resources.overwrite}</overwrite>
  <project default-value="${project}"/>
  <resources default-value="${project.resources}"/>
  <session default-value="${session}"/>
  <supportMultiLineFiltering default-value="false">${maven.resources.supportMultiLineFiltering}</supportMultiLineFiltering>
  <useBuildFilters default-value="true"/>
  <useDefaultDelimiters default-value="true"/>
</configuration>
[DEBUG] -----------------------------------------------------------------------
[DEBUG] Goal:          org.apache.maven.plugins:maven-compiler-plugin:3.1:compile (default-compile)
[DEBUG] Style:         Regular
[DEBUG] Configuration: <?xml version="1.0" encoding="UTF-8"?>
<configuration>
  <basedir default-value="${basedir}"/>
  <buildDirectory default-value="${project.build.directory}"/>
  <classpathElements default-value="${project.compileClasspathElements}"/>
  <compileSourceRoots default-value="${project.compileSourceRoots}"/>
  <compilerId default-value="javac">${maven.compiler.compilerId}</compilerId>
  <compilerReuseStrategy default-value="${reuseCreated}">${maven.compiler.compilerReuseStrategy}</compilerReuseStrategy>
  <compilerVersion>${maven.compiler.compilerVersion}</compilerVersion>
  <debug default-value="true">${maven.compiler.debug}</debug>
  <debuglevel>${maven.compiler.debuglevel}</debuglevel>
  <encoding default-value="${project.build.sourceEncoding}">${encoding}</encoding>
  <executable>${maven.compiler.executable}</executable>
  <failOnError default-value="true">${maven.compiler.failOnError}</failOnError>
  <forceJavacCompilerUse default-value="false">${maven.compiler.forceJavacCompilerUse}</forceJavacCompilerUse>
  <fork default-value="false">${maven.compiler.fork}</fork>
  <generatedSourcesDirectory default-value="${project.build.directory}/generated-sources/annotations"/>
  <maxmem>${maven.compiler.maxmem}</maxmem>
  <meminitial>${maven.compiler.meminitial}</meminitial>
  <mojoExecution>${mojoExecution}</mojoExecution>
  <optimize default-value="false">${maven.compiler.optimize}</optimize>
  <outputDirectory default-value="${project.build.outputDirectory}"/>
  <projectArtifact default-value="${project.artifact}"/>
  <showDeprecation default-value="false">${maven.compiler.showDeprecation}</showDeprecation>
  <showWarnings default-value="false">${maven.compiler.showWarnings}</showWarnings>
  <skipMain>${maven.main.skip}</skipMain>
  <skipMultiThreadWarning default-value="false">${maven.compiler.skipMultiThreadWarning}</skipMultiThreadWarning>
  <source default-value="1.5">1.6</source>
  <staleMillis default-value="0">${lastModGranularityMs}</staleMillis>
  <target default-value="1.5">1.6</target>
  <useIncrementalCompilation default-value="true">${maven.compiler.useIncrementalCompilation}</useIncrementalCompilation>
  <verbose default-value="false">${maven.compiler.verbose}</verbose>
  <mavenSession default-value="${session}"/>
  <session default-value="${session}"/>
</configuration>
[DEBUG] -----------------------------------------------------------------------
[DEBUG] Goal:          org.apache.maven.plugins:maven-resources-plugin:2.7:testResources (default-testResources)
[DEBUG] Style:         Regular
[DEBUG] Configuration: <?xml version="1.0" encoding="UTF-8"?>
<configuration>
  <buildFilters default-value="${project.build.filters}"/>
  <encoding default-value="${project.build.sourceEncoding}">${encoding}</encoding>
  <escapeString>${maven.resources.escapeString}</escapeString>
  <escapeWindowsPaths default-value="true">${maven.resources.escapeWindowsPaths}</escapeWindowsPaths>
  <includeEmptyDirs default-value="false">${maven.resources.includeEmptyDirs}</includeEmptyDirs>
  <outputDirectory default-value="${project.build.testOutputDirectory}"/>
  <overwrite default-value="false">${maven.resources.overwrite}</overwrite>
  <project default-value="${project}"/>
  <resources default-value="${project.testResources}"/>
  <session default-value="${session}"/>
  <skip>${maven.test.skip}</skip>
  <supportMultiLineFiltering default-value="false">${maven.resources.supportMultiLineFiltering}</supportMultiLineFiltering>
  <useBuildFilters default-value="true"/>
  <useDefaultDelimiters default-value="true"/>
</configuration>
[DEBUG] -----------------------------------------------------------------------
[DEBUG] Goal:          org.apache.maven.plugins:maven-compiler-plugin:3.1:testCompile (default-testCompile)
[DEBUG] Style:         Regular
[DEBUG] Configuration: <?xml version="1.0" encoding="UTF-8"?>
<configuration>
  <basedir default-value="${basedir}"/>
  <buildDirectory default-value="${project.build.directory}"/>
  <classpathElements default-value="${project.testClasspathElements}"/>
  <compileSourceRoots default-value="${project.testCompileSourceRoots}"/>
  <compilerId default-value="javac">${maven.compiler.compilerId}</compilerId>
  <compilerReuseStrategy default-value="${reuseCreated}">${maven.compiler.compilerReuseStrategy}</compilerReuseStrategy>
  <compilerVersion>${maven.compiler.compilerVersion}</compilerVersion>
  <debug default-value="true">${maven.compiler.debug}</debug>
  <debuglevel>${maven.compiler.debuglevel}</debuglevel>
  <encoding default-value="${project.build.sourceEncoding}">${encoding}</encoding>
  <executable>${maven.compiler.executable}</executable>
  <failOnError default-value="true">${maven.compiler.failOnError}</failOnError>
  <forceJavacCompilerUse default-value="false">${maven.compiler.forceJavacCompilerUse}</forceJavacCompilerUse>
  <fork default-value="false">${maven.compiler.fork}</fork>
  <generatedTestSourcesDirectory default-value="${project.build.directory}/generated-test-sources/test-annotations"/>
  <maxmem>${maven.compiler.maxmem}</maxmem>
  <meminitial>${maven.compiler.meminitial}</meminitial>
  <mojoExecution>${mojoExecution}</mojoExecution>
  <optimize default-value="false">${maven.compiler.optimize}</optimize>
  <outputDirectory default-value="${project.build.testOutputDirectory}"/>
  <showDeprecation default-value="false">${maven.compiler.showDeprecation}</showDeprecation>
  <showWarnings default-value="false">${maven.compiler.showWarnings}</showWarnings>
  <skip>${maven.test.skip}</skip>
  <skipMultiThreadWarning default-value="false">${maven.compiler.skipMultiThreadWarning}</skipMultiThreadWarning>
  <source default-value="1.5">1.6</source>
  <staleMillis default-value="0">${lastModGranularityMs}</staleMillis>
  <target default-value="1.5">1.6</target>
  <testSource>${maven.compiler.testSource}</testSource>
  <testTarget>${maven.compiler.testTarget}</testTarget>
  <useIncrementalCompilation default-value="true">${maven.compiler.useIncrementalCompilation}</useIncrementalCompilation>
  <verbose default-value="false">${maven.compiler.verbose}</verbose>
  <mavenSession default-value="${session}"/>
  <session default-value="${session}"/>
</configuration>
[DEBUG] -----------------------------------------------------------------------
[DEBUG] Goal:          org.apache.maven.plugins:maven-surefire-plugin:2.12.4:test (default-test)
[DEBUG] Style:         Regular
[DEBUG] Configuration: <?xml version="1.0" encoding="UTF-8"?>
<configuration>
  <argLine>${argLine}</argLine>
  <basedir default-value="${basedir}"/>
  <childDelegation default-value="false">${childDelegation}</childDelegation>
  <classesDirectory default-value="${project.build.outputDirectory}"/>
  <debugForkedProcess>${maven.surefire.debug}</debugForkedProcess>
  <disableXmlReport default-value="false">${disableXmlReport}</disableXmlReport>
  <enableAssertions default-value="true">${enableAssertions}</enableAssertions>
  <excludedGroups>${excludedGroups}</excludedGroups>
  <failIfNoSpecifiedTests>${surefire.failIfNoSpecifiedTests}</failIfNoSpecifiedTests>
  <failIfNoTests>${failIfNoTests}</failIfNoTests>
  <forkMode default-value="once">${forkMode}</forkMode>
  <forkedProcessTimeoutInSeconds>${surefire.timeout}</forkedProcessTimeoutInSeconds>
  <groups>${groups}</groups>
  <junitArtifactName default-value="junit:junit">${junitArtifactName}</junitArtifactName>
  <jvm>${jvm}</jvm>
  <localRepository default-value="${localRepository}"/>
  <objectFactory>${objectFactory}</objectFactory>
  <parallel>${parallel}</parallel>
  <parallelMavenExecution default-value="${session.parallel}"/>
  <perCoreThreadCount default-value="true">${perCoreThreadCount}</perCoreThreadCount>
  <pluginArtifactMap>${plugin.artifactMap}</pluginArtifactMap>
  <pluginDescriptor default-value="${plugin}"/>
  <printSummary default-value="true">${surefire.printSummary}</printSummary>
  <projectArtifactMap>${project.artifactMap}</projectArtifactMap>
  <redirectTestOutputToFile default-value="false">${maven.test.redirectTestOutputToFile}</redirectTestOutputToFile>
  <remoteRepositories default-value="${project.pluginArtifactRepositories}"/>
  <reportFormat default-value="brief">${surefire.reportFormat}</reportFormat>
  <reportNameSuffix default-value="">${surefire.reportNameSuffix}</reportNameSuffix>
  <reportsDirectory default-value="${project.build.directory}/surefire-reports"/>
  <runOrder default-value="filesystem"/>
  <skip default-value="false">${maven.test.skip}</skip>
  <skipExec>${maven.test.skip.exec}</skipExec>
  <skipTests default-value="false">${skipTests}</skipTests>
  <test>${test}</test>
  <testClassesDirectory default-value="${project.build.testOutputDirectory}"/>
  <testFailureIgnore default-value="false">${maven.test.failure.ignore}</testFailureIgnore>
  <testNGArtifactName default-value="org.testng:testng">${testNGArtifactName}</testNGArtifactName>
  <testSourceDirectory default-value="${project.build.testSourceDirectory}"/>
  <threadCount>${threadCount}</threadCount>
  <trimStackTrace default-value="true">${trimStackTrace}</trimStackTrace>
  <useFile default-value="true">${surefire.useFile}</useFile>
  <useManifestOnlyJar default-value="true">${surefire.useManifestOnlyJar}</useManifestOnlyJar>
  <useSystemClassLoader default-value="true">${surefire.useSystemClassLoader}</useSystemClassLoader>
  <useUnlimitedThreads default-value="false">${useUnlimitedThreads}</useUnlimitedThreads>
  <workingDirectory>${basedir}</workingDirectory>
  <project default-value="${project}"/>
  <session default-value="${session}"/>
</configuration>
[DEBUG] =======================================================================
[DEBUG] Could not find metadata commons-collections:commons-collections/maven-metadata.xml in local (C:\Users\Nanni\.m2\repository)
[DEBUG] Failure to find commons-collections:commons-collections/maven-metadata.xml in file:D:\IDE\git\openhospital-core/repo was cached in the local repository, resolution will not be reattempted until the update interval of lib has elapsed or updates are forced
[DEBUG] Skipped remote request for commons-collections:commons-collections/maven-metadata.xml, locally cached metadata up-to-date.
[DEBUG] Failure to find commons-collections:commons-collections/maven-metadata.xml in http://www.dcm4che.org/maven2/ was cached in the local repository, resolution will not be reattempted until the update interval of dcm4che has elapsed or updates are forced
[DEBUG] Skipped remote request for commons-collections:commons-collections/maven-metadata.xml, locally cached metadata up-to-date.
[DEBUG] Could not find metadata commons-digester:commons-digester/maven-metadata.xml in local (C:\Users\Nanni\.m2\repository)
[DEBUG] Failure to find commons-digester:commons-digester/maven-metadata.xml in file:D:\IDE\git\openhospital-core/repo was cached in the local repository, resolution will not be reattempted until the update interval of lib has elapsed or updates are forced
[DEBUG] Skipped remote request for commons-digester:commons-digester/maven-metadata.xml, locally cached metadata up-to-date.
[DEBUG] Failure to find commons-digester:commons-digester/maven-metadata.xml in http://www.dcm4che.org/maven2/ was cached in the local repository, resolution will not be reattempted until the update interval of dcm4che has elapsed or updates are forced
[DEBUG] Skipped remote request for commons-digester:commons-digester/maven-metadata.xml, locally cached metadata up-to-date.
[DEBUG] Could not find metadata commons-logging:commons-logging/maven-metadata.xml in local (C:\Users\Nanni\.m2\repository)
[DEBUG] Failure to find commons-logging:commons-logging/maven-metadata.xml in file:D:\IDE\git\openhospital-core/repo was cached in the local repository, resolution will not be reattempted until the update interval of lib has elapsed or updates are forced
[DEBUG] Skipped remote request for commons-logging:commons-logging/maven-metadata.xml, locally cached metadata up-to-date.
[DEBUG] Failure to find commons-logging:commons-logging/maven-metadata.xml in http://www.dcm4che.org/maven2/ was cached in the local repository, resolution will not be reattempted until the update interval of dcm4che has elapsed or updates are forced
[DEBUG] Skipped remote request for commons-logging:commons-logging/maven-metadata.xml, locally cached metadata up-to-date.
[DEBUG] Could not find metadata commons-logging:commons-logging:1.2.1-SNAPSHOT/maven-metadata.xml in local (C:\Users\Nanni\.m2\repository)
[DEBUG] Failure to find commons-logging:commons-logging:1.2.1-SNAPSHOT/maven-metadata.xml in file:D:\IDE\git\openhospital-core/repo was cached in the local repository, resolution will not be reattempted until the update interval of lib has elapsed or updates are forced
[DEBUG] Could not find metadata commons-logging:commons-logging:1.2.1-SNAPSHOT/maven-metadata.xml in local (C:\Users\Nanni\.m2\repository)
[DEBUG] Failure to find commons-logging:commons-logging:1.2.1-SNAPSHOT/maven-metadata.xml in file:D:\IDE\git\openhospital-core/repo was cached in the local repository, resolution will not be reattempted until the update interval of lib has elapsed or updates are forced
[WARNING] The POM for commons-logging:commons-logging:jar:1.2.1-SNAPSHOT is missing, no dependency information available
[DEBUG] Could not find metadata jfree:jcommon/maven-metadata.xml in local (C:\Users\Nanni\.m2\repository)
[DEBUG] Failure to find jfree:jcommon/maven-metadata.xml in file:D:\IDE\git\openhospital-core/repo was cached in the local repository, resolution will not be reattempted until the update interval of lib has elapsed or updates are forced
[DEBUG] Skipped remote request for jfree:jcommon/maven-metadata.xml, locally cached metadata up-to-date.
[DEBUG] Failure to find jfree:jcommon/maven-metadata.xml in http://www.dcm4che.org/maven2/ was cached in the local repository, resolution will not be reattempted until the update interval of dcm4che has elapsed or updates are forced
[DEBUG] Skipped remote request for jfree:jcommon/maven-metadata.xml, locally cached metadata up-to-date.
[DEBUG] Could not find metadata jfree:jfreechart/maven-metadata.xml in local (C:\Users\Nanni\.m2\repository)
[DEBUG] Failure to find jfree:jfreechart/maven-metadata.xml in file:D:\IDE\git\openhospital-core/repo was cached in the local repository, resolution will not be reattempted until the update interval of lib has elapsed or updates are forced
[DEBUG] Skipped remote request for jfree:jfreechart/maven-metadata.xml, locally cached metadata up-to-date.
[DEBUG] Failure to find jfree:jfreechart/maven-metadata.xml in http://www.dcm4che.org/maven2/ was cached in the local repository, resolution will not be reattempted until the update interval of dcm4che has elapsed or updates are forced
[DEBUG] Skipped remote request for jfree:jfreechart/maven-metadata.xml, locally cached metadata up-to-date.
[DEBUG] Could not find metadata eclipse:jdtcore/maven-metadata.xml in local (C:\Users\Nanni\.m2\repository)
[DEBUG] Failure to find eclipse:jdtcore/maven-metadata.xml in file:D:\IDE\git\openhospital-core/repo was cached in the local repository, resolution will not be reattempted until the update interval of lib has elapsed or updates are forced
[DEBUG] Skipped remote request for eclipse:jdtcore/maven-metadata.xml, locally cached metadata up-to-date.
[DEBUG] Failure to find eclipse:jdtcore/maven-metadata.xml in http://www.dcm4che.org/maven2/ was cached in the local repository, resolution will not be reattempted until the update interval of dcm4che has elapsed or updates are forced
[DEBUG] Skipped remote request for eclipse:jdtcore/maven-metadata.xml, locally cached metadata up-to-date.
[WARNING] The POM for com.sun.xml.bind:jaxb-core:jar:2.2.11 is invalid, transitive dependencies (if any) will not be available: 1 problem was encountered while building the effective model for com.sun.xml.bind:jaxb-core:2.2.11
[ERROR] 'dependencyManagement.dependencies.dependency.systemPath' for com.sun:tools:jar must specify an absolute path but is ${tools.jar} @ 

[WARNING] The POM for com.sun.xml.bind:jaxb-impl:jar:2.2.11 is invalid, transitive dependencies (if any) will not be available: 1 problem was encountered while building the effective model for com.sun.xml.bind:jaxb-impl:2.2.11
[ERROR] 'dependencyManagement.dependencies.dependency.systemPath' for com.sun:tools:jar must specify an absolute path but is ${tools.jar} @ 

[DEBUG] Dependency collection stats: {ConflictMarker.analyzeTime=7, ConflictMarker.markTime=0, ConflictMarker.nodeCount=285, ConflictIdSorter.graphTime=5, ConflictIdSorter.topsortTime=2, ConflictIdSorter.conflictIdCount=92, ConflictIdSorter.conflictIdCycleCount=0, ConflictResolver.totalTime=25, ConflictResolver.conflictItemCount=207, DefaultDependencyCollector.collectTime=2923, DefaultDependencyCollector.transformTime=43}
[DEBUG] org.isf:OH-core:jar:1.10
[DEBUG]    com.drewnoakes:metadata-extractor:jar:2.10.0:compile
[DEBUG]       com.adobe.xmp:xmpcore:jar:5.1.3:compile
[DEBUG]    com.googlecode.gstreamer-java:gstreamer-java:jar:1.4:compile
[DEBUG]       net.java.dev.jna:jna:jar:3.2.2:compile
[DEBUG]       org.eclipse.swt.win32.win32:x86:jar:3.3.0-v3346:compile
[DEBUG]    codeanticode.gsvideo:gsvideo_isf:jar:1.0:compile
[DEBUG]    org.apache.httpcomponents:httpclient:jar:4.5.3:compile
[DEBUG]       commons-logging:commons-logging:jar:1.2:compile
[DEBUG]       commons-codec:commons-codec:jar:1.9:compile
[DEBUG]    org.apache.httpcomponents:httpcore:jar:4.4.4:compile
[DEBUG]    jasperreports:jasperreports:jar:3.0.0:compile
[DEBUG]       commons-beanutils:commons-beanutils:jar:1.7.0:compile
[DEBUG]       commons-collections:commons-collections:jar:20040616:compile
[DEBUG]       commons-digester:commons-digester:jar:2.1:compile
[DEBUG]       jfree:jcommon:jar:1.0.16:compile
[DEBUG]       jfree:jfreechart:jar:1.0.13:compile
[DEBUG]       xml-apis:xml-apis:jar:1.3.02:compile
[DEBUG]       eclipse:jdtcore:jar:3.2.0.v_658:compile
[DEBUG]    com.lowagie:itext:jar:1.02b:compile
[DEBUG]    joda-time:joda-time:jar:2.2:compile
[DEBUG]    junit:junit:jar:4.12:test
[DEBUG]       org.hamcrest:hamcrest-core:jar:1.3:test
[DEBUG]    com.sun.media:jai_imageio:jar:1.1:compile
[DEBUG]    javax.media:jai-core:jar:1.1.3:compile
[DEBUG]    com.sun:clibwrapper_jiio:jar:1.1:compile
[DEBUG]    mysql:mysql-connector-java:jar:5.1.14:compile
[DEBUG]    org.rxtx:rxtx:jar:2.1.7:compile
[DEBUG]    javax.xml.bind:jaxb-api:jar:2.2.11:compile
[DEBUG]    com.sun.xml.bind:jaxb-core:jar:2.2.11:compile
[DEBUG]    com.sun.xml.bind:jaxb-impl:jar:2.2.11:compile
[DEBUG]    javax.activation:activation:jar:1.1.1:compile
[DEBUG]    dcm4che:dcm4che-core:jar:2.0.26:compile
[DEBUG]    dcm4che:dcm4che-imageio:jar:2.0.26:compile
[DEBUG]       dcm4che:dcm4che-image:jar:2.0.26:compile
[DEBUG]    org.apache.poi:poi:jar:3.7:compile
[DEBUG]    org.apache.poi:poi-ooxml:jar:3.7:compile
[DEBUG]       org.apache.poi:poi-ooxml-schemas:jar:3.7:compile
[DEBUG]          org.apache.xmlbeans:xmlbeans:jar:2.3.0:compile
[DEBUG]             stax:stax-api:jar:1.0.1:compile
[DEBUG]          org.apache.geronimo.specs:geronimo-stax-api_1.0_spec:jar:1.0:compile
[DEBUG]       dom4j:dom4j:jar:1.6.1:compile
[DEBUG]    org.slf4j:slf4j-api:jar:1.6.4:compile
[DEBUG]    org.slf4j:slf4j-log4j12:jar:1.6.4:compile
[DEBUG]       log4j:log4j:jar:1.2.16:compile
[DEBUG]    org.igniterealtime.smack:smack:jar:3.2.1:compile
[DEBUG]    org.igniterealtime.smack:smackx:jar:3.2.1:compile
[DEBUG]    org.hibernate:hibernate-core:jar:4.2.13.Final:compile
[DEBUG]       antlr:antlr:jar:2.7.7:compile
[DEBUG]       org.jboss.logging:jboss-logging:jar:3.1.0.GA:compile
[DEBUG]       org.javassist:javassist:jar:3.18.1-GA:compile
[DEBUG]       org.jboss.spec.javax.transaction:jboss-transaction-api_1.1_spec:jar:1.0.1.Final:compile
[DEBUG]       org.hibernate.common:hibernate-commons-annotations:jar:4.0.2.Final:compile
[DEBUG]    org.hibernate.javax.persistence:hibernate-jpa-2.0-api:jar:1.0.1.Final:compile
[DEBUG]    org.hibernate:hibernate-entitymanager:jar:4.2.5.Final:compile
[DEBUG]    org.hibernate:hibernate-c3p0:jar:4.2.13.Final:compile
[DEBUG]       com.mchange:c3p0:jar:0.9.2.1:compile
[DEBUG]          com.mchange:mchange-commons-java:jar:0.2.3.4:compile
[DEBUG]    javax.validation:validation-api:jar:1.1.0.Final:compile
[DEBUG]    org.imgscalr:imgscalr-lib:jar:4.2:compile
[DEBUG]    org.springframework:spring-orm:jar:4.3.18.RELEASE:compile
[DEBUG]       org.springframework:spring-jdbc:jar:4.3.18.RELEASE:compile
[DEBUG]    org.springframework:spring-beans:jar:4.3.18.RELEASE:compile
[DEBUG]    org.springframework:spring-context:jar:4.3.18.RELEASE:compile
[DEBUG]       org.springframework:spring-aop:jar:4.3.18.RELEASE:compile
[DEBUG]       org.springframework:spring-expression:jar:4.3.18.RELEASE:compile
[DEBUG]    org.springframework:spring-core:jar:4.3.18.RELEASE:compile
[DEBUG]    org.springframework:spring-test:jar:4.3.18.RELEASE:test
[DEBUG]    org.springframework:spring-tx:jar:4.3.18.RELEASE:compile
[DEBUG]    org.springframework.data:spring-data-jpa:jar:1.11.23.RELEASE:compile
[DEBUG]       org.springframework.data:spring-data-commons:jar:1.13.23.RELEASE:compile
[DEBUG]       org.aspectj:aspectjrt:jar:1.8.13:compile
[DEBUG]       org.slf4j:jcl-over-slf4j:jar:1.7.25:runtime
[DEBUG]    org.springframework.boot:spring-boot-test:jar:1.4.0.RELEASE:test
[DEBUG]       org.springframework.boot:spring-boot:jar:1.4.0.RELEASE:test
[DEBUG]    org.aspectj:aspectjweaver:jar:1.8.13:compile
[DEBUG]    org.springframework.boot:spring-boot-starter-test:jar:1.4.0.RELEASE:test
[DEBUG]       org.springframework.boot:spring-boot-test-autoconfigure:jar:1.4.0.RELEASE:test
[DEBUG]          org.springframework.boot:spring-boot-autoconfigure:jar:1.4.0.RELEASE:test
[DEBUG]       com.jayway.jsonpath:json-path:jar:2.2.0:test
[DEBUG]          net.minidev:json-smart:jar:2.2.1:test
[DEBUG]             net.minidev:accessors-smart:jar:1.1:test
[DEBUG]                org.ow2.asm:asm:jar:5.0.3:test
[DEBUG]       org.assertj:assertj-core:jar:2.5.0:test
[DEBUG]       org.mockito:mockito-core:jar:1.10.19:test
[DEBUG]          org.objenesis:objenesis:jar:2.1:test
[DEBUG]       org.hamcrest:hamcrest-library:jar:1.3:test
[DEBUG]       org.skyscreamer:jsonassert:jar:1.3.0:test
[DEBUG]          org.json:json:jar:20090211:test
[DEBUG]    org.springframework:spring-aspects:jar:4.3.18.RELEASE:compile
[INFO] 
[INFO] --- maven-resources-plugin:2.7:copy-resources (copy-resources) @ OH-core ---
[DEBUG] Created new class realm maven.api
[DEBUG] Importing foreign packages into class realm maven.api
[DEBUG]   Imported: org.apache.maven.cli < plexus.core
[DEBUG]   Imported: org.eclipse.aether.internal.impl < plexus.core
[DEBUG]   Imported: org.codehaus.plexus.lifecycle < plexus.core
[DEBUG]   Imported: org.apache.maven.lifecycle < plexus.core
[DEBUG]   Imported: org.apache.maven.repository < plexus.core
[DEBUG]   Imported: org.codehaus.plexus.personality < plexus.core
[DEBUG]   Imported: org.apache.maven.usability < plexus.core
[DEBUG]   Imported: org.codehaus.plexus.configuration < plexus.core
[DEBUG]   Imported: javax.enterprise.inject.* < plexus.core
[DEBUG]   Imported: org.apache.maven.* < plexus.core
[DEBUG]   Imported: org.apache.maven.project < plexus.core
[DEBUG]   Imported: org.apache.maven.exception < plexus.core
[DEBUG]   Imported: org.eclipse.aether.spi < plexus.core
[DEBUG]   Imported: org.apache.maven.plugin < plexus.core
[DEBUG]   Imported: org.eclipse.aether.collection < plexus.core
[DEBUG]   Imported: org.codehaus.plexus.* < plexus.core
[DEBUG]   Imported: org.codehaus.plexus.logging < plexus.core
[DEBUG]   Imported: org.apache.maven.profiles < plexus.core
[DEBUG]   Imported: org.eclipse.aether.transfer < plexus.core
[DEBUG]   Imported: org.codehaus.plexus.util.xml.pull.XmlPullParserException < plexus.core
[DEBUG]   Imported: org.apache.maven.execution.scope < plexus.core
[DEBUG]   Imported: org.apache.maven.wagon.* < plexus.core
[DEBUG]   Imported: org.apache.maven.rtinfo < plexus.core
[DEBUG]   Imported: org.eclipse.aether.impl < plexus.core
[DEBUG]   Imported: org.apache.maven.monitor < plexus.core
[DEBUG]   Imported: org.eclipse.aether.graph < plexus.core
[DEBUG]   Imported: org.eclipse.aether.metadata < plexus.core
[DEBUG]   Imported: org.codehaus.plexus.context < plexus.core
[DEBUG]   Imported: org.apache.maven.wagon.observers < plexus.core
[DEBUG]   Imported: org.apache.maven.wagon.resource < plexus.core
[DEBUG]   Imported: javax.inject.* < plexus.core
[DEBUG]   Imported: org.apache.maven.model < plexus.core
[DEBUG]   Imported: org.codehaus.plexus.util.xml.Xpp3Dom < plexus.core
[DEBUG]   Imported: org.eclipse.aether.deployment < plexus.core
[DEBUG]   Imported: org.apache.maven.artifact < plexus.core
[DEBUG]   Imported: org.apache.maven.toolchain < plexus.core
[DEBUG]   Imported: org.eclipse.aether.resolution < plexus.core
[DEBUG]   Imported: org.codehaus.plexus.util.xml.pull.XmlSerializer < plexus.core
[DEBUG]   Imported: org.apache.maven.settings < plexus.core
[DEBUG]   Imported: org.apache.maven.wagon.authorization < plexus.core
[DEBUG]   Imported: org.apache.maven.wagon.events < plexus.core
[DEBUG]   Imported: org.apache.maven.wagon.authentication < plexus.core
[DEBUG]   Imported: org.apache.maven.reporting < plexus.core
[DEBUG]   Imported: org.eclipse.aether.repository < plexus.core
[DEBUG]   Imported: org.slf4j.* < plexus.core
[DEBUG]   Imported: org.apache.maven.wagon.repository < plexus.core
[DEBUG]   Imported: javax.enterprise.util.* < plexus.core
[DEBUG]   Imported: org.apache.maven.configuration < plexus.core
[DEBUG]   Imported: org.codehaus.plexus.classworlds < plexus.core
[DEBUG]   Imported: org.codehaus.classworlds < plexus.core
[DEBUG]   Imported: org.codehaus.plexus.util.xml.pull.XmlPullParser < plexus.core
[DEBUG]   Imported: org.apache.maven.classrealm < plexus.core
[DEBUG]   Imported: org.eclipse.aether.* < plexus.core
[DEBUG]   Imported: org.eclipse.aether.artifact < plexus.core
[DEBUG]   Imported: org.apache.maven.execution < plexus.core
[DEBUG]   Imported: org.apache.maven.wagon.proxy < plexus.core
[DEBUG]   Imported: org.codehaus.plexus.container < plexus.core
[DEBUG]   Imported: org.eclipse.aether.version < plexus.core
[DEBUG]   Imported: org.eclipse.aether.installation < plexus.core
[DEBUG]   Imported: org.codehaus.plexus.component < plexus.core
[DEBUG] Populating class realm maven.api
[DEBUG] Dependency collection stats: {ConflictMarker.analyzeTime=4, ConflictMarker.markTime=0, ConflictMarker.nodeCount=143, ConflictIdSorter.graphTime=1, ConflictIdSorter.topsortTime=0, ConflictIdSorter.conflictIdCount=36, ConflictIdSorter.conflictIdCycleCount=0, ConflictResolver.totalTime=2, ConflictResolver.conflictItemCount=88, DefaultDependencyCollector.collectTime=953, DefaultDependencyCollector.transformTime=7}
[DEBUG] org.apache.maven.plugins:maven-resources-plugin:jar:2.7:
[DEBUG]    org.apache.maven:maven-plugin-api:jar:2.2.1:compile
[DEBUG]    org.apache.maven:maven-project:jar:2.2.1:compile
[DEBUG]       org.apache.maven:maven-profile:jar:2.2.1:compile
[DEBUG]       org.apache.maven:maven-artifact-manager:jar:2.2.1:compile
[DEBUG]          backport-util-concurrent:backport-util-concurrent:jar:3.1:compile
[DEBUG]       org.apache.maven:maven-plugin-registry:jar:2.2.1:compile
[DEBUG]       org.codehaus.plexus:plexus-container-default:jar:1.0-alpha-9-stable-1:compile
[DEBUG]          junit:junit:jar:3.8.1:compile
[DEBUG]    org.apache.maven:maven-core:jar:2.2.1:compile
[DEBUG]       org.apache.maven:maven-plugin-parameter-documenter:jar:2.2.1:compile
[DEBUG]       org.slf4j:slf4j-jdk14:jar:1.5.6:runtime
[DEBUG]          org.slf4j:slf4j-api:jar:1.5.6:runtime
[DEBUG]       org.slf4j:jcl-over-slf4j:jar:1.5.6:runtime
[DEBUG]       org.apache.maven.reporting:maven-reporting-api:jar:2.2.1:compile
[DEBUG]          org.apache.maven.doxia:doxia-sink-api:jar:1.1:compile
[DEBUG]          org.apache.maven.doxia:doxia-logging-api:jar:1.1:compile
[DEBUG]       org.apache.maven:maven-repository-metadata:jar:2.2.1:compile
[DEBUG]       org.apache.maven:maven-error-diagnostics:jar:2.2.1:compile
[DEBUG]       commons-cli:commons-cli:jar:1.2:compile
[DEBUG]       org.apache.maven:maven-plugin-descriptor:jar:2.2.1:compile
[DEBUG]       org.codehaus.plexus:plexus-interactivity-api:jar:1.0-alpha-4:compile
[DEBUG]       classworlds:classworlds:jar:1.1:compile
[DEBUG]       org.sonatype.plexus:plexus-sec-dispatcher:jar:1.3:compile
[DEBUG]          org.sonatype.plexus:plexus-cipher:jar:1.4:compile
[DEBUG]    org.apache.maven:maven-artifact:jar:2.2.1:compile
[DEBUG]    org.apache.maven:maven-settings:jar:2.2.1:compile
[DEBUG]    org.apache.maven:maven-model:jar:2.2.1:compile
[DEBUG]    org.apache.maven:maven-monitor:jar:2.2.1:compile
[DEBUG]    org.codehaus.plexus:plexus-utils:jar:3.0.15:compile
[DEBUG]    org.apache.maven.shared:maven-filtering:jar:1.2:compile
[DEBUG]       org.apache.maven.shared:maven-shared-utils:jar:0.3:compile
[DEBUG]          com.google.code.findbugs:jsr305:jar:2.0.1:compile
[DEBUG]       org.sonatype.plexus:plexus-build-api:jar:0.0.4:compile
[DEBUG]    org.codehaus.plexus:plexus-interpolation:jar:1.19:compile
[DEBUG] Created new class realm plugin>org.apache.maven.plugins:maven-resources-plugin:2.7
[DEBUG] Importing foreign packages into class realm plugin>org.apache.maven.plugins:maven-resources-plugin:2.7
[DEBUG]   Imported:  < maven.api
[DEBUG] Populating class realm plugin>org.apache.maven.plugins:maven-resources-plugin:2.7
[DEBUG]   Included: org.apache.maven.plugins:maven-resources-plugin:jar:2.7
[DEBUG]   Included: backport-util-concurrent:backport-util-concurrent:jar:3.1
[DEBUG]   Included: junit:junit:jar:3.8.1
[DEBUG]   Included: org.slf4j:slf4j-jdk14:jar:1.5.6
[DEBUG]   Included: org.slf4j:slf4j-api:jar:1.5.6
[DEBUG]   Included: org.slf4j:jcl-over-slf4j:jar:1.5.6
[DEBUG]   Included: org.apache.maven.reporting:maven-reporting-api:jar:2.2.1
[DEBUG]   Included: org.apache.maven.doxia:doxia-sink-api:jar:1.1
[DEBUG]   Included: org.apache.maven.doxia:doxia-logging-api:jar:1.1
[DEBUG]   Included: commons-cli:commons-cli:jar:1.2
[DEBUG]   Included: org.codehaus.plexus:plexus-interactivity-api:jar:1.0-alpha-4
[DEBUG]   Included: org.sonatype.plexus:plexus-sec-dispatcher:jar:1.3
[DEBUG]   Included: org.sonatype.plexus:plexus-cipher:jar:1.4
[DEBUG]   Included: org.codehaus.plexus:plexus-utils:jar:3.0.15
[DEBUG]   Included: org.apache.maven.shared:maven-filtering:jar:1.2
[DEBUG]   Included: org.apache.maven.shared:maven-shared-utils:jar:0.3
[DEBUG]   Included: com.google.code.findbugs:jsr305:jar:2.0.1
[DEBUG]   Included: org.sonatype.plexus:plexus-build-api:jar:0.0.4
[DEBUG]   Included: org.codehaus.plexus:plexus-interpolation:jar:1.19
[DEBUG]   Excluded: org.apache.maven:maven-plugin-api:jar:2.2.1
[DEBUG]   Excluded: org.apache.maven:maven-project:jar:2.2.1
[DEBUG]   Excluded: org.apache.maven:maven-profile:jar:2.2.1
[DEBUG]   Excluded: org.apache.maven:maven-artifact-manager:jar:2.2.1
[DEBUG]   Excluded: org.apache.maven:maven-plugin-registry:jar:2.2.1
[DEBUG]   Excluded: org.codehaus.plexus:plexus-container-default:jar:1.0-alpha-9-stable-1
[DEBUG]   Excluded: org.apache.maven:maven-core:jar:2.2.1
[DEBUG]   Excluded: org.apache.maven:maven-plugin-parameter-documenter:jar:2.2.1
[DEBUG]   Excluded: org.apache.maven:maven-repository-metadata:jar:2.2.1
[DEBUG]   Excluded: org.apache.maven:maven-error-diagnostics:jar:2.2.1
[DEBUG]   Excluded: org.apache.maven:maven-plugin-descriptor:jar:2.2.1
[DEBUG]   Excluded: classworlds:classworlds:jar:1.1
[DEBUG]   Excluded: org.apache.maven:maven-artifact:jar:2.2.1
[DEBUG]   Excluded: org.apache.maven:maven-settings:jar:2.2.1
[DEBUG]   Excluded: org.apache.maven:maven-model:jar:2.2.1
[DEBUG]   Excluded: org.apache.maven:maven-monitor:jar:2.2.1
[DEBUG] Configuring mojo org.apache.maven.plugins:maven-resources-plugin:2.7:copy-resources from plugin realm ClassRealm[plugin>org.apache.maven.plugins:maven-resources-plugin:2.7, parent: jdk.internal.loader.ClassLoaders$AppClassLoader@30946e09]
[DEBUG] Configuring mojo 'org.apache.maven.plugins:maven-resources-plugin:2.7:copy-resources' with basic configurator -->
[DEBUG]   (f) buildFilters = []
[DEBUG]   (f) encoding = UTF-8
[DEBUG]   (f) escapeWindowsPaths = true
[DEBUG]   (s) includeEmptyDirs = false
[DEBUG]   (s) outputDirectory = D:\IDE\git\openhospital-core\target\OpenHospital20\rsc
[DEBUG]   (s) overwrite = false
[DEBUG]   (f) project = MavenProject: org.isf:OH-core:1.10 @ D:\IDE\git\openhospital-core\pom.xml
[DEBUG]   (s) directory = src/main/resources
[DEBUG]   (s) resources = [Resource {targetPath: null, filtering: false, FileSet {directory: src/main/resources, PatternSet [includes: {}, excludes: {}]}}]
[DEBUG]   (f) session = org.apache.maven.execution.MavenSession@350a94ce
[DEBUG]   (f) supportMultiLineFiltering = false
[DEBUG]   (f) useBuildFilters = true
[DEBUG]   (s) useDefaultDelimiters = true
[DEBUG] -- end configuration --
[DEBUG] properties used {env.NUMBER_OF_PROCESSORS=4, env.USERPROFILE=C:\Users\Nanni, java.specification.version=11, sun.cpu.isalist=amd64, sun.arch.data.model=64, env.PROGRAMW6432=C:\Program Files, java.vendor.url=http://java.oracle.com/, env.OS=Windows_NT, env.RUBYOPT=-Eutf-8, spring.framework.version=4.3.18.RELEASE, sun.boot.library.path=D:\IDE\Java\openjdk-11u-11.0.4_11\bin, sun.java.command=org.codehaus.plexus.classworlds.launcher.Launcher test -X, env.SYSTEMROOT=C:\WINDOWS, jdk.debug=release, maven.version=3.2.5, java.specification.vendor=Oracle Corporation, java.version.date=2019-07-16, java.home=D:\IDE\Java\openjdk-11u-11.0.4_11, java.specification.name=Java Platform API Specification, java.vm.specification.vendor=Oracle Corporation, env.DOCKER_HOST=tcp://192.168.99.101:2376, env.LOCALAPPDATA=C:\Users\Nanni\AppData\Local, env.USERDOMAIN_ROAMINGPROFILE=DESKTOP-G3JG4A8, user.script=, sun.management.compiler=HotSpot 64-Bit Tiered Compilers, java.runtime.version=11.0.4+11, env.PATH=D:/IDE/Java/openjdk-11u-11.0.4_11/bin/server;D:/IDE/Java/openjdk-11u-11.0.4_11/bin;C:\Program Files (x86)\PHP\PHP5\;C:\Windows\System32;C:\Windows;C:\Windows\System32\wbem;C:\Windows\System32\WindowsPowerShell\v1.0\;C:\Program Files\MySQL\MySQL Utilities 1.6\;D:\IDE\Java\openjdk-11u-11.0.4_11\bin;C:\Program Files\Apache24\bin;C:\Program Files\Apache24;C:\Program Files\MySQL\MySQL Server 5.7\bin;C:\Program Files\Git\bin;C:\Program Files\Python\Python2.7.8;C:\Program Files\Microsoft Network Monitor 3\;C:\Windows\System32\OpenSSH\;C:\Program Files (x86)\GnuPG\bin;C:\Program Files\nodejs\;D:\IDE\apache-maven-3.2.5\bin;C:\Program Files\dotnet\;C:\Ruby25-x64\bin;D:\IDE\Python36\Scripts\;D:\IDE\Python36\;C:\Users\Nanni\AppData\Local\Microsoft\WindowsApps;C:\Users\Nanni\AppData\Local\GitHubDesktop\bin;C:\Program Files\Docker Toolbox;C:\Users\Nanni\AppData\Roaming\npm;C:\Users\Nanni\AppData\Local\atom\bin;C:\Users\Nanni\AppData\Local\Microsoft\WindowsApps;C:\Users\Nanni\AppData\Local\Google\Cloud SDK\google-cloud-sdk\bin;C:\Program Files (x86)\Google\google_appengine\;D:\IDE\Eclipse-java-latest-released\eclipse;, env.PUBLIC=C:\Users\Public, env.COMMONPROGRAMW6432=C:\Program Files\Common Files, file.encoding=Cp1252, java.vendor.version=18.9, env.COMPUTERNAME=DESKTOP-G3JG4A8, env.HOMEPATH=\Users\Nanni, env.APPDATA=C:\Users\Nanni\AppData\Roaming, java.io.tmpdir=C:\Users\Nanni\AppData\Local\Temp\, java.version=11.0.4, java.vm.specification.name=Java Virtual Machine Specification, java.awt.printerjob=sun.awt.windows.WPrinterJob, org.slf4j.simpleLogger.defaultLogLevel=debug, java.library.path=D:\IDE\Java\openjdk-11u-11.0.4_11\bin;C:\WINDOWS\Sun\Java\bin;C:\WINDOWS\system32;C:\WINDOWS;D:/IDE/Java/openjdk-11u-11.0.4_11/bin/server;D:/IDE/Java/openjdk-11u-11.0.4_11/bin;C:\Program Files (x86)\PHP\PHP5\;C:\Windows\System32;C:\Windows;C:\Windows\System32\wbem;C:\Windows\System32\WindowsPowerShell\v1.0\;C:\Program Files\MySQL\MySQL Utilities 1.6\;D:\IDE\Java\openjdk-11u-11.0.4_11\bin;C:\Program Files\Apache24\bin;C:\Program Files\Apache24;C:\Program Files\MySQL\MySQL Server 5.7\bin;C:\Program Files\Git\bin;C:\Program Files\Python\Python2.7.8;C:\Program Files\Microsoft Network Monitor 3\;C:\Windows\System32\OpenSSH\;C:\Program Files (x86)\GnuPG\bin;C:\Program Files\nodejs\;D:\IDE\apache-maven-3.2.5\bin;C:\Program Files\dotnet\;C:\Ruby25-x64\bin;D:\IDE\Python36\Scripts\;D:\IDE\Python36\;C:\Users\Nanni\AppData\Local\Microsoft\WindowsApps;C:\Users\Nanni\AppData\Local\GitHubDesktop\bin;C:\Program Files\Docker Toolbox;C:\Users\Nanni\AppData\Roaming\npm;C:\Users\Nanni\AppData\Local\atom\bin;C:\Users\Nanni\AppData\Local\Microsoft\WindowsApps;C:\Users\Nanni\AppData\Local\Google\Cloud SDK\google-cloud-sdk\bin;C:\Program Files (x86)\Google\google_appengine\;D:\IDE\Eclipse-java-latest-released\eclipse;;., java.vendor=Oracle Corporation, env.ERROR_CODE=0, classworlds.conf=D:\IDE\apache-maven-3.2.5\bin\..\bin\m2.conf, sun.io.unicode.encoding=UnicodeLittle, sun.desktop=windows, user.timezone=Europe/Paris, env.MAVEN_JAVA_EXE=""D:\IDE\Java\openjdk-11u-11.0.4_11"\bin\java.exe", os.name=Windows 10, java.vm.specification.version=11, env.=EXITCODE=00000001, user.home=C:\Users\Nanni, env.JRE_HOME=D:\IDE\Java\openjdk-11u-11.0.4_11\bin, env.ALLUSERSPROFILE=C:\ProgramData, env.DOCKER_MACHINE_NAME=default, env.SESSIONNAME=Console, java.awt.graphicsenv=sun.awt.Win32GraphicsEnvironment, env.DOCKER_CERT_PATH=C:\Users\Nanni\.docker\machine\machines\default, env.PYTHONPATH=C:\Program Files\Python\Python2.7.8, env.DOCKER_TLS_VERIFY=1, path.separator=;, os.version=10.0, env.CLASSWORLDS_LAUNCHER=org.codehaus.plexus.classworlds.launcher.Launcher, env.PATHEXT=.COM;.EXE;.BAT;.CMD;.VBS;.VBE;.JS;.JSE;.WSF;.WSH;.MSC;.RB;.RBW, java.vm.name=OpenJDK 64-Bit Server VM, env.M2_HOME=D:\IDE\apache-maven-3.2.5\bin\.., env.USERNAME=Nanni, os.arch=amd64, java.vm.info=mixed mode, env.TEMP=C:\Users\Nanni\AppData\Local\Temp, java.class.version=55.0, awt.toolkit=sun.awt.windows.WToolkit, env.ONEDRIVE=C:\Users\Nanni\OneDrive, sun.jnu.encoding=Cp1252, maven.build.version=Apache Maven 3.2.5 (12a6b3acb947671f09b81f49094c53f426d8cea1; 2014-12-14T18:29:23+01:00), maven.home=D:\IDE\apache-maven-3.2.5\bin\.., sun.stderr.encoding=cp850, env.JAVA_HOME="D:\IDE\Java\openjdk-11u-11.0.4_11", env.PROGRAMFILES=C:\Program Files, file.separator=\, java.vm.compressedOopsMode=Zero based, env.CLASSWORLDS_JAR="D:\IDE\apache-maven-3.2.5\bin\..\boot\plexus-classworlds-2.5.2.jar", line.separator=
, env.PROMPT=$P$G, env.PROCESSOR_REVISION=3d04, env.PROCESSOR_IDENTIFIER=Intel64 Family 6 Model 61 Stepping 4, GenuineIntel, env.PROGRAMDATA=C:\ProgramData, user.name=Nanni, env.DRIVERDATA=C:\Windows\System32\Drivers\DriverData, env.SYSTEMDRIVE=C:, env.VBOX_MSI_INSTALL_PATH=C:\Program Files\Oracle\VirtualBox\, env.PROGRAMFILES(X86)=C:\Program Files (x86), env.PROCESSOR_LEVEL=6, env.HOMEDRIVE=C:, env.PSMODULEPATH=C:\Users\Nanni\Documents\WindowsPowerShell\Modules;C:\Users\Nanni\AppData\Local\Google\Cloud SDK\google-cloud-sdk\platform\PowerShell, env.TMP=C:\Users\Nanni\AppData\Local\Temp, sun.os.patch.level=, env.TMPDIR=C:\Users\Public\Documents\Wondershare\CreatorTemp, env.LOGONSERVER=\\DESKTOP-G3JG4A8, env.WINDIR=C:\WINDOWS, java.class.path=D:\IDE\apache-maven-3.2.5\bin\..\boot\plexus-classworlds-2.5.2.jar, env.HOME=C:\Users\Nanni, java.vm.vendor=Oracle Corporation, env.PROCESSOR_ARCHITECTURE=AMD64, user.variant=, env.COMMONPROGRAMFILES=C:\Program Files\Common Files, sun.java.launcher=SUN_STANDARD, user.country=ES, env.PHPRC=C:\Program Files (x86)\PHP\PHP5\, env.USERDOMAIN=DESKTOP-G3JG4A8, env.COMSPEC=C:\WINDOWS\system32\cmd.exe, sun.cpu.endian=little, user.language=es, env.COMPOSE_CONVERT_WINDOWS_PATHS=true, env.DOCKER_TOOLBOX_INSTALL_PATH=C:\Program Files\Docker Toolbox, env.=C:=C:\, java.runtime.name=OpenJDK Runtime Environment, project.build.sourceEncoding=UTF-8, env.COMMONPROGRAMFILES(X86)=C:\Program Files (x86)\Common Files, env.MAVEN_CMD_LINE_ARGS=test -X, java.vendor.url.bug=http://bugreport.java.com/bugreport/, env.NO_PROXY=192.168.99.100,192.168.99.101, user.dir=D:\IDE\git\openhospital-core, env.ONEDRIVECONSUMER=C:\Users\Nanni\OneDrive, env.=D:=D:\IDE\git\openhospital-core, java.vm.version=11.0.4+11}
[INFO] Using 'UTF-8' encoding to copy filtered resources.
[DEBUG] resource with targetPath null
directory src/main/resources
excludes []
includes []
[DEBUG] ignoreDelta true
[INFO] Copying 4 resources
[DEBUG] file applicationContext.xml has a filtered file extension
[DEBUG] copy D:\IDE\git\openhospital-core\src\main\resources\applicationContext.xml to D:\IDE\git\openhospital-core\target\OpenHospital20\rsc\applicationContext.xml
[DEBUG] file database.properties has a filtered file extension
[DEBUG] copy D:\IDE\git\openhospital-core\src\main\resources\database.properties to D:\IDE\git\openhospital-core\target\OpenHospital20\rsc\database.properties
[DEBUG] file database.properties.sample has a filtered file extension
[DEBUG] copy D:\IDE\git\openhospital-core\src\main\resources\database.properties.sample to D:\IDE\git\openhospital-core\target\OpenHospital20\rsc\database.properties.sample
[DEBUG] file log4j.properties has a filtered file extension
[DEBUG] copy D:\IDE\git\openhospital-core\src\main\resources\log4j.properties to D:\IDE\git\openhospital-core\target\OpenHospital20\rsc\log4j.properties
[DEBUG] no use filter components
[INFO] 
[INFO] --- maven-resources-plugin:2.7:copy-resources (copy-lib) @ OH-core ---
[DEBUG] Configuring mojo org.apache.maven.plugins:maven-resources-plugin:2.7:copy-resources from plugin realm ClassRealm[plugin>org.apache.maven.plugins:maven-resources-plugin:2.7, parent: jdk.internal.loader.ClassLoaders$AppClassLoader@30946e09]
[DEBUG] Configuring mojo 'org.apache.maven.plugins:maven-resources-plugin:2.7:copy-resources' with basic configurator -->
[DEBUG]   (f) buildFilters = []
[DEBUG]   (f) encoding = UTF-8
[DEBUG]   (f) escapeWindowsPaths = true
[DEBUG]   (s) includeEmptyDirs = false
[DEBUG]   (s) outputDirectory = D:\IDE\git\openhospital-core\target\OpenHospital20\lib
[DEBUG]   (s) overwrite = false
[DEBUG]   (f) project = MavenProject: org.isf:OH-core:1.10 @ D:\IDE\git\openhospital-core\pom.xml
[DEBUG]   (s) directory = lib
[DEBUG]   (s) resources = [Resource {targetPath: null, filtering: false, FileSet {directory: lib, PatternSet [includes: {}, excludes: {}]}}]
[DEBUG]   (f) session = org.apache.maven.execution.MavenSession@350a94ce
[DEBUG]   (f) supportMultiLineFiltering = false
[DEBUG]   (f) useBuildFilters = true
[DEBUG]   (s) useDefaultDelimiters = true
[DEBUG] -- end configuration --
[DEBUG] properties used {env.NUMBER_OF_PROCESSORS=4, env.USERPROFILE=C:\Users\Nanni, java.specification.version=11, sun.cpu.isalist=amd64, sun.arch.data.model=64, env.PROGRAMW6432=C:\Program Files, java.vendor.url=http://java.oracle.com/, env.OS=Windows_NT, env.RUBYOPT=-Eutf-8, spring.framework.version=4.3.18.RELEASE, sun.boot.library.path=D:\IDE\Java\openjdk-11u-11.0.4_11\bin, sun.java.command=org.codehaus.plexus.classworlds.launcher.Launcher test -X, env.SYSTEMROOT=C:\WINDOWS, jdk.debug=release, maven.version=3.2.5, java.specification.vendor=Oracle Corporation, java.version.date=2019-07-16, java.home=D:\IDE\Java\openjdk-11u-11.0.4_11, java.specification.name=Java Platform API Specification, java.vm.specification.vendor=Oracle Corporation, env.DOCKER_HOST=tcp://192.168.99.101:2376, env.LOCALAPPDATA=C:\Users\Nanni\AppData\Local, env.USERDOMAIN_ROAMINGPROFILE=DESKTOP-G3JG4A8, user.script=, sun.management.compiler=HotSpot 64-Bit Tiered Compilers, java.runtime.version=11.0.4+11, env.PATH=D:/IDE/Java/openjdk-11u-11.0.4_11/bin/server;D:/IDE/Java/openjdk-11u-11.0.4_11/bin;C:\Program Files (x86)\PHP\PHP5\;C:\Windows\System32;C:\Windows;C:\Windows\System32\wbem;C:\Windows\System32\WindowsPowerShell\v1.0\;C:\Program Files\MySQL\MySQL Utilities 1.6\;D:\IDE\Java\openjdk-11u-11.0.4_11\bin;C:\Program Files\Apache24\bin;C:\Program Files\Apache24;C:\Program Files\MySQL\MySQL Server 5.7\bin;C:\Program Files\Git\bin;C:\Program Files\Python\Python2.7.8;C:\Program Files\Microsoft Network Monitor 3\;C:\Windows\System32\OpenSSH\;C:\Program Files (x86)\GnuPG\bin;C:\Program Files\nodejs\;D:\IDE\apache-maven-3.2.5\bin;C:\Program Files\dotnet\;C:\Ruby25-x64\bin;D:\IDE\Python36\Scripts\;D:\IDE\Python36\;C:\Users\Nanni\AppData\Local\Microsoft\WindowsApps;C:\Users\Nanni\AppData\Local\GitHubDesktop\bin;C:\Program Files\Docker Toolbox;C:\Users\Nanni\AppData\Roaming\npm;C:\Users\Nanni\AppData\Local\atom\bin;C:\Users\Nanni\AppData\Local\Microsoft\WindowsApps;C:\Users\Nanni\AppData\Local\Google\Cloud SDK\google-cloud-sdk\bin;C:\Program Files (x86)\Google\google_appengine\;D:\IDE\Eclipse-java-latest-released\eclipse;, env.PUBLIC=C:\Users\Public, env.COMMONPROGRAMW6432=C:\Program Files\Common Files, file.encoding=Cp1252, java.vendor.version=18.9, env.COMPUTERNAME=DESKTOP-G3JG4A8, env.HOMEPATH=\Users\Nanni, env.APPDATA=C:\Users\Nanni\AppData\Roaming, java.io.tmpdir=C:\Users\Nanni\AppData\Local\Temp\, java.version=11.0.4, java.vm.specification.name=Java Virtual Machine Specification, java.awt.printerjob=sun.awt.windows.WPrinterJob, org.slf4j.simpleLogger.defaultLogLevel=debug, java.library.path=D:\IDE\Java\openjdk-11u-11.0.4_11\bin;C:\WINDOWS\Sun\Java\bin;C:\WINDOWS\system32;C:\WINDOWS;D:/IDE/Java/openjdk-11u-11.0.4_11/bin/server;D:/IDE/Java/openjdk-11u-11.0.4_11/bin;C:\Program Files (x86)\PHP\PHP5\;C:\Windows\System32;C:\Windows;C:\Windows\System32\wbem;C:\Windows\System32\WindowsPowerShell\v1.0\;C:\Program Files\MySQL\MySQL Utilities 1.6\;D:\IDE\Java\openjdk-11u-11.0.4_11\bin;C:\Program Files\Apache24\bin;C:\Program Files\Apache24;C:\Program Files\MySQL\MySQL Server 5.7\bin;C:\Program Files\Git\bin;C:\Program Files\Python\Python2.7.8;C:\Program Files\Microsoft Network Monitor 3\;C:\Windows\System32\OpenSSH\;C:\Program Files (x86)\GnuPG\bin;C:\Program Files\nodejs\;D:\IDE\apache-maven-3.2.5\bin;C:\Program Files\dotnet\;C:\Ruby25-x64\bin;D:\IDE\Python36\Scripts\;D:\IDE\Python36\;C:\Users\Nanni\AppData\Local\Microsoft\WindowsApps;C:\Users\Nanni\AppData\Local\GitHubDesktop\bin;C:\Program Files\Docker Toolbox;C:\Users\Nanni\AppData\Roaming\npm;C:\Users\Nanni\AppData\Local\atom\bin;C:\Users\Nanni\AppData\Local\Microsoft\WindowsApps;C:\Users\Nanni\AppData\Local\Google\Cloud SDK\google-cloud-sdk\bin;C:\Program Files (x86)\Google\google_appengine\;D:\IDE\Eclipse-java-latest-released\eclipse;;., java.vendor=Oracle Corporation, env.ERROR_CODE=0, classworlds.conf=D:\IDE\apache-maven-3.2.5\bin\..\bin\m2.conf, sun.io.unicode.encoding=UnicodeLittle, sun.desktop=windows, user.timezone=Europe/Paris, env.MAVEN_JAVA_EXE=""D:\IDE\Java\openjdk-11u-11.0.4_11"\bin\java.exe", os.name=Windows 10, java.vm.specification.version=11, env.=EXITCODE=00000001, user.home=C:\Users\Nanni, env.JRE_HOME=D:\IDE\Java\openjdk-11u-11.0.4_11\bin, env.ALLUSERSPROFILE=C:\ProgramData, env.DOCKER_MACHINE_NAME=default, env.SESSIONNAME=Console, java.awt.graphicsenv=sun.awt.Win32GraphicsEnvironment, env.DOCKER_CERT_PATH=C:\Users\Nanni\.docker\machine\machines\default, env.PYTHONPATH=C:\Program Files\Python\Python2.7.8, env.DOCKER_TLS_VERIFY=1, path.separator=;, os.version=10.0, env.CLASSWORLDS_LAUNCHER=org.codehaus.plexus.classworlds.launcher.Launcher, env.PATHEXT=.COM;.EXE;.BAT;.CMD;.VBS;.VBE;.JS;.JSE;.WSF;.WSH;.MSC;.RB;.RBW, java.vm.name=OpenJDK 64-Bit Server VM, env.M2_HOME=D:\IDE\apache-maven-3.2.5\bin\.., env.USERNAME=Nanni, os.arch=amd64, java.vm.info=mixed mode, env.TEMP=C:\Users\Nanni\AppData\Local\Temp, java.class.version=55.0, awt.toolkit=sun.awt.windows.WToolkit, env.ONEDRIVE=C:\Users\Nanni\OneDrive, sun.jnu.encoding=Cp1252, maven.build.version=Apache Maven 3.2.5 (12a6b3acb947671f09b81f49094c53f426d8cea1; 2014-12-14T18:29:23+01:00), maven.home=D:\IDE\apache-maven-3.2.5\bin\.., sun.stderr.encoding=cp850, env.JAVA_HOME="D:\IDE\Java\openjdk-11u-11.0.4_11", env.PROGRAMFILES=C:\Program Files, file.separator=\, java.vm.compressedOopsMode=Zero based, env.CLASSWORLDS_JAR="D:\IDE\apache-maven-3.2.5\bin\..\boot\plexus-classworlds-2.5.2.jar", line.separator=
, env.PROMPT=$P$G, env.PROCESSOR_REVISION=3d04, env.PROCESSOR_IDENTIFIER=Intel64 Family 6 Model 61 Stepping 4, GenuineIntel, env.PROGRAMDATA=C:\ProgramData, user.name=Nanni, env.DRIVERDATA=C:\Windows\System32\Drivers\DriverData, env.SYSTEMDRIVE=C:, env.VBOX_MSI_INSTALL_PATH=C:\Program Files\Oracle\VirtualBox\, env.PROGRAMFILES(X86)=C:\Program Files (x86), env.PROCESSOR_LEVEL=6, env.HOMEDRIVE=C:, env.PSMODULEPATH=C:\Users\Nanni\Documents\WindowsPowerShell\Modules;C:\Users\Nanni\AppData\Local\Google\Cloud SDK\google-cloud-sdk\platform\PowerShell, env.TMP=C:\Users\Nanni\AppData\Local\Temp, sun.os.patch.level=, env.TMPDIR=C:\Users\Public\Documents\Wondershare\CreatorTemp, env.LOGONSERVER=\\DESKTOP-G3JG4A8, env.WINDIR=C:\WINDOWS, java.class.path=D:\IDE\apache-maven-3.2.5\bin\..\boot\plexus-classworlds-2.5.2.jar, env.HOME=C:\Users\Nanni, java.vm.vendor=Oracle Corporation, env.PROCESSOR_ARCHITECTURE=AMD64, user.variant=, env.COMMONPROGRAMFILES=C:\Program Files\Common Files, sun.java.launcher=SUN_STANDARD, user.country=ES, env.PHPRC=C:\Program Files (x86)\PHP\PHP5\, env.USERDOMAIN=DESKTOP-G3JG4A8, env.COMSPEC=C:\WINDOWS\system32\cmd.exe, sun.cpu.endian=little, user.language=es, env.COMPOSE_CONVERT_WINDOWS_PATHS=true, env.DOCKER_TOOLBOX_INSTALL_PATH=C:\Program Files\Docker Toolbox, env.=C:=C:\, java.runtime.name=OpenJDK Runtime Environment, project.build.sourceEncoding=UTF-8, env.COMMONPROGRAMFILES(X86)=C:\Program Files (x86)\Common Files, env.MAVEN_CMD_LINE_ARGS=test -X, java.vendor.url.bug=http://bugreport.java.com/bugreport/, env.NO_PROXY=192.168.99.100,192.168.99.101, user.dir=D:\IDE\git\openhospital-core, env.ONEDRIVECONSUMER=C:\Users\Nanni\OneDrive, env.=D:=D:\IDE\git\openhospital-core, java.vm.version=11.0.4+11}
[INFO] Using 'UTF-8' encoding to copy filtered resources.
[DEBUG] resource with targetPath null
directory lib
excludes []
includes []
[DEBUG] ignoreDelta true
[INFO] Copying 74 resources
[DEBUG] file iText-2.1.7.jar has a filtered file extension
[DEBUG] copy D:\IDE\git\openhospital-core\lib\iText-2.1.7.jar to D:\IDE\git\openhospital-core\target\OpenHospital20\lib\iText-2.1.7.jar
[DEBUG] file libclib_jiio.so has a filtered file extension
[DEBUG] copy D:\IDE\git\openhospital-core\lib\native\Linux\amd64\libclib_jiio.so to D:\IDE\git\openhospital-core\target\OpenHospital20\lib\native\Linux\amd64\libclib_jiio.so
[DEBUG] file librxtxSerial.so has a filtered file extension
[DEBUG] copy D:\IDE\git\openhospital-core\lib\native\Linux\amd64\librxtxSerial.so to D:\IDE\git\openhospital-core\target\OpenHospital20\lib\native\Linux\amd64\librxtxSerial.so
[DEBUG] file libunix-java.so has a filtered file extension
[DEBUG] copy D:\IDE\git\openhospital-core\lib\native\Linux\amd64\libunix-java.so to D:\IDE\git\openhospital-core\target\OpenHospital20\lib\native\Linux\amd64\libunix-java.so
[DEBUG] file libv4l4j.so has a filtered file extension
[DEBUG] copy D:\IDE\git\openhospital-core\lib\native\Linux\amd64\libv4l4j.so to D:\IDE\git\openhospital-core\target\OpenHospital20\lib\native\Linux\amd64\libv4l4j.so
[DEBUG] file libclib_jiio.so has a filtered file extension
[DEBUG] copy D:\IDE\git\openhospital-core\lib\native\Linux\i386\libclib_jiio.so to D:\IDE\git\openhospital-core\target\OpenHospital20\lib\native\Linux\i386\libclib_jiio.so
[DEBUG] file librxtxParallel.so has a filtered file extension
[DEBUG] copy D:\IDE\git\openhospital-core\lib\native\Linux\i386\librxtxParallel.so to D:\IDE\git\openhospital-core\target\OpenHospital20\lib\native\Linux\i386\librxtxParallel.so
[DEBUG] file librxtxSerial.so has a filtered file extension
[DEBUG] copy D:\IDE\git\openhospital-core\lib\native\Linux\i386\librxtxSerial.so to D:\IDE\git\openhospital-core\target\OpenHospital20\lib\native\Linux\i386\librxtxSerial.so
[DEBUG] file libunix-java.so has a filtered file extension
[DEBUG] copy D:\IDE\git\openhospital-core\lib\native\Linux\i386\libunix-java.so to D:\IDE\git\openhospital-core\target\OpenHospital20\lib\native\Linux\i386\libunix-java.so
[DEBUG] file libv4l4j.so has a filtered file extension
[DEBUG] copy D:\IDE\git\openhospital-core\lib\native\Linux\i386\libv4l4j.so to D:\IDE\git\openhospital-core\target\OpenHospital20\lib\native\Linux\i386\libv4l4j.so
[DEBUG] file librxtxSerial.so has a filtered file extension
[DEBUG] copy D:\IDE\git\openhospital-core\lib\native\Linux\ia64\librxtxSerial.so to D:\IDE\git\openhospital-core\target\OpenHospital20\lib\native\Linux\ia64\librxtxSerial.so
[DEBUG] file librxtxSerial.jnilib has a filtered file extension
[DEBUG] copy D:\IDE\git\openhospital-core\lib\native\Mac_OS_X\librxtxSerial.jnilib to D:\IDE\git\openhospital-core\target\OpenHospital20\lib\native\Mac_OS_X\librxtxSerial.jnilib
[DEBUG] file README has a filtered file extension
[DEBUG] copy D:\IDE\git\openhospital-core\lib\native\Mac_OS_X\README to D:\IDE\git\openhospital-core\target\OpenHospital20\lib\native\Mac_OS_X\README
[DEBUG] file libclib_jiio.so has a filtered file extension
[DEBUG] copy D:\IDE\git\openhospital-core\lib\native\solaris\amd64\libclib_jiio.so to D:\IDE\git\openhospital-core\target\OpenHospital20\lib\native\solaris\amd64\libclib_jiio.so
[DEBUG] file libclib_jiio.so has a filtered file extension
[DEBUG] copy D:\IDE\git\openhospital-core\lib\native\solaris\i386\libclib_jiio.so to D:\IDE\git\openhospital-core\target\OpenHospital20\lib\native\solaris\i386\libclib_jiio.so
[DEBUG] file libclib_jiio.so has a filtered file extension
[DEBUG] copy D:\IDE\git\openhospital-core\lib\native\solaris\sparc\libclib_jiio.so to D:\IDE\git\openhospital-core\target\OpenHospital20\lib\native\solaris\sparc\libclib_jiio.so
[DEBUG] file libclib_jiio_vis.so has a filtered file extension
[DEBUG] copy D:\IDE\git\openhospital-core\lib\native\solaris\sparc\libclib_jiio_vis.so to D:\IDE\git\openhospital-core\target\OpenHospital20\lib\native\solaris\sparc\libclib_jiio_vis.so
[DEBUG] file libclib_jiio_vis2.so has a filtered file extension
[DEBUG] copy D:\IDE\git\openhospital-core\lib\native\solaris\sparc\libclib_jiio_vis2.so to D:\IDE\git\openhospital-core\target\OpenHospital20\lib\native\solaris\sparc\libclib_jiio_vis2.so
[DEBUG] file librxtxSerial-2.1-7.so has a filtered file extension
[DEBUG] copy D:\IDE\git\openhospital-core\lib\native\solaris\sparc32-sun-solaris2.8\librxtxSerial-2.1-7.so to D:\IDE\git\openhospital-core\target\OpenHospital20\lib\native\solaris\sparc32-sun-solaris2.8\librxtxSerial-2.1-7.so
[DEBUG] file librxtxSerial.so has a filtered file extension
[DEBUG] copy D:\IDE\git\openhospital-core\lib\native\solaris\sparc32-sun-solaris2.8\librxtxSerial.so to D:\IDE\git\openhospital-core\target\OpenHospital20\lib\native\solaris\sparc32-sun-solaris2.8\librxtxSerial.so
[DEBUG] file librxtxSerial-2.1-7.so has a filtered file extension
[DEBUG] copy D:\IDE\git\openhospital-core\lib\native\solaris\sparc64-sun-solaris2.8\librxtxSerial-2.1-7.so to D:\IDE\git\openhospital-core\target\OpenHospital20\lib\native\solaris\sparc64-sun-solaris2.8\librxtxSerial-2.1-7.so
[DEBUG] file librxtxSerial.so has a filtered file extension
[DEBUG] copy D:\IDE\git\openhospital-core\lib\native\solaris\sparc64-sun-solaris2.8\librxtxSerial.so to D:\IDE\git\openhospital-core\target\OpenHospital20\lib\native\solaris\sparc64-sun-solaris2.8\librxtxSerial.so
[DEBUG] file libclib_jiio.so has a filtered file extension
[DEBUG] copy D:\IDE\git\openhospital-core\lib\native\solaris\sparcv9\libclib_jiio.so to D:\IDE\git\openhospital-core\target\OpenHospital20\lib\native\solaris\sparcv9\libclib_jiio.so
[DEBUG] file libclib_jiio_vis.so has a filtered file extension
[DEBUG] copy D:\IDE\git\openhospital-core\lib\native\solaris\sparcv9\libclib_jiio_vis.so to D:\IDE\git\openhospital-core\target\OpenHospital20\lib\native\solaris\sparcv9\libclib_jiio_vis.so
[DEBUG] file libclib_jiio_vis2.so has a filtered file extension
[DEBUG] copy D:\IDE\git\openhospital-core\lib\native\solaris\sparcv9\libclib_jiio_vis2.so to D:\IDE\git\openhospital-core\target\OpenHospital20\lib\native\solaris\sparcv9\libclib_jiio_vis2.so
[DEBUG] file rxtxSerial.dll has a filtered file extension
[DEBUG] copy D:\IDE\git\openhospital-core\lib\native\Win64\rxtxSerial.dll to D:\IDE\git\openhospital-core\target\OpenHospital20\lib\native\Win64\rxtxSerial.dll
[DEBUG] file clib_jiio.dll has a filtered file extension
[DEBUG] copy D:\IDE\git\openhospital-core\lib\native\Windows\clib_jiio.dll to D:\IDE\git\openhospital-core\target\OpenHospital20\lib\native\Windows\clib_jiio.dll
[DEBUG] file clib_jiio_sse2.dll has a filtered file extension
[DEBUG] copy D:\IDE\git\openhospital-core\lib\native\Windows\clib_jiio_sse2.dll to D:\IDE\git\openhospital-core\target\OpenHospital20\lib\native\Windows\clib_jiio_sse2.dll
[DEBUG] file clib_jiio_util.dll has a filtered file extension
[DEBUG] copy D:\IDE\git\openhospital-core\lib\native\Windows\clib_jiio_util.dll to D:\IDE\git\openhospital-core\target\OpenHospital20\lib\native\Windows\clib_jiio_util.dll
[DEBUG] file glew32.dll has a filtered file extension
[DEBUG] copy D:\IDE\git\openhospital-core\lib\native\Windows\glew32.dll to D:\IDE\git\openhospital-core\target\OpenHospital20\lib\native\Windows\glew32.dll
[DEBUG] file libfontconfig-1.dll has a filtered file extension
[DEBUG] copy D:\IDE\git\openhospital-core\lib\native\Windows\libfontconfig-1.dll to D:\IDE\git\openhospital-core\target\OpenHospital20\lib\native\Windows\libfontconfig-1.dll
[DEBUG] file libfreetype-6.dll has a filtered file extension
[DEBUG] copy D:\IDE\git\openhospital-core\lib\native\Windows\libfreetype-6.dll to D:\IDE\git\openhospital-core\target\OpenHospital20\lib\native\Windows\libfreetype-6.dll
[DEBUG] file libgio-2.0-0.dll has a filtered file extension
[DEBUG] copy D:\IDE\git\openhospital-core\lib\native\Windows\libgio-2.0-0.dll to D:\IDE\git\openhospital-core\target\OpenHospital20\lib\native\Windows\libgio-2.0-0.dll
[DEBUG] file libglib-2.0-0.dll has a filtered file extension
[DEBUG] copy D:\IDE\git\openhospital-core\lib\native\Windows\libglib-2.0-0.dll to D:\IDE\git\openhospital-core\target\OpenHospital20\lib\native\Windows\libglib-2.0-0.dll
[DEBUG] file libgmodule-2.0-0.dll has a filtered file extension
[DEBUG] copy D:\IDE\git\openhospital-core\lib\native\Windows\libgmodule-2.0-0.dll to D:\IDE\git\openhospital-core\target\OpenHospital20\lib\native\Windows\libgmodule-2.0-0.dll
[DEBUG] file libgobject-2.0-0.dll has a filtered file extension
[DEBUG] copy D:\IDE\git\openhospital-core\lib\native\Windows\libgobject-2.0-0.dll to D:\IDE\git\openhospital-core\target\OpenHospital20\lib\native\Windows\libgobject-2.0-0.dll
[DEBUG] file libgstapp-0.10.dll has a filtered file extension
[DEBUG] copy D:\IDE\git\openhospital-core\lib\native\Windows\libgstapp-0.10.dll to D:\IDE\git\openhospital-core\target\OpenHospital20\lib\native\Windows\libgstapp-0.10.dll
[DEBUG] file libgstaudio-0.10.dll has a filtered file extension
[DEBUG] copy D:\IDE\git\openhospital-core\lib\native\Windows\libgstaudio-0.10.dll to D:\IDE\git\openhospital-core\target\OpenHospital20\lib\native\Windows\libgstaudio-0.10.dll
[DEBUG] file libgstbase-0.10.dll has a filtered file extension
[DEBUG] copy D:\IDE\git\openhospital-core\lib\native\Windows\libgstbase-0.10.dll to D:\IDE\git\openhospital-core\target\OpenHospital20\lib\native\Windows\libgstbase-0.10.dll
[DEBUG] file libgstcdda-0.10.dll has a filtered file extension
[DEBUG] copy D:\IDE\git\openhospital-core\lib\native\Windows\libgstcdda-0.10.dll to D:\IDE\git\openhospital-core\target\OpenHospital20\lib\native\Windows\libgstcdda-0.10.dll
[DEBUG] file libgstcontroller-0.10.dll has a filtered file extension
[DEBUG] copy D:\IDE\git\openhospital-core\lib\native\Windows\libgstcontroller-0.10.dll to D:\IDE\git\openhospital-core\target\OpenHospital20\lib\native\Windows\libgstcontroller-0.10.dll
[DEBUG] file libgstdataprotocol-0.10.dll has a filtered file extension
[DEBUG] copy D:\IDE\git\openhospital-core\lib\native\Windows\libgstdataprotocol-0.10.dll to D:\IDE\git\openhospital-core\target\OpenHospital20\lib\native\Windows\libgstdataprotocol-0.10.dll
[DEBUG] file libgstdshow-0.10.dll has a filtered file extension
[DEBUG] copy D:\IDE\git\openhospital-core\lib\native\Windows\libgstdshow-0.10.dll to D:\IDE\git\openhospital-core\target\OpenHospital20\lib\native\Windows\libgstdshow-0.10.dll
[DEBUG] file libgstfarsight-0.10.dll has a filtered file extension
[DEBUG] copy D:\IDE\git\openhospital-core\lib\native\Windows\libgstfarsight-0.10.dll to D:\IDE\git\openhospital-core\target\OpenHospital20\lib\native\Windows\libgstfarsight-0.10.dll
[DEBUG] file libgstfft-0.10.dll has a filtered file extension
[DEBUG] copy D:\IDE\git\openhospital-core\lib\native\Windows\libgstfft-0.10.dll to D:\IDE\git\openhospital-core\target\OpenHospital20\lib\native\Windows\libgstfft-0.10.dll
[DEBUG] file libgstgl-0.10.dll has a filtered file extension
[DEBUG] copy D:\IDE\git\openhospital-core\lib\native\Windows\libgstgl-0.10.dll to D:\IDE\git\openhospital-core\target\OpenHospital20\lib\native\Windows\libgstgl-0.10.dll
[DEBUG] file libgstinterfaces-0.10.dll has a filtered file extension
[DEBUG] copy D:\IDE\git\openhospital-core\lib\native\Windows\libgstinterfaces-0.10.dll to D:\IDE\git\openhospital-core\target\OpenHospital20\lib\native\Windows\libgstinterfaces-0.10.dll
[DEBUG] file libgstnet-0.10.dll has a filtered file extension
[DEBUG] copy D:\IDE\git\openhospital-core\lib\native\Windows\libgstnet-0.10.dll to D:\IDE\git\openhospital-core\target\OpenHospital20\lib\native\Windows\libgstnet-0.10.dll
[DEBUG] file libgstnetbuffer-0.10.dll has a filtered file extension
[DEBUG] copy D:\IDE\git\openhospital-core\lib\native\Windows\libgstnetbuffer-0.10.dll to D:\IDE\git\openhospital-core\target\OpenHospital20\lib\native\Windows\libgstnetbuffer-0.10.dll
[DEBUG] file libgstpbutils-0.10.dll has a filtered file extension
[DEBUG] copy D:\IDE\git\openhospital-core\lib\native\Windows\libgstpbutils-0.10.dll to D:\IDE\git\openhospital-core\target\OpenHospital20\lib\native\Windows\libgstpbutils-0.10.dll
[DEBUG] file libgstphotography-0.10.dll has a filtered file extension
[DEBUG] copy D:\IDE\git\openhospital-core\lib\native\Windows\libgstphotography-0.10.dll to D:\IDE\git\openhospital-core\target\OpenHospital20\lib\native\Windows\libgstphotography-0.10.dll
[DEBUG] file libgstreamer-0.10.dll has a filtered file extension
[DEBUG] copy D:\IDE\git\openhospital-core\lib\native\Windows\libgstreamer-0.10.dll to D:\IDE\git\openhospital-core\target\OpenHospital20\lib\native\Windows\libgstreamer-0.10.dll
[DEBUG] file libgstriff-0.10.dll has a filtered file extension
[DEBUG] copy D:\IDE\git\openhospital-core\lib\native\Windows\libgstriff-0.10.dll to D:\IDE\git\openhospital-core\target\OpenHospital20\lib\native\Windows\libgstriff-0.10.dll
[DEBUG] file libgstrtp-0.10.dll has a filtered file extension
[DEBUG] copy D:\IDE\git\openhospital-core\lib\native\Windows\libgstrtp-0.10.dll to D:\IDE\git\openhospital-core\target\OpenHospital20\lib\native\Windows\libgstrtp-0.10.dll
[DEBUG] file libgstrtsp-0.10.dll has a filtered file extension
[DEBUG] copy D:\IDE\git\openhospital-core\lib\native\Windows\libgstrtsp-0.10.dll to D:\IDE\git\openhospital-core\target\OpenHospital20\lib\native\Windows\libgstrtsp-0.10.dll
[DEBUG] file libgstsdp-0.10.dll has a filtered file extension
[DEBUG] copy D:\IDE\git\openhospital-core\lib\native\Windows\libgstsdp-0.10.dll to D:\IDE\git\openhospital-core\target\OpenHospital20\lib\native\Windows\libgstsdp-0.10.dll
[DEBUG] file libgsttag-0.10.dll has a filtered file extension
[DEBUG] copy D:\IDE\git\openhospital-core\lib\native\Windows\libgsttag-0.10.dll to D:\IDE\git\openhospital-core\target\OpenHospital20\lib\native\Windows\libgsttag-0.10.dll
[DEBUG] file libgstvideo-0.10.dll has a filtered file extension
[DEBUG] copy D:\IDE\git\openhospital-core\lib\native\Windows\libgstvideo-0.10.dll to D:\IDE\git\openhospital-core\target\OpenHospital20\lib\native\Windows\libgstvideo-0.10.dll
[DEBUG] file libgthread-2.0-0.dll has a filtered file extension
[DEBUG] copy D:\IDE\git\openhospital-core\lib\native\Windows\libgthread-2.0-0.dll to D:\IDE\git\openhospital-core\target\OpenHospital20\lib\native\Windows\libgthread-2.0-0.dll
[DEBUG] file libpixman-1-0.dll has a filtered file extension
[DEBUG] copy D:\IDE\git\openhospital-core\lib\native\Windows\libpixman-1-0.dll to D:\IDE\git\openhospital-core\target\OpenHospital20\lib\native\Windows\libpixman-1-0.dll
[DEBUG] file libxml2-2.dll has a filtered file extension
[DEBUG] copy D:\IDE\git\openhospital-core\lib\native\Windows\libxml2-2.dll to D:\IDE\git\openhospital-core\target\OpenHospital20\lib\native\Windows\libxml2-2.dll
[DEBUG] file libgstcoreelements.dll has a filtered file extension
[DEBUG] copy D:\IDE\git\openhospital-core\lib\native\Windows\plugins\libgstcoreelements.dll to D:\IDE\git\openhospital-core\target\OpenHospital20\lib\native\Windows\plugins\libgstcoreelements.dll
[DEBUG] file libgstffmpegcolorspace.dll has a filtered file extension
[DEBUG] copy D:\IDE\git\openhospital-core\lib\native\Windows\plugins\libgstffmpegcolorspace.dll to D:\IDE\git\openhospital-core\target\OpenHospital20\lib\native\Windows\plugins\libgstffmpegcolorspace.dll
[DEBUG] file libgstsdl.dll has a filtered file extension
[DEBUG] copy D:\IDE\git\openhospital-core\lib\native\Windows\plugins\libgstsdl.dll to D:\IDE\git\openhospital-core\target\OpenHospital20\lib\native\Windows\plugins\libgstsdl.dll
[DEBUG] file libgstsdpplugin.dll has a filtered file extension
[DEBUG] copy D:\IDE\git\openhospital-core\lib\native\Windows\plugins\libgstsdpplugin.dll to D:\IDE\git\openhospital-core\target\OpenHospital20\lib\native\Windows\plugins\libgstsdpplugin.dll
[DEBUG] file libgstselector.dll has a filtered file extension
[DEBUG] copy D:\IDE\git\openhospital-core\lib\native\Windows\plugins\libgstselector.dll to D:\IDE\git\openhospital-core\target\OpenHospital20\lib\native\Windows\plugins\libgstselector.dll
[DEBUG] file libgstwininet.dll has a filtered file extension
[DEBUG] copy D:\IDE\git\openhospital-core\lib\native\Windows\plugins\libgstwininet.dll to D:\IDE\git\openhospital-core\target\OpenHospital20\lib\native\Windows\plugins\libgstwininet.dll
[DEBUG] file libgstwinks.dll has a filtered file extension
[DEBUG] copy D:\IDE\git\openhospital-core\lib\native\Windows\plugins\libgstwinks.dll to D:\IDE\git\openhospital-core\target\OpenHospital20\lib\native\Windows\plugins\libgstwinks.dll
[DEBUG] file libgstwinscreencap.dll has a filtered file extension
[DEBUG] copy D:\IDE\git\openhospital-core\lib\native\Windows\plugins\libgstwinscreencap.dll to D:\IDE\git\openhospital-core\target\OpenHospital20\lib\native\Windows\plugins\libgstwinscreencap.dll
[DEBUG] file pthreadGC2.dll has a filtered file extension
[DEBUG] copy D:\IDE\git\openhospital-core\lib\native\Windows\pthreadGC2.dll to D:\IDE\git\openhospital-core\target\OpenHospital20\lib\native\Windows\pthreadGC2.dll
[DEBUG] file rxtxParallel.dll has a filtered file extension
[DEBUG] copy D:\IDE\git\openhospital-core\lib\native\Windows\rxtxParallel.dll to D:\IDE\git\openhospital-core\target\OpenHospital20\lib\native\Windows\rxtxParallel.dll
[DEBUG] file rxtxSerial.dll has a filtered file extension
[DEBUG] copy D:\IDE\git\openhospital-core\lib\native\Windows\rxtxSerial.dll to D:\IDE\git\openhospital-core\target\OpenHospital20\lib\native\Windows\rxtxSerial.dll
[DEBUG] file SDL.dll has a filtered file extension
[DEBUG] copy D:\IDE\git\openhospital-core\lib\native\Windows\SDL.dll to D:\IDE\git\openhospital-core\target\OpenHospital20\lib\native\Windows\SDL.dll
[DEBUG] file zlib1.dll has a filtered file extension
[DEBUG] copy D:\IDE\git\openhospital-core\lib\native\Windows\zlib1.dll to D:\IDE\git\openhospital-core\target\OpenHospital20\lib\native\Windows\zlib1.dll
[DEBUG] no use filter components
[INFO] 
[INFO] --- maven-resources-plugin:2.7:copy-resources (copy-native-lib) @ OH-core ---
[DEBUG] Configuring mojo org.apache.maven.plugins:maven-resources-plugin:2.7:copy-resources from plugin realm ClassRealm[plugin>org.apache.maven.plugins:maven-resources-plugin:2.7, parent: jdk.internal.loader.ClassLoaders$AppClassLoader@30946e09]
[DEBUG] Configuring mojo 'org.apache.maven.plugins:maven-resources-plugin:2.7:copy-resources' with basic configurator -->
[DEBUG]   (f) buildFilters = []
[DEBUG]   (f) encoding = UTF-8
[DEBUG]   (f) escapeWindowsPaths = true
[DEBUG]   (s) includeEmptyDirs = false
[DEBUG]   (s) outputDirectory = D:\IDE\git\openhospital-core\target\OpenHospital20\lib\native
[DEBUG]   (s) overwrite = false
[DEBUG]   (f) project = MavenProject: org.isf:OH-core:1.10 @ D:\IDE\git\openhospital-core\pom.xml
[DEBUG]   (s) directory = lib/native
[DEBUG]   (s) resources = [Resource {targetPath: null, filtering: false, FileSet {directory: lib/native, PatternSet [includes: {}, excludes: {}]}}]
[DEBUG]   (f) session = org.apache.maven.execution.MavenSession@350a94ce
[DEBUG]   (f) supportMultiLineFiltering = false
[DEBUG]   (f) useBuildFilters = true
[DEBUG]   (s) useDefaultDelimiters = true
[DEBUG] -- end configuration --
[DEBUG] properties used {env.NUMBER_OF_PROCESSORS=4, env.USERPROFILE=C:\Users\Nanni, java.specification.version=11, sun.cpu.isalist=amd64, sun.arch.data.model=64, env.PROGRAMW6432=C:\Program Files, java.vendor.url=http://java.oracle.com/, env.OS=Windows_NT, env.RUBYOPT=-Eutf-8, spring.framework.version=4.3.18.RELEASE, sun.boot.library.path=D:\IDE\Java\openjdk-11u-11.0.4_11\bin, sun.java.command=org.codehaus.plexus.classworlds.launcher.Launcher test -X, env.SYSTEMROOT=C:\WINDOWS, jdk.debug=release, maven.version=3.2.5, java.specification.vendor=Oracle Corporation, java.version.date=2019-07-16, java.home=D:\IDE\Java\openjdk-11u-11.0.4_11, java.specification.name=Java Platform API Specification, java.vm.specification.vendor=Oracle Corporation, env.DOCKER_HOST=tcp://192.168.99.101:2376, env.LOCALAPPDATA=C:\Users\Nanni\AppData\Local, env.USERDOMAIN_ROAMINGPROFILE=DESKTOP-G3JG4A8, user.script=, sun.management.compiler=HotSpot 64-Bit Tiered Compilers, java.runtime.version=11.0.4+11, env.PATH=D:/IDE/Java/openjdk-11u-11.0.4_11/bin/server;D:/IDE/Java/openjdk-11u-11.0.4_11/bin;C:\Program Files (x86)\PHP\PHP5\;C:\Windows\System32;C:\Windows;C:\Windows\System32\wbem;C:\Windows\System32\WindowsPowerShell\v1.0\;C:\Program Files\MySQL\MySQL Utilities 1.6\;D:\IDE\Java\openjdk-11u-11.0.4_11\bin;C:\Program Files\Apache24\bin;C:\Program Files\Apache24;C:\Program Files\MySQL\MySQL Server 5.7\bin;C:\Program Files\Git\bin;C:\Program Files\Python\Python2.7.8;C:\Program Files\Microsoft Network Monitor 3\;C:\Windows\System32\OpenSSH\;C:\Program Files (x86)\GnuPG\bin;C:\Program Files\nodejs\;D:\IDE\apache-maven-3.2.5\bin;C:\Program Files\dotnet\;C:\Ruby25-x64\bin;D:\IDE\Python36\Scripts\;D:\IDE\Python36\;C:\Users\Nanni\AppData\Local\Microsoft\WindowsApps;C:\Users\Nanni\AppData\Local\GitHubDesktop\bin;C:\Program Files\Docker Toolbox;C:\Users\Nanni\AppData\Roaming\npm;C:\Users\Nanni\AppData\Local\atom\bin;C:\Users\Nanni\AppData\Local\Microsoft\WindowsApps;C:\Users\Nanni\AppData\Local\Google\Cloud SDK\google-cloud-sdk\bin;C:\Program Files (x86)\Google\google_appengine\;D:\IDE\Eclipse-java-latest-released\eclipse;, env.PUBLIC=C:\Users\Public, env.COMMONPROGRAMW6432=C:\Program Files\Common Files, file.encoding=Cp1252, java.vendor.version=18.9, env.COMPUTERNAME=DESKTOP-G3JG4A8, env.HOMEPATH=\Users\Nanni, env.APPDATA=C:\Users\Nanni\AppData\Roaming, java.io.tmpdir=C:\Users\Nanni\AppData\Local\Temp\, java.version=11.0.4, java.vm.specification.name=Java Virtual Machine Specification, java.awt.printerjob=sun.awt.windows.WPrinterJob, org.slf4j.simpleLogger.defaultLogLevel=debug, java.library.path=D:\IDE\Java\openjdk-11u-11.0.4_11\bin;C:\WINDOWS\Sun\Java\bin;C:\WINDOWS\system32;C:\WINDOWS;D:/IDE/Java/openjdk-11u-11.0.4_11/bin/server;D:/IDE/Java/openjdk-11u-11.0.4_11/bin;C:\Program Files (x86)\PHP\PHP5\;C:\Windows\System32;C:\Windows;C:\Windows\System32\wbem;C:\Windows\System32\WindowsPowerShell\v1.0\;C:\Program Files\MySQL\MySQL Utilities 1.6\;D:\IDE\Java\openjdk-11u-11.0.4_11\bin;C:\Program Files\Apache24\bin;C:\Program Files\Apache24;C:\Program Files\MySQL\MySQL Server 5.7\bin;C:\Program Files\Git\bin;C:\Program Files\Python\Python2.7.8;C:\Program Files\Microsoft Network Monitor 3\;C:\Windows\System32\OpenSSH\;C:\Program Files (x86)\GnuPG\bin;C:\Program Files\nodejs\;D:\IDE\apache-maven-3.2.5\bin;C:\Program Files\dotnet\;C:\Ruby25-x64\bin;D:\IDE\Python36\Scripts\;D:\IDE\Python36\;C:\Users\Nanni\AppData\Local\Microsoft\WindowsApps;C:\Users\Nanni\AppData\Local\GitHubDesktop\bin;C:\Program Files\Docker Toolbox;C:\Users\Nanni\AppData\Roaming\npm;C:\Users\Nanni\AppData\Local\atom\bin;C:\Users\Nanni\AppData\Local\Microsoft\WindowsApps;C:\Users\Nanni\AppData\Local\Google\Cloud SDK\google-cloud-sdk\bin;C:\Program Files (x86)\Google\google_appengine\;D:\IDE\Eclipse-java-latest-released\eclipse;;., java.vendor=Oracle Corporation, env.ERROR_CODE=0, classworlds.conf=D:\IDE\apache-maven-3.2.5\bin\..\bin\m2.conf, sun.io.unicode.encoding=UnicodeLittle, sun.desktop=windows, user.timezone=Europe/Paris, env.MAVEN_JAVA_EXE=""D:\IDE\Java\openjdk-11u-11.0.4_11"\bin\java.exe", os.name=Windows 10, java.vm.specification.version=11, env.=EXITCODE=00000001, user.home=C:\Users\Nanni, env.JRE_HOME=D:\IDE\Java\openjdk-11u-11.0.4_11\bin, env.ALLUSERSPROFILE=C:\ProgramData, env.DOCKER_MACHINE_NAME=default, env.SESSIONNAME=Console, java.awt.graphicsenv=sun.awt.Win32GraphicsEnvironment, env.DOCKER_CERT_PATH=C:\Users\Nanni\.docker\machine\machines\default, env.PYTHONPATH=C:\Program Files\Python\Python2.7.8, env.DOCKER_TLS_VERIFY=1, path.separator=;, os.version=10.0, env.CLASSWORLDS_LAUNCHER=org.codehaus.plexus.classworlds.launcher.Launcher, env.PATHEXT=.COM;.EXE;.BAT;.CMD;.VBS;.VBE;.JS;.JSE;.WSF;.WSH;.MSC;.RB;.RBW, java.vm.name=OpenJDK 64-Bit Server VM, env.M2_HOME=D:\IDE\apache-maven-3.2.5\bin\.., env.USERNAME=Nanni, os.arch=amd64, java.vm.info=mixed mode, env.TEMP=C:\Users\Nanni\AppData\Local\Temp, java.class.version=55.0, awt.toolkit=sun.awt.windows.WToolkit, env.ONEDRIVE=C:\Users\Nanni\OneDrive, sun.jnu.encoding=Cp1252, maven.build.version=Apache Maven 3.2.5 (12a6b3acb947671f09b81f49094c53f426d8cea1; 2014-12-14T18:29:23+01:00), maven.home=D:\IDE\apache-maven-3.2.5\bin\.., sun.stderr.encoding=cp850, env.JAVA_HOME="D:\IDE\Java\openjdk-11u-11.0.4_11", env.PROGRAMFILES=C:\Program Files, file.separator=\, java.vm.compressedOopsMode=Zero based, env.CLASSWORLDS_JAR="D:\IDE\apache-maven-3.2.5\bin\..\boot\plexus-classworlds-2.5.2.jar", line.separator=
, env.PROMPT=$P$G, env.PROCESSOR_REVISION=3d04, env.PROCESSOR_IDENTIFIER=Intel64 Family 6 Model 61 Stepping 4, GenuineIntel, env.PROGRAMDATA=C:\ProgramData, user.name=Nanni, env.DRIVERDATA=C:\Windows\System32\Drivers\DriverData, env.SYSTEMDRIVE=C:, env.VBOX_MSI_INSTALL_PATH=C:\Program Files\Oracle\VirtualBox\, env.PROGRAMFILES(X86)=C:\Program Files (x86), env.PROCESSOR_LEVEL=6, env.HOMEDRIVE=C:, env.PSMODULEPATH=C:\Users\Nanni\Documents\WindowsPowerShell\Modules;C:\Users\Nanni\AppData\Local\Google\Cloud SDK\google-cloud-sdk\platform\PowerShell, env.TMP=C:\Users\Nanni\AppData\Local\Temp, sun.os.patch.level=, env.TMPDIR=C:\Users\Public\Documents\Wondershare\CreatorTemp, env.LOGONSERVER=\\DESKTOP-G3JG4A8, env.WINDIR=C:\WINDOWS, java.class.path=D:\IDE\apache-maven-3.2.5\bin\..\boot\plexus-classworlds-2.5.2.jar, env.HOME=C:\Users\Nanni, java.vm.vendor=Oracle Corporation, env.PROCESSOR_ARCHITECTURE=AMD64, user.variant=, env.COMMONPROGRAMFILES=C:\Program Files\Common Files, sun.java.launcher=SUN_STANDARD, user.country=ES, env.PHPRC=C:\Program Files (x86)\PHP\PHP5\, env.USERDOMAIN=DESKTOP-G3JG4A8, env.COMSPEC=C:\WINDOWS\system32\cmd.exe, sun.cpu.endian=little, user.language=es, env.COMPOSE_CONVERT_WINDOWS_PATHS=true, env.DOCKER_TOOLBOX_INSTALL_PATH=C:\Program Files\Docker Toolbox, env.=C:=C:\, java.runtime.name=OpenJDK Runtime Environment, project.build.sourceEncoding=UTF-8, env.COMMONPROGRAMFILES(X86)=C:\Program Files (x86)\Common Files, env.MAVEN_CMD_LINE_ARGS=test -X, java.vendor.url.bug=http://bugreport.java.com/bugreport/, env.NO_PROXY=192.168.99.100,192.168.99.101, user.dir=D:\IDE\git\openhospital-core, env.ONEDRIVECONSUMER=C:\Users\Nanni\OneDrive, env.=D:=D:\IDE\git\openhospital-core, java.vm.version=11.0.4+11}
[INFO] Using 'UTF-8' encoding to copy filtered resources.
[DEBUG] resource with targetPath null
directory lib/native
excludes []
includes []
[DEBUG] ignoreDelta true
[INFO] Copying 73 resources
[DEBUG] file libclib_jiio.so has a filtered file extension
[DEBUG] copy D:\IDE\git\openhospital-core\lib\native\Linux\amd64\libclib_jiio.so to D:\IDE\git\openhospital-core\target\OpenHospital20\lib\native\Linux\amd64\libclib_jiio.so
[DEBUG] file librxtxSerial.so has a filtered file extension
[DEBUG] copy D:\IDE\git\openhospital-core\lib\native\Linux\amd64\librxtxSerial.so to D:\IDE\git\openhospital-core\target\OpenHospital20\lib\native\Linux\amd64\librxtxSerial.so
[DEBUG] file libunix-java.so has a filtered file extension
[DEBUG] copy D:\IDE\git\openhospital-core\lib\native\Linux\amd64\libunix-java.so to D:\IDE\git\openhospital-core\target\OpenHospital20\lib\native\Linux\amd64\libunix-java.so
[DEBUG] file libv4l4j.so has a filtered file extension
[DEBUG] copy D:\IDE\git\openhospital-core\lib\native\Linux\amd64\libv4l4j.so to D:\IDE\git\openhospital-core\target\OpenHospital20\lib\native\Linux\amd64\libv4l4j.so
[DEBUG] file libclib_jiio.so has a filtered file extension
[DEBUG] copy D:\IDE\git\openhospital-core\lib\native\Linux\i386\libclib_jiio.so to D:\IDE\git\openhospital-core\target\OpenHospital20\lib\native\Linux\i386\libclib_jiio.so
[DEBUG] file librxtxParallel.so has a filtered file extension
[DEBUG] copy D:\IDE\git\openhospital-core\lib\native\Linux\i386\librxtxParallel.so to D:\IDE\git\openhospital-core\target\OpenHospital20\lib\native\Linux\i386\librxtxParallel.so
[DEBUG] file librxtxSerial.so has a filtered file extension
[DEBUG] copy D:\IDE\git\openhospital-core\lib\native\Linux\i386\librxtxSerial.so to D:\IDE\git\openhospital-core\target\OpenHospital20\lib\native\Linux\i386\librxtxSerial.so
[DEBUG] file libunix-java.so has a filtered file extension
[DEBUG] copy D:\IDE\git\openhospital-core\lib\native\Linux\i386\libunix-java.so to D:\IDE\git\openhospital-core\target\OpenHospital20\lib\native\Linux\i386\libunix-java.so
[DEBUG] file libv4l4j.so has a filtered file extension
[DEBUG] copy D:\IDE\git\openhospital-core\lib\native\Linux\i386\libv4l4j.so to D:\IDE\git\openhospital-core\target\OpenHospital20\lib\native\Linux\i386\libv4l4j.so
[DEBUG] file librxtxSerial.so has a filtered file extension
[DEBUG] copy D:\IDE\git\openhospital-core\lib\native\Linux\ia64\librxtxSerial.so to D:\IDE\git\openhospital-core\target\OpenHospital20\lib\native\Linux\ia64\librxtxSerial.so
[DEBUG] file librxtxSerial.jnilib has a filtered file extension
[DEBUG] copy D:\IDE\git\openhospital-core\lib\native\Mac_OS_X\librxtxSerial.jnilib to D:\IDE\git\openhospital-core\target\OpenHospital20\lib\native\Mac_OS_X\librxtxSerial.jnilib
[DEBUG] file README has a filtered file extension
[DEBUG] copy D:\IDE\git\openhospital-core\lib\native\Mac_OS_X\README to D:\IDE\git\openhospital-core\target\OpenHospital20\lib\native\Mac_OS_X\README
[DEBUG] file libclib_jiio.so has a filtered file extension
[DEBUG] copy D:\IDE\git\openhospital-core\lib\native\solaris\amd64\libclib_jiio.so to D:\IDE\git\openhospital-core\target\OpenHospital20\lib\native\solaris\amd64\libclib_jiio.so
[DEBUG] file libclib_jiio.so has a filtered file extension
[DEBUG] copy D:\IDE\git\openhospital-core\lib\native\solaris\i386\libclib_jiio.so to D:\IDE\git\openhospital-core\target\OpenHospital20\lib\native\solaris\i386\libclib_jiio.so
[DEBUG] file libclib_jiio.so has a filtered file extension
[DEBUG] copy D:\IDE\git\openhospital-core\lib\native\solaris\sparc\libclib_jiio.so to D:\IDE\git\openhospital-core\target\OpenHospital20\lib\native\solaris\sparc\libclib_jiio.so
[DEBUG] file libclib_jiio_vis.so has a filtered file extension
[DEBUG] copy D:\IDE\git\openhospital-core\lib\native\solaris\sparc\libclib_jiio_vis.so to D:\IDE\git\openhospital-core\target\OpenHospital20\lib\native\solaris\sparc\libclib_jiio_vis.so
[DEBUG] file libclib_jiio_vis2.so has a filtered file extension
[DEBUG] copy D:\IDE\git\openhospital-core\lib\native\solaris\sparc\libclib_jiio_vis2.so to D:\IDE\git\openhospital-core\target\OpenHospital20\lib\native\solaris\sparc\libclib_jiio_vis2.so
[DEBUG] file librxtxSerial-2.1-7.so has a filtered file extension
[DEBUG] copy D:\IDE\git\openhospital-core\lib\native\solaris\sparc32-sun-solaris2.8\librxtxSerial-2.1-7.so to D:\IDE\git\openhospital-core\target\OpenHospital20\lib\native\solaris\sparc32-sun-solaris2.8\librxtxSerial-2.1-7.so
[DEBUG] file librxtxSerial.so has a filtered file extension
[DEBUG] copy D:\IDE\git\openhospital-core\lib\native\solaris\sparc32-sun-solaris2.8\librxtxSerial.so to D:\IDE\git\openhospital-core\target\OpenHospital20\lib\native\solaris\sparc32-sun-solaris2.8\librxtxSerial.so
[DEBUG] file librxtxSerial-2.1-7.so has a filtered file extension
[DEBUG] copy D:\IDE\git\openhospital-core\lib\native\solaris\sparc64-sun-solaris2.8\librxtxSerial-2.1-7.so to D:\IDE\git\openhospital-core\target\OpenHospital20\lib\native\solaris\sparc64-sun-solaris2.8\librxtxSerial-2.1-7.so
[DEBUG] file librxtxSerial.so has a filtered file extension
[DEBUG] copy D:\IDE\git\openhospital-core\lib\native\solaris\sparc64-sun-solaris2.8\librxtxSerial.so to D:\IDE\git\openhospital-core\target\OpenHospital20\lib\native\solaris\sparc64-sun-solaris2.8\librxtxSerial.so
[DEBUG] file libclib_jiio.so has a filtered file extension
[DEBUG] copy D:\IDE\git\openhospital-core\lib\native\solaris\sparcv9\libclib_jiio.so to D:\IDE\git\openhospital-core\target\OpenHospital20\lib\native\solaris\sparcv9\libclib_jiio.so
[DEBUG] file libclib_jiio_vis.so has a filtered file extension
[DEBUG] copy D:\IDE\git\openhospital-core\lib\native\solaris\sparcv9\libclib_jiio_vis.so to D:\IDE\git\openhospital-core\target\OpenHospital20\lib\native\solaris\sparcv9\libclib_jiio_vis.so
[DEBUG] file libclib_jiio_vis2.so has a filtered file extension
[DEBUG] copy D:\IDE\git\openhospital-core\lib\native\solaris\sparcv9\libclib_jiio_vis2.so to D:\IDE\git\openhospital-core\target\OpenHospital20\lib\native\solaris\sparcv9\libclib_jiio_vis2.so
[DEBUG] file rxtxSerial.dll has a filtered file extension
[DEBUG] copy D:\IDE\git\openhospital-core\lib\native\Win64\rxtxSerial.dll to D:\IDE\git\openhospital-core\target\OpenHospital20\lib\native\Win64\rxtxSerial.dll
[DEBUG] file clib_jiio.dll has a filtered file extension
[DEBUG] copy D:\IDE\git\openhospital-core\lib\native\Windows\clib_jiio.dll to D:\IDE\git\openhospital-core\target\OpenHospital20\lib\native\Windows\clib_jiio.dll
[DEBUG] file clib_jiio_sse2.dll has a filtered file extension
[DEBUG] copy D:\IDE\git\openhospital-core\lib\native\Windows\clib_jiio_sse2.dll to D:\IDE\git\openhospital-core\target\OpenHospital20\lib\native\Windows\clib_jiio_sse2.dll
[DEBUG] file clib_jiio_util.dll has a filtered file extension
[DEBUG] copy D:\IDE\git\openhospital-core\lib\native\Windows\clib_jiio_util.dll to D:\IDE\git\openhospital-core\target\OpenHospital20\lib\native\Windows\clib_jiio_util.dll
[DEBUG] file glew32.dll has a filtered file extension
[DEBUG] copy D:\IDE\git\openhospital-core\lib\native\Windows\glew32.dll to D:\IDE\git\openhospital-core\target\OpenHospital20\lib\native\Windows\glew32.dll
[DEBUG] file libfontconfig-1.dll has a filtered file extension
[DEBUG] copy D:\IDE\git\openhospital-core\lib\native\Windows\libfontconfig-1.dll to D:\IDE\git\openhospital-core\target\OpenHospital20\lib\native\Windows\libfontconfig-1.dll
[DEBUG] file libfreetype-6.dll has a filtered file extension
[DEBUG] copy D:\IDE\git\openhospital-core\lib\native\Windows\libfreetype-6.dll to D:\IDE\git\openhospital-core\target\OpenHospital20\lib\native\Windows\libfreetype-6.dll
[DEBUG] file libgio-2.0-0.dll has a filtered file extension
[DEBUG] copy D:\IDE\git\openhospital-core\lib\native\Windows\libgio-2.0-0.dll to D:\IDE\git\openhospital-core\target\OpenHospital20\lib\native\Windows\libgio-2.0-0.dll
[DEBUG] file libglib-2.0-0.dll has a filtered file extension
[DEBUG] copy D:\IDE\git\openhospital-core\lib\native\Windows\libglib-2.0-0.dll to D:\IDE\git\openhospital-core\target\OpenHospital20\lib\native\Windows\libglib-2.0-0.dll
[DEBUG] file libgmodule-2.0-0.dll has a filtered file extension
[DEBUG] copy D:\IDE\git\openhospital-core\lib\native\Windows\libgmodule-2.0-0.dll to D:\IDE\git\openhospital-core\target\OpenHospital20\lib\native\Windows\libgmodule-2.0-0.dll
[DEBUG] file libgobject-2.0-0.dll has a filtered file extension
[DEBUG] copy D:\IDE\git\openhospital-core\lib\native\Windows\libgobject-2.0-0.dll to D:\IDE\git\openhospital-core\target\OpenHospital20\lib\native\Windows\libgobject-2.0-0.dll
[DEBUG] file libgstapp-0.10.dll has a filtered file extension
[DEBUG] copy D:\IDE\git\openhospital-core\lib\native\Windows\libgstapp-0.10.dll to D:\IDE\git\openhospital-core\target\OpenHospital20\lib\native\Windows\libgstapp-0.10.dll
[DEBUG] file libgstaudio-0.10.dll has a filtered file extension
[DEBUG] copy D:\IDE\git\openhospital-core\lib\native\Windows\libgstaudio-0.10.dll to D:\IDE\git\openhospital-core\target\OpenHospital20\lib\native\Windows\libgstaudio-0.10.dll
[DEBUG] file libgstbase-0.10.dll has a filtered file extension
[DEBUG] copy D:\IDE\git\openhospital-core\lib\native\Windows\libgstbase-0.10.dll to D:\IDE\git\openhospital-core\target\OpenHospital20\lib\native\Windows\libgstbase-0.10.dll
[DEBUG] file libgstcdda-0.10.dll has a filtered file extension
[DEBUG] copy D:\IDE\git\openhospital-core\lib\native\Windows\libgstcdda-0.10.dll to D:\IDE\git\openhospital-core\target\OpenHospital20\lib\native\Windows\libgstcdda-0.10.dll
[DEBUG] file libgstcontroller-0.10.dll has a filtered file extension
[DEBUG] copy D:\IDE\git\openhospital-core\lib\native\Windows\libgstcontroller-0.10.dll to D:\IDE\git\openhospital-core\target\OpenHospital20\lib\native\Windows\libgstcontroller-0.10.dll
[DEBUG] file libgstdataprotocol-0.10.dll has a filtered file extension
[DEBUG] copy D:\IDE\git\openhospital-core\lib\native\Windows\libgstdataprotocol-0.10.dll to D:\IDE\git\openhospital-core\target\OpenHospital20\lib\native\Windows\libgstdataprotocol-0.10.dll
[DEBUG] file libgstdshow-0.10.dll has a filtered file extension
[DEBUG] copy D:\IDE\git\openhospital-core\lib\native\Windows\libgstdshow-0.10.dll to D:\IDE\git\openhospital-core\target\OpenHospital20\lib\native\Windows\libgstdshow-0.10.dll
[DEBUG] file libgstfarsight-0.10.dll has a filtered file extension
[DEBUG] copy D:\IDE\git\openhospital-core\lib\native\Windows\libgstfarsight-0.10.dll to D:\IDE\git\openhospital-core\target\OpenHospital20\lib\native\Windows\libgstfarsight-0.10.dll
[DEBUG] file libgstfft-0.10.dll has a filtered file extension
[DEBUG] copy D:\IDE\git\openhospital-core\lib\native\Windows\libgstfft-0.10.dll to D:\IDE\git\openhospital-core\target\OpenHospital20\lib\native\Windows\libgstfft-0.10.dll
[DEBUG] file libgstgl-0.10.dll has a filtered file extension
[DEBUG] copy D:\IDE\git\openhospital-core\lib\native\Windows\libgstgl-0.10.dll to D:\IDE\git\openhospital-core\target\OpenHospital20\lib\native\Windows\libgstgl-0.10.dll
[DEBUG] file libgstinterfaces-0.10.dll has a filtered file extension
[DEBUG] copy D:\IDE\git\openhospital-core\lib\native\Windows\libgstinterfaces-0.10.dll to D:\IDE\git\openhospital-core\target\OpenHospital20\lib\native\Windows\libgstinterfaces-0.10.dll
[DEBUG] file libgstnet-0.10.dll has a filtered file extension
[DEBUG] copy D:\IDE\git\openhospital-core\lib\native\Windows\libgstnet-0.10.dll to D:\IDE\git\openhospital-core\target\OpenHospital20\lib\native\Windows\libgstnet-0.10.dll
[DEBUG] file libgstnetbuffer-0.10.dll has a filtered file extension
[DEBUG] copy D:\IDE\git\openhospital-core\lib\native\Windows\libgstnetbuffer-0.10.dll to D:\IDE\git\openhospital-core\target\OpenHospital20\lib\native\Windows\libgstnetbuffer-0.10.dll
[DEBUG] file libgstpbutils-0.10.dll has a filtered file extension
[DEBUG] copy D:\IDE\git\openhospital-core\lib\native\Windows\libgstpbutils-0.10.dll to D:\IDE\git\openhospital-core\target\OpenHospital20\lib\native\Windows\libgstpbutils-0.10.dll
[DEBUG] file libgstphotography-0.10.dll has a filtered file extension
[DEBUG] copy D:\IDE\git\openhospital-core\lib\native\Windows\libgstphotography-0.10.dll to D:\IDE\git\openhospital-core\target\OpenHospital20\lib\native\Windows\libgstphotography-0.10.dll
[DEBUG] file libgstreamer-0.10.dll has a filtered file extension
[DEBUG] copy D:\IDE\git\openhospital-core\lib\native\Windows\libgstreamer-0.10.dll to D:\IDE\git\openhospital-core\target\OpenHospital20\lib\native\Windows\libgstreamer-0.10.dll
[DEBUG] file libgstriff-0.10.dll has a filtered file extension
[DEBUG] copy D:\IDE\git\openhospital-core\lib\native\Windows\libgstriff-0.10.dll to D:\IDE\git\openhospital-core\target\OpenHospital20\lib\native\Windows\libgstriff-0.10.dll
[DEBUG] file libgstrtp-0.10.dll has a filtered file extension
[DEBUG] copy D:\IDE\git\openhospital-core\lib\native\Windows\libgstrtp-0.10.dll to D:\IDE\git\openhospital-core\target\OpenHospital20\lib\native\Windows\libgstrtp-0.10.dll
[DEBUG] file libgstrtsp-0.10.dll has a filtered file extension
[DEBUG] copy D:\IDE\git\openhospital-core\lib\native\Windows\libgstrtsp-0.10.dll to D:\IDE\git\openhospital-core\target\OpenHospital20\lib\native\Windows\libgstrtsp-0.10.dll
[DEBUG] file libgstsdp-0.10.dll has a filtered file extension
[DEBUG] copy D:\IDE\git\openhospital-core\lib\native\Windows\libgstsdp-0.10.dll to D:\IDE\git\openhospital-core\target\OpenHospital20\lib\native\Windows\libgstsdp-0.10.dll
[DEBUG] file libgsttag-0.10.dll has a filtered file extension
[DEBUG] copy D:\IDE\git\openhospital-core\lib\native\Windows\libgsttag-0.10.dll to D:\IDE\git\openhospital-core\target\OpenHospital20\lib\native\Windows\libgsttag-0.10.dll
[DEBUG] file libgstvideo-0.10.dll has a filtered file extension
[DEBUG] copy D:\IDE\git\openhospital-core\lib\native\Windows\libgstvideo-0.10.dll to D:\IDE\git\openhospital-core\target\OpenHospital20\lib\native\Windows\libgstvideo-0.10.dll
[DEBUG] file libgthread-2.0-0.dll has a filtered file extension
[DEBUG] copy D:\IDE\git\openhospital-core\lib\native\Windows\libgthread-2.0-0.dll to D:\IDE\git\openhospital-core\target\OpenHospital20\lib\native\Windows\libgthread-2.0-0.dll
[DEBUG] file libpixman-1-0.dll has a filtered file extension
[DEBUG] copy D:\IDE\git\openhospital-core\lib\native\Windows\libpixman-1-0.dll to D:\IDE\git\openhospital-core\target\OpenHospital20\lib\native\Windows\libpixman-1-0.dll
[DEBUG] file libxml2-2.dll has a filtered file extension
[DEBUG] copy D:\IDE\git\openhospital-core\lib\native\Windows\libxml2-2.dll to D:\IDE\git\openhospital-core\target\OpenHospital20\lib\native\Windows\libxml2-2.dll
[DEBUG] file libgstcoreelements.dll has a filtered file extension
[DEBUG] copy D:\IDE\git\openhospital-core\lib\native\Windows\plugins\libgstcoreelements.dll to D:\IDE\git\openhospital-core\target\OpenHospital20\lib\native\Windows\plugins\libgstcoreelements.dll
[DEBUG] file libgstffmpegcolorspace.dll has a filtered file extension
[DEBUG] copy D:\IDE\git\openhospital-core\lib\native\Windows\plugins\libgstffmpegcolorspace.dll to D:\IDE\git\openhospital-core\target\OpenHospital20\lib\native\Windows\plugins\libgstffmpegcolorspace.dll
[DEBUG] file libgstsdl.dll has a filtered file extension
[DEBUG] copy D:\IDE\git\openhospital-core\lib\native\Windows\plugins\libgstsdl.dll to D:\IDE\git\openhospital-core\target\OpenHospital20\lib\native\Windows\plugins\libgstsdl.dll
[DEBUG] file libgstsdpplugin.dll has a filtered file extension
[DEBUG] copy D:\IDE\git\openhospital-core\lib\native\Windows\plugins\libgstsdpplugin.dll to D:\IDE\git\openhospital-core\target\OpenHospital20\lib\native\Windows\plugins\libgstsdpplugin.dll
[DEBUG] file libgstselector.dll has a filtered file extension
[DEBUG] copy D:\IDE\git\openhospital-core\lib\native\Windows\plugins\libgstselector.dll to D:\IDE\git\openhospital-core\target\OpenHospital20\lib\native\Windows\plugins\libgstselector.dll
[DEBUG] file libgstwininet.dll has a filtered file extension
[DEBUG] copy D:\IDE\git\openhospital-core\lib\native\Windows\plugins\libgstwininet.dll to D:\IDE\git\openhospital-core\target\OpenHospital20\lib\native\Windows\plugins\libgstwininet.dll
[DEBUG] file libgstwinks.dll has a filtered file extension
[DEBUG] copy D:\IDE\git\openhospital-core\lib\native\Windows\plugins\libgstwinks.dll to D:\IDE\git\openhospital-core\target\OpenHospital20\lib\native\Windows\plugins\libgstwinks.dll
[DEBUG] file libgstwinscreencap.dll has a filtered file extension
[DEBUG] copy D:\IDE\git\openhospital-core\lib\native\Windows\plugins\libgstwinscreencap.dll to D:\IDE\git\openhospital-core\target\OpenHospital20\lib\native\Windows\plugins\libgstwinscreencap.dll
[DEBUG] file pthreadGC2.dll has a filtered file extension
[DEBUG] copy D:\IDE\git\openhospital-core\lib\native\Windows\pthreadGC2.dll to D:\IDE\git\openhospital-core\target\OpenHospital20\lib\native\Windows\pthreadGC2.dll
[DEBUG] file rxtxParallel.dll has a filtered file extension
[DEBUG] copy D:\IDE\git\openhospital-core\lib\native\Windows\rxtxParallel.dll to D:\IDE\git\openhospital-core\target\OpenHospital20\lib\native\Windows\rxtxParallel.dll
[DEBUG] file rxtxSerial.dll has a filtered file extension
[DEBUG] copy D:\IDE\git\openhospital-core\lib\native\Windows\rxtxSerial.dll to D:\IDE\git\openhospital-core\target\OpenHospital20\lib\native\Windows\rxtxSerial.dll
[DEBUG] file SDL.dll has a filtered file extension
[DEBUG] copy D:\IDE\git\openhospital-core\lib\native\Windows\SDL.dll to D:\IDE\git\openhospital-core\target\OpenHospital20\lib\native\Windows\SDL.dll
[DEBUG] file zlib1.dll has a filtered file extension
[DEBUG] copy D:\IDE\git\openhospital-core\lib\native\Windows\zlib1.dll to D:\IDE\git\openhospital-core\target\OpenHospital20\lib\native\Windows\zlib1.dll
[DEBUG] no use filter components
[INFO] 
[INFO] --- maven-resources-plugin:2.7:resources (default-resources) @ OH-core ---
[DEBUG] Configuring mojo org.apache.maven.plugins:maven-resources-plugin:2.7:resources from plugin realm ClassRealm[plugin>org.apache.maven.plugins:maven-resources-plugin:2.7, parent: jdk.internal.loader.ClassLoaders$AppClassLoader@30946e09]
[DEBUG] Configuring mojo 'org.apache.maven.plugins:maven-resources-plugin:2.7:resources' with basic configurator -->
[DEBUG]   (f) buildFilters = []
[DEBUG]   (f) encoding = UTF-8
[DEBUG]   (f) escapeWindowsPaths = true
[DEBUG]   (s) includeEmptyDirs = false
[DEBUG]   (s) outputDirectory = D:\IDE\git\openhospital-core\target\classes
[DEBUG]   (s) overwrite = false
[DEBUG]   (f) project = MavenProject: org.isf:OH-core:1.10 @ D:\IDE\git\openhospital-core\pom.xml
[DEBUG]   (s) resources = [Resource {targetPath: null, filtering: false, FileSet {directory: D:\IDE\git\openhospital-core\src\main\resources, PatternSet [includes: {}, excludes: {}]}}]
[DEBUG]   (f) session = org.apache.maven.execution.MavenSession@350a94ce
[DEBUG]   (f) supportMultiLineFiltering = false
[DEBUG]   (f) useBuildFilters = true
[DEBUG]   (s) useDefaultDelimiters = true
[DEBUG] -- end configuration --
[DEBUG] properties used {env.NUMBER_OF_PROCESSORS=4, env.USERPROFILE=C:\Users\Nanni, java.specification.version=11, sun.cpu.isalist=amd64, sun.arch.data.model=64, env.PROGRAMW6432=C:\Program Files, java.vendor.url=http://java.oracle.com/, env.OS=Windows_NT, env.RUBYOPT=-Eutf-8, spring.framework.version=4.3.18.RELEASE, sun.boot.library.path=D:\IDE\Java\openjdk-11u-11.0.4_11\bin, sun.java.command=org.codehaus.plexus.classworlds.launcher.Launcher test -X, env.SYSTEMROOT=C:\WINDOWS, jdk.debug=release, maven.version=3.2.5, java.specification.vendor=Oracle Corporation, java.version.date=2019-07-16, java.home=D:\IDE\Java\openjdk-11u-11.0.4_11, java.specification.name=Java Platform API Specification, java.vm.specification.vendor=Oracle Corporation, env.DOCKER_HOST=tcp://192.168.99.101:2376, env.LOCALAPPDATA=C:\Users\Nanni\AppData\Local, env.USERDOMAIN_ROAMINGPROFILE=DESKTOP-G3JG4A8, user.script=, sun.management.compiler=HotSpot 64-Bit Tiered Compilers, java.runtime.version=11.0.4+11, env.PATH=D:/IDE/Java/openjdk-11u-11.0.4_11/bin/server;D:/IDE/Java/openjdk-11u-11.0.4_11/bin;C:\Program Files (x86)\PHP\PHP5\;C:\Windows\System32;C:\Windows;C:\Windows\System32\wbem;C:\Windows\System32\WindowsPowerShell\v1.0\;C:\Program Files\MySQL\MySQL Utilities 1.6\;D:\IDE\Java\openjdk-11u-11.0.4_11\bin;C:\Program Files\Apache24\bin;C:\Program Files\Apache24;C:\Program Files\MySQL\MySQL Server 5.7\bin;C:\Program Files\Git\bin;C:\Program Files\Python\Python2.7.8;C:\Program Files\Microsoft Network Monitor 3\;C:\Windows\System32\OpenSSH\;C:\Program Files (x86)\GnuPG\bin;C:\Program Files\nodejs\;D:\IDE\apache-maven-3.2.5\bin;C:\Program Files\dotnet\;C:\Ruby25-x64\bin;D:\IDE\Python36\Scripts\;D:\IDE\Python36\;C:\Users\Nanni\AppData\Local\Microsoft\WindowsApps;C:\Users\Nanni\AppData\Local\GitHubDesktop\bin;C:\Program Files\Docker Toolbox;C:\Users\Nanni\AppData\Roaming\npm;C:\Users\Nanni\AppData\Local\atom\bin;C:\Users\Nanni\AppData\Local\Microsoft\WindowsApps;C:\Users\Nanni\AppData\Local\Google\Cloud SDK\google-cloud-sdk\bin;C:\Program Files (x86)\Google\google_appengine\;D:\IDE\Eclipse-java-latest-released\eclipse;, env.PUBLIC=C:\Users\Public, env.COMMONPROGRAMW6432=C:\Program Files\Common Files, file.encoding=Cp1252, java.vendor.version=18.9, env.COMPUTERNAME=DESKTOP-G3JG4A8, env.HOMEPATH=\Users\Nanni, env.APPDATA=C:\Users\Nanni\AppData\Roaming, java.io.tmpdir=C:\Users\Nanni\AppData\Local\Temp\, java.version=11.0.4, java.vm.specification.name=Java Virtual Machine Specification, java.awt.printerjob=sun.awt.windows.WPrinterJob, org.slf4j.simpleLogger.defaultLogLevel=debug, java.library.path=D:\IDE\Java\openjdk-11u-11.0.4_11\bin;C:\WINDOWS\Sun\Java\bin;C:\WINDOWS\system32;C:\WINDOWS;D:/IDE/Java/openjdk-11u-11.0.4_11/bin/server;D:/IDE/Java/openjdk-11u-11.0.4_11/bin;C:\Program Files (x86)\PHP\PHP5\;C:\Windows\System32;C:\Windows;C:\Windows\System32\wbem;C:\Windows\System32\WindowsPowerShell\v1.0\;C:\Program Files\MySQL\MySQL Utilities 1.6\;D:\IDE\Java\openjdk-11u-11.0.4_11\bin;C:\Program Files\Apache24\bin;C:\Program Files\Apache24;C:\Program Files\MySQL\MySQL Server 5.7\bin;C:\Program Files\Git\bin;C:\Program Files\Python\Python2.7.8;C:\Program Files\Microsoft Network Monitor 3\;C:\Windows\System32\OpenSSH\;C:\Program Files (x86)\GnuPG\bin;C:\Program Files\nodejs\;D:\IDE\apache-maven-3.2.5\bin;C:\Program Files\dotnet\;C:\Ruby25-x64\bin;D:\IDE\Python36\Scripts\;D:\IDE\Python36\;C:\Users\Nanni\AppData\Local\Microsoft\WindowsApps;C:\Users\Nanni\AppData\Local\GitHubDesktop\bin;C:\Program Files\Docker Toolbox;C:\Users\Nanni\AppData\Roaming\npm;C:\Users\Nanni\AppData\Local\atom\bin;C:\Users\Nanni\AppData\Local\Microsoft\WindowsApps;C:\Users\Nanni\AppData\Local\Google\Cloud SDK\google-cloud-sdk\bin;C:\Program Files (x86)\Google\google_appengine\;D:\IDE\Eclipse-java-latest-released\eclipse;;., java.vendor=Oracle Corporation, env.ERROR_CODE=0, classworlds.conf=D:\IDE\apache-maven-3.2.5\bin\..\bin\m2.conf, sun.io.unicode.encoding=UnicodeLittle, sun.desktop=windows, user.timezone=Europe/Paris, env.MAVEN_JAVA_EXE=""D:\IDE\Java\openjdk-11u-11.0.4_11"\bin\java.exe", os.name=Windows 10, java.vm.specification.version=11, env.=EXITCODE=00000001, user.home=C:\Users\Nanni, env.JRE_HOME=D:\IDE\Java\openjdk-11u-11.0.4_11\bin, env.ALLUSERSPROFILE=C:\ProgramData, env.DOCKER_MACHINE_NAME=default, env.SESSIONNAME=Console, java.awt.graphicsenv=sun.awt.Win32GraphicsEnvironment, env.DOCKER_CERT_PATH=C:\Users\Nanni\.docker\machine\machines\default, env.PYTHONPATH=C:\Program Files\Python\Python2.7.8, env.DOCKER_TLS_VERIFY=1, path.separator=;, os.version=10.0, env.CLASSWORLDS_LAUNCHER=org.codehaus.plexus.classworlds.launcher.Launcher, env.PATHEXT=.COM;.EXE;.BAT;.CMD;.VBS;.VBE;.JS;.JSE;.WSF;.WSH;.MSC;.RB;.RBW, java.vm.name=OpenJDK 64-Bit Server VM, env.M2_HOME=D:\IDE\apache-maven-3.2.5\bin\.., env.USERNAME=Nanni, os.arch=amd64, java.vm.info=mixed mode, env.TEMP=C:\Users\Nanni\AppData\Local\Temp, java.class.version=55.0, awt.toolkit=sun.awt.windows.WToolkit, env.ONEDRIVE=C:\Users\Nanni\OneDrive, sun.jnu.encoding=Cp1252, maven.build.version=Apache Maven 3.2.5 (12a6b3acb947671f09b81f49094c53f426d8cea1; 2014-12-14T18:29:23+01:00), maven.home=D:\IDE\apache-maven-3.2.5\bin\.., sun.stderr.encoding=cp850, env.JAVA_HOME="D:\IDE\Java\openjdk-11u-11.0.4_11", env.PROGRAMFILES=C:\Program Files, file.separator=\, java.vm.compressedOopsMode=Zero based, env.CLASSWORLDS_JAR="D:\IDE\apache-maven-3.2.5\bin\..\boot\plexus-classworlds-2.5.2.jar", line.separator=
, env.PROMPT=$P$G, env.PROCESSOR_REVISION=3d04, env.PROCESSOR_IDENTIFIER=Intel64 Family 6 Model 61 Stepping 4, GenuineIntel, env.PROGRAMDATA=C:\ProgramData, user.name=Nanni, env.DRIVERDATA=C:\Windows\System32\Drivers\DriverData, env.SYSTEMDRIVE=C:, env.VBOX_MSI_INSTALL_PATH=C:\Program Files\Oracle\VirtualBox\, env.PROGRAMFILES(X86)=C:\Program Files (x86), env.PROCESSOR_LEVEL=6, env.HOMEDRIVE=C:, env.PSMODULEPATH=C:\Users\Nanni\Documents\WindowsPowerShell\Modules;C:\Users\Nanni\AppData\Local\Google\Cloud SDK\google-cloud-sdk\platform\PowerShell, env.TMP=C:\Users\Nanni\AppData\Local\Temp, sun.os.patch.level=, env.TMPDIR=C:\Users\Public\Documents\Wondershare\CreatorTemp, env.LOGONSERVER=\\DESKTOP-G3JG4A8, env.WINDIR=C:\WINDOWS, java.class.path=D:\IDE\apache-maven-3.2.5\bin\..\boot\plexus-classworlds-2.5.2.jar, env.HOME=C:\Users\Nanni, java.vm.vendor=Oracle Corporation, env.PROCESSOR_ARCHITECTURE=AMD64, user.variant=, env.COMMONPROGRAMFILES=C:\Program Files\Common Files, sun.java.launcher=SUN_STANDARD, user.country=ES, env.PHPRC=C:\Program Files (x86)\PHP\PHP5\, env.USERDOMAIN=DESKTOP-G3JG4A8, env.COMSPEC=C:\WINDOWS\system32\cmd.exe, sun.cpu.endian=little, user.language=es, env.COMPOSE_CONVERT_WINDOWS_PATHS=true, env.DOCKER_TOOLBOX_INSTALL_PATH=C:\Program Files\Docker Toolbox, env.=C:=C:\, java.runtime.name=OpenJDK Runtime Environment, project.build.sourceEncoding=UTF-8, env.COMMONPROGRAMFILES(X86)=C:\Program Files (x86)\Common Files, env.MAVEN_CMD_LINE_ARGS=test -X, java.vendor.url.bug=http://bugreport.java.com/bugreport/, env.NO_PROXY=192.168.99.100,192.168.99.101, user.dir=D:\IDE\git\openhospital-core, env.ONEDRIVECONSUMER=C:\Users\Nanni\OneDrive, env.=D:=D:\IDE\git\openhospital-core, java.vm.version=11.0.4+11}
[INFO] Using 'UTF-8' encoding to copy filtered resources.
[DEBUG] resource with targetPath null
directory D:\IDE\git\openhospital-core\src\main\resources
excludes []
includes []
[DEBUG] ignoreDelta true
[INFO] Copying 4 resources
[DEBUG] file applicationContext.xml has a filtered file extension
[DEBUG] copy D:\IDE\git\openhospital-core\src\main\resources\applicationContext.xml to D:\IDE\git\openhospital-core\target\classes\applicationContext.xml
[DEBUG] file database.properties has a filtered file extension
[DEBUG] copy D:\IDE\git\openhospital-core\src\main\resources\database.properties to D:\IDE\git\openhospital-core\target\classes\database.properties
[DEBUG] file database.properties.sample has a filtered file extension
[DEBUG] copy D:\IDE\git\openhospital-core\src\main\resources\database.properties.sample to D:\IDE\git\openhospital-core\target\classes\database.properties.sample
[DEBUG] file log4j.properties has a filtered file extension
[DEBUG] copy D:\IDE\git\openhospital-core\src\main\resources\log4j.properties to D:\IDE\git\openhospital-core\target\classes\log4j.properties
[DEBUG] no use filter components
[INFO] 
[INFO] --- maven-compiler-plugin:3.1:compile (default-compile) @ OH-core ---
[DEBUG] Dependency collection stats: {ConflictMarker.analyzeTime=1, ConflictMarker.markTime=0, ConflictMarker.nodeCount=160, ConflictIdSorter.graphTime=1, ConflictIdSorter.topsortTime=1, ConflictIdSorter.conflictIdCount=43, ConflictIdSorter.conflictIdCycleCount=0, ConflictResolver.totalTime=3, ConflictResolver.conflictItemCount=63, DefaultDependencyCollector.collectTime=263, DefaultDependencyCollector.transformTime=6}
[DEBUG] org.apache.maven.plugins:maven-compiler-plugin:jar:3.1:
[DEBUG]    org.apache.maven:maven-plugin-api:jar:2.0.9:compile
[DEBUG]    org.apache.maven:maven-artifact:jar:2.0.9:compile
[DEBUG]       org.codehaus.plexus:plexus-utils:jar:1.5.1:compile
[DEBUG]    org.apache.maven:maven-core:jar:2.0.9:compile
[DEBUG]       org.apache.maven:maven-settings:jar:2.0.9:compile
[DEBUG]       org.apache.maven:maven-plugin-parameter-documenter:jar:2.0.9:compile
[DEBUG]       org.apache.maven:maven-profile:jar:2.0.9:compile
[DEBUG]       org.apache.maven:maven-model:jar:2.0.9:compile
[DEBUG]       org.apache.maven:maven-repository-metadata:jar:2.0.9:compile
[DEBUG]       org.apache.maven:maven-error-diagnostics:jar:2.0.9:compile
[DEBUG]       org.apache.maven:maven-project:jar:2.0.9:compile
[DEBUG]          org.apache.maven:maven-plugin-registry:jar:2.0.9:compile
[DEBUG]       org.apache.maven:maven-plugin-descriptor:jar:2.0.9:compile
[DEBUG]       org.apache.maven:maven-artifact-manager:jar:2.0.9:compile
[DEBUG]       org.apache.maven:maven-monitor:jar:2.0.9:compile
[DEBUG]    org.apache.maven:maven-toolchain:jar:1.0:compile
[DEBUG]    org.apache.maven.shared:maven-shared-utils:jar:0.1:compile
[DEBUG]       com.google.code.findbugs:jsr305:jar:2.0.1:compile
[DEBUG]    org.apache.maven.shared:maven-shared-incremental:jar:1.1:compile
[DEBUG]       org.codehaus.plexus:plexus-component-annotations:jar:1.5.5:compile
[DEBUG]    org.codehaus.plexus:plexus-compiler-api:jar:2.2:compile
[DEBUG]    org.codehaus.plexus:plexus-compiler-manager:jar:2.2:compile
[DEBUG]    org.codehaus.plexus:plexus-compiler-javac:jar:2.2:runtime
[DEBUG]    org.codehaus.plexus:plexus-container-default:jar:1.5.5:compile
[DEBUG]       org.codehaus.plexus:plexus-classworlds:jar:2.2.2:compile
[DEBUG]       org.apache.xbean:xbean-reflect:jar:3.4:compile
[DEBUG]          log4j:log4j:jar:1.2.12:compile
[DEBUG]          commons-logging:commons-logging-api:jar:1.1:compile
[DEBUG]       com.google.collections:google-collections:jar:1.0:compile
[DEBUG]       junit:junit:jar:3.8.2:compile
[DEBUG] Created new class realm plugin>org.apache.maven.plugins:maven-compiler-plugin:3.1
[DEBUG] Importing foreign packages into class realm plugin>org.apache.maven.plugins:maven-compiler-plugin:3.1
[DEBUG]   Imported:  < maven.api
[DEBUG] Populating class realm plugin>org.apache.maven.plugins:maven-compiler-plugin:3.1
[DEBUG]   Included: org.apache.maven.plugins:maven-compiler-plugin:jar:3.1
[DEBUG]   Included: org.codehaus.plexus:plexus-utils:jar:1.5.1
[DEBUG]   Included: org.apache.maven.shared:maven-shared-utils:jar:0.1
[DEBUG]   Included: com.google.code.findbugs:jsr305:jar:2.0.1
[DEBUG]   Included: org.apache.maven.shared:maven-shared-incremental:jar:1.1
[DEBUG]   Included: org.codehaus.plexus:plexus-component-annotations:jar:1.5.5
[DEBUG]   Included: org.codehaus.plexus:plexus-compiler-api:jar:2.2
[DEBUG]   Included: org.codehaus.plexus:plexus-compiler-manager:jar:2.2
[DEBUG]   Included: org.codehaus.plexus:plexus-compiler-javac:jar:2.2
[DEBUG]   Included: org.apache.xbean:xbean-reflect:jar:3.4
[DEBUG]   Included: log4j:log4j:jar:1.2.12
[DEBUG]   Included: commons-logging:commons-logging-api:jar:1.1
[DEBUG]   Included: com.google.collections:google-collections:jar:1.0
[DEBUG]   Included: junit:junit:jar:3.8.2
[DEBUG]   Excluded: org.apache.maven:maven-plugin-api:jar:2.0.9
[DEBUG]   Excluded: org.apache.maven:maven-artifact:jar:2.0.9
[DEBUG]   Excluded: org.apache.maven:maven-core:jar:2.0.9
[DEBUG]   Excluded: org.apache.maven:maven-settings:jar:2.0.9
[DEBUG]   Excluded: org.apache.maven:maven-plugin-parameter-documenter:jar:2.0.9
[DEBUG]   Excluded: org.apache.maven:maven-profile:jar:2.0.9
[DEBUG]   Excluded: org.apache.maven:maven-model:jar:2.0.9
[DEBUG]   Excluded: org.apache.maven:maven-repository-metadata:jar:2.0.9
[DEBUG]   Excluded: org.apache.maven:maven-error-diagnostics:jar:2.0.9
[DEBUG]   Excluded: org.apache.maven:maven-project:jar:2.0.9
[DEBUG]   Excluded: org.apache.maven:maven-plugin-registry:jar:2.0.9
[DEBUG]   Excluded: org.apache.maven:maven-plugin-descriptor:jar:2.0.9
[DEBUG]   Excluded: org.apache.maven:maven-artifact-manager:jar:2.0.9
[DEBUG]   Excluded: org.apache.maven:maven-monitor:jar:2.0.9
[DEBUG]   Excluded: org.apache.maven:maven-toolchain:jar:1.0
[DEBUG]   Excluded: org.codehaus.plexus:plexus-container-default:jar:1.5.5
[DEBUG]   Excluded: org.codehaus.plexus:plexus-classworlds:jar:2.2.2
[DEBUG] Configuring mojo org.apache.maven.plugins:maven-compiler-plugin:3.1:compile from plugin realm ClassRealm[plugin>org.apache.maven.plugins:maven-compiler-plugin:3.1, parent: jdk.internal.loader.ClassLoaders$AppClassLoader@30946e09]
[DEBUG] Configuring mojo 'org.apache.maven.plugins:maven-compiler-plugin:3.1:compile' with basic configurator -->
[DEBUG]   (f) basedir = D:\IDE\git\openhospital-core
[DEBUG]   (f) buildDirectory = D:\IDE\git\openhospital-core\target
[DEBUG]   (f) classpathElements = [D:\IDE\git\openhospital-core\target\classes, C:\Users\Nanni\.m2\repository\com\drewnoakes\metadata-extractor\2.10.0\metadata-extractor-2.10.0.jar, C:\Users\Nanni\.m2\repository\com\adobe\xmp\xmpcore\5.1.3\xmpcore-5.1.3.jar, C:\Users\Nanni\.m2\repository\com\googlecode\gstreamer-java\gstreamer-java\1.4\gstreamer-java-1.4.jar, C:\Users\Nanni\.m2\repository\net\java\dev\jna\jna\3.2.2\jna-3.2.2.jar, C:\Users\Nanni\.m2\repository\org\eclipse\swt\win32\win32\x86\3.3.0-v3346\x86-3.3.0-v3346.jar, C:\Users\Nanni\.m2\repository\codeanticode\gsvideo\gsvideo_isf\1.0\gsvideo_isf-1.0.jar, C:\Users\Nanni\.m2\repository\org\apache\httpcomponents\httpclient\4.5.3\httpclient-4.5.3.jar, C:\Users\Nanni\.m2\repository\commons-logging\commons-logging\1.2\commons-logging-1.2.jar, C:\Users\Nanni\.m2\repository\commons-codec\commons-codec\1.9\commons-codec-1.9.jar, C:\Users\Nanni\.m2\repository\org\apache\httpcomponents\httpcore\4.4.4\httpcore-4.4.4.jar, C:\Users\Nanni\.m2\repository\jasperreports\jasperreports\3.0.0\jasperreports-3.0.0.jar, C:\Users\Nanni\.m2\repository\commons-beanutils\commons-beanutils\1.7.0\commons-beanutils-1.7.0.jar, C:\Users\Nanni\.m2\repository\commons-collections\commons-collections\20040616\commons-collections-20040616.jar, C:\Users\Nanni\.m2\repository\commons-digester\commons-digester\2.1\commons-digester-2.1.jar, C:\Users\Nanni\.m2\repository\jfree\jcommon\1.0.16\jcommon-1.0.16.jar, C:\Users\Nanni\.m2\repository\jfree\jfreechart\1.0.13\jfreechart-1.0.13.jar, C:\Users\Nanni\.m2\repository\xml-apis\xml-apis\1.3.02\xml-apis-1.3.02.jar, C:\Users\Nanni\.m2\repository\eclipse\jdtcore\3.2.0.v_658\jdtcore-3.2.0.v_658.jar, C:\Users\Nanni\.m2\repository\com\lowagie\itext\1.02b\itext-1.02b.jar, C:\Users\Nanni\.m2\repository\joda-time\joda-time\2.2\joda-time-2.2.jar, C:\Users\Nanni\.m2\repository\com\sun\media\jai_imageio\1.1\jai_imageio-1.1.jar, C:\Users\Nanni\.m2\repository\javax\media\jai-core\1.1.3\jai-core-1.1.3.jar, C:\Users\Nanni\.m2\repository\com\sun\clibwrapper_jiio\1.1\clibwrapper_jiio-1.1.jar, C:\Users\Nanni\.m2\repository\mysql\mysql-connector-java\5.1.14\mysql-connector-java-5.1.14.jar, C:\Users\Nanni\.m2\repository\org\rxtx\rxtx\2.1.7\rxtx-2.1.7.jar, C:\Users\Nanni\.m2\repository\javax\xml\bind\jaxb-api\2.2.11\jaxb-api-2.2.11.jar, C:\Users\Nanni\.m2\repository\com\sun\xml\bind\jaxb-core\2.2.11\jaxb-core-2.2.11.jar, C:\Users\Nanni\.m2\repository\com\sun\xml\bind\jaxb-impl\2.2.11\jaxb-impl-2.2.11.jar, C:\Users\Nanni\.m2\repository\javax\activation\activation\1.1.1\activation-1.1.1.jar, C:\Users\Nanni\.m2\repository\dcm4che\dcm4che-core\2.0.26\dcm4che-core-2.0.26.jar, C:\Users\Nanni\.m2\repository\dcm4che\dcm4che-imageio\2.0.26\dcm4che-imageio-2.0.26.jar, C:\Users\Nanni\.m2\repository\dcm4che\dcm4che-image\2.0.26\dcm4che-image-2.0.26.jar, C:\Users\Nanni\.m2\repository\org\apache\poi\poi\3.7\poi-3.7.jar, C:\Users\Nanni\.m2\repository\org\apache\poi\poi-ooxml\3.7\poi-ooxml-3.7.jar, C:\Users\Nanni\.m2\repository\org\apache\poi\poi-ooxml-schemas\3.7\poi-ooxml-schemas-3.7.jar, C:\Users\Nanni\.m2\repository\org\apache\xmlbeans\xmlbeans\2.3.0\xmlbeans-2.3.0.jar, C:\Users\Nanni\.m2\repository\stax\stax-api\1.0.1\stax-api-1.0.1.jar, C:\Users\Nanni\.m2\repository\org\apache\geronimo\specs\geronimo-stax-api_1.0_spec\1.0\geronimo-stax-api_1.0_spec-1.0.jar, C:\Users\Nanni\.m2\repository\dom4j\dom4j\1.6.1\dom4j-1.6.1.jar, C:\Users\Nanni\.m2\repository\org\slf4j\slf4j-api\1.6.4\slf4j-api-1.6.4.jar, C:\Users\Nanni\.m2\repository\org\slf4j\slf4j-log4j12\1.6.4\slf4j-log4j12-1.6.4.jar, C:\Users\Nanni\.m2\repository\log4j\log4j\1.2.16\log4j-1.2.16.jar, C:\Users\Nanni\.m2\repository\org\igniterealtime\smack\smack\3.2.1\smack-3.2.1.jar, C:\Users\Nanni\.m2\repository\org\igniterealtime\smack\smackx\3.2.1\smackx-3.2.1.jar, C:\Users\Nanni\.m2\repository\org\hibernate\hibernate-core\4.2.13.Final\hibernate-core-4.2.13.Final.jar, C:\Users\Nanni\.m2\repository\antlr\antlr\2.7.7\antlr-2.7.7.jar, C:\Users\Nanni\.m2\repository\org\jboss\logging\jboss-logging\3.1.0.GA\jboss-logging-3.1.0.GA.jar, C:\Users\Nanni\.m2\repository\org\javassist\javassist\3.18.1-GA\javassist-3.18.1-GA.jar, C:\Users\Nanni\.m2\repository\org\jboss\spec\javax\transaction\jboss-transaction-api_1.1_spec\1.0.1.Final\jboss-transaction-api_1.1_spec-1.0.1.Final.jar, C:\Users\Nanni\.m2\repository\org\hibernate\common\hibernate-commons-annotations\4.0.2.Final\hibernate-commons-annotations-4.0.2.Final.jar, C:\Users\Nanni\.m2\repository\org\hibernate\javax\persistence\hibernate-jpa-2.0-api\1.0.1.Final\hibernate-jpa-2.0-api-1.0.1.Final.jar, C:\Users\Nanni\.m2\repository\org\hibernate\hibernate-entitymanager\4.2.5.Final\hibernate-entitymanager-4.2.5.Final.jar, C:\Users\Nanni\.m2\repository\org\hibernate\hibernate-c3p0\4.2.13.Final\hibernate-c3p0-4.2.13.Final.jar, C:\Users\Nanni\.m2\repository\com\mchange\c3p0\0.9.2.1\c3p0-0.9.2.1.jar, C:\Users\Nanni\.m2\repository\com\mchange\mchange-commons-java\0.2.3.4\mchange-commons-java-0.2.3.4.jar, C:\Users\Nanni\.m2\repository\javax\validation\validation-api\1.1.0.Final\validation-api-1.1.0.Final.jar, C:\Users\Nanni\.m2\repository\org\imgscalr\imgscalr-lib\4.2\imgscalr-lib-4.2.jar, C:\Users\Nanni\.m2\repository\org\springframework\spring-orm\4.3.18.RELEASE\spring-orm-4.3.18.RELEASE.jar, C:\Users\Nanni\.m2\repository\org\springframework\spring-jdbc\4.3.18.RELEASE\spring-jdbc-4.3.18.RELEASE.jar, C:\Users\Nanni\.m2\repository\org\springframework\spring-beans\4.3.18.RELEASE\spring-beans-4.3.18.RELEASE.jar, C:\Users\Nanni\.m2\repository\org\springframework\spring-context\4.3.18.RELEASE\spring-context-4.3.18.RELEASE.jar, C:\Users\Nanni\.m2\repository\org\springframework\spring-aop\4.3.18.RELEASE\spring-aop-4.3.18.RELEASE.jar, C:\Users\Nanni\.m2\repository\org\springframework\spring-expression\4.3.18.RELEASE\spring-expression-4.3.18.RELEASE.jar, C:\Users\Nanni\.m2\repository\org\springframework\spring-core\4.3.18.RELEASE\spring-core-4.3.18.RELEASE.jar, C:\Users\Nanni\.m2\repository\org\springframework\spring-tx\4.3.18.RELEASE\spring-tx-4.3.18.RELEASE.jar, C:\Users\Nanni\.m2\repository\org\springframework\data\spring-data-jpa\1.11.23.RELEASE\spring-data-jpa-1.11.23.RELEASE.jar, C:\Users\Nanni\.m2\repository\org\springframework\data\spring-data-commons\1.13.23.RELEASE\spring-data-commons-1.13.23.RELEASE.jar, C:\Users\Nanni\.m2\repository\org\aspectj\aspectjrt\1.8.13\aspectjrt-1.8.13.jar, C:\Users\Nanni\.m2\repository\org\aspectj\aspectjweaver\1.8.13\aspectjweaver-1.8.13.jar, C:\Users\Nanni\.m2\repository\org\springframework\spring-aspects\4.3.18.RELEASE\spring-aspects-4.3.18.RELEASE.jar]
[DEBUG]   (f) compileSourceRoots = [D:\IDE\git\openhospital-core\src\main\java]
[DEBUG]   (f) compilerId = javac
[DEBUG]   (f) debug = true
[DEBUG]   (f) encoding = UTF-8
[DEBUG]   (f) failOnError = true
[DEBUG]   (f) forceJavacCompilerUse = false
[DEBUG]   (f) fork = false
[DEBUG]   (f) generatedSourcesDirectory = D:\IDE\git\openhospital-core\target\generated-sources\annotations
[DEBUG]   (f) mojoExecution = org.apache.maven.plugins:maven-compiler-plugin:3.1:compile {execution: default-compile}
[DEBUG]   (f) optimize = false
[DEBUG]   (f) outputDirectory = D:\IDE\git\openhospital-core\target\classes
[DEBUG]   (f) projectArtifact = org.isf:OH-core:jar:1.10
[DEBUG]   (f) showDeprecation = false
[DEBUG]   (f) showWarnings = false
[DEBUG]   (f) skipMultiThreadWarning = false
[DEBUG]   (f) source = 1.6
[DEBUG]   (f) staleMillis = 0
[DEBUG]   (f) target = 1.6
[DEBUG]   (f) useIncrementalCompilation = true
[DEBUG]   (f) verbose = false
[DEBUG]   (f) mavenSession = org.apache.maven.execution.MavenSession@350a94ce
[DEBUG]   (f) session = org.apache.maven.execution.MavenSession@350a94ce
[DEBUG] -- end configuration --
[DEBUG] Using compiler 'javac'.
[DEBUG] Source directories: [D:\IDE\git\openhospital-core\src\main\java]
[DEBUG] Classpath: [D:\IDE\git\openhospital-core\target\classes
 C:\Users\Nanni\.m2\repository\com\drewnoakes\metadata-extractor\2.10.0\metadata-extractor-2.10.0.jar
 C:\Users\Nanni\.m2\repository\com\adobe\xmp\xmpcore\5.1.3\xmpcore-5.1.3.jar
 C:\Users\Nanni\.m2\repository\com\googlecode\gstreamer-java\gstreamer-java\1.4\gstreamer-java-1.4.jar
 C:\Users\Nanni\.m2\repository\net\java\dev\jna\jna\3.2.2\jna-3.2.2.jar
 C:\Users\Nanni\.m2\repository\org\eclipse\swt\win32\win32\x86\3.3.0-v3346\x86-3.3.0-v3346.jar
 C:\Users\Nanni\.m2\repository\codeanticode\gsvideo\gsvideo_isf\1.0\gsvideo_isf-1.0.jar
 C:\Users\Nanni\.m2\repository\org\apache\httpcomponents\httpclient\4.5.3\httpclient-4.5.3.jar
 C:\Users\Nanni\.m2\repository\commons-logging\commons-logging\1.2\commons-logging-1.2.jar
 C:\Users\Nanni\.m2\repository\commons-codec\commons-codec\1.9\commons-codec-1.9.jar
 C:\Users\Nanni\.m2\repository\org\apache\httpcomponents\httpcore\4.4.4\httpcore-4.4.4.jar
 C:\Users\Nanni\.m2\repository\jasperreports\jasperreports\3.0.0\jasperreports-3.0.0.jar
 C:\Users\Nanni\.m2\repository\commons-beanutils\commons-beanutils\1.7.0\commons-beanutils-1.7.0.jar
 C:\Users\Nanni\.m2\repository\commons-collections\commons-collections\20040616\commons-collections-20040616.jar
 C:\Users\Nanni\.m2\repository\commons-digester\commons-digester\2.1\commons-digester-2.1.jar
 C:\Users\Nanni\.m2\repository\jfree\jcommon\1.0.16\jcommon-1.0.16.jar
 C:\Users\Nanni\.m2\repository\jfree\jfreechart\1.0.13\jfreechart-1.0.13.jar
 C:\Users\Nanni\.m2\repository\xml-apis\xml-apis\1.3.02\xml-apis-1.3.02.jar
 C:\Users\Nanni\.m2\repository\eclipse\jdtcore\3.2.0.v_658\jdtcore-3.2.0.v_658.jar
 C:\Users\Nanni\.m2\repository\com\lowagie\itext\1.02b\itext-1.02b.jar
 C:\Users\Nanni\.m2\repository\joda-time\joda-time\2.2\joda-time-2.2.jar
 C:\Users\Nanni\.m2\repository\com\sun\media\jai_imageio\1.1\jai_imageio-1.1.jar
 C:\Users\Nanni\.m2\repository\javax\media\jai-core\1.1.3\jai-core-1.1.3.jar
 C:\Users\Nanni\.m2\repository\com\sun\clibwrapper_jiio\1.1\clibwrapper_jiio-1.1.jar
 C:\Users\Nanni\.m2\repository\mysql\mysql-connector-java\5.1.14\mysql-connector-java-5.1.14.jar
 C:\Users\Nanni\.m2\repository\org\rxtx\rxtx\2.1.7\rxtx-2.1.7.jar
 C:\Users\Nanni\.m2\repository\javax\xml\bind\jaxb-api\2.2.11\jaxb-api-2.2.11.jar
 C:\Users\Nanni\.m2\repository\com\sun\xml\bind\jaxb-core\2.2.11\jaxb-core-2.2.11.jar
 C:\Users\Nanni\.m2\repository\com\sun\xml\bind\jaxb-impl\2.2.11\jaxb-impl-2.2.11.jar
 C:\Users\Nanni\.m2\repository\javax\activation\activation\1.1.1\activation-1.1.1.jar
 C:\Users\Nanni\.m2\repository\dcm4che\dcm4che-core\2.0.26\dcm4che-core-2.0.26.jar
 C:\Users\Nanni\.m2\repository\dcm4che\dcm4che-imageio\2.0.26\dcm4che-imageio-2.0.26.jar
 C:\Users\Nanni\.m2\repository\dcm4che\dcm4che-image\2.0.26\dcm4che-image-2.0.26.jar
 C:\Users\Nanni\.m2\repository\org\apache\poi\poi\3.7\poi-3.7.jar
 C:\Users\Nanni\.m2\repository\org\apache\poi\poi-ooxml\3.7\poi-ooxml-3.7.jar
 C:\Users\Nanni\.m2\repository\org\apache\poi\poi-ooxml-schemas\3.7\poi-ooxml-schemas-3.7.jar
 C:\Users\Nanni\.m2\repository\org\apache\xmlbeans\xmlbeans\2.3.0\xmlbeans-2.3.0.jar
 C:\Users\Nanni\.m2\repository\stax\stax-api\1.0.1\stax-api-1.0.1.jar
 C:\Users\Nanni\.m2\repository\org\apache\geronimo\specs\geronimo-stax-api_1.0_spec\1.0\geronimo-stax-api_1.0_spec-1.0.jar
 C:\Users\Nanni\.m2\repository\dom4j\dom4j\1.6.1\dom4j-1.6.1.jar
 C:\Users\Nanni\.m2\repository\org\slf4j\slf4j-api\1.6.4\slf4j-api-1.6.4.jar
 C:\Users\Nanni\.m2\repository\org\slf4j\slf4j-log4j12\1.6.4\slf4j-log4j12-1.6.4.jar
 C:\Users\Nanni\.m2\repository\log4j\log4j\1.2.16\log4j-1.2.16.jar
 C:\Users\Nanni\.m2\repository\org\igniterealtime\smack\smack\3.2.1\smack-3.2.1.jar
 C:\Users\Nanni\.m2\repository\org\igniterealtime\smack\smackx\3.2.1\smackx-3.2.1.jar
 C:\Users\Nanni\.m2\repository\org\hibernate\hibernate-core\4.2.13.Final\hibernate-core-4.2.13.Final.jar
 C:\Users\Nanni\.m2\repository\antlr\antlr\2.7.7\antlr-2.7.7.jar
 C:\Users\Nanni\.m2\repository\org\jboss\logging\jboss-logging\3.1.0.GA\jboss-logging-3.1.0.GA.jar
 C:\Users\Nanni\.m2\repository\org\javassist\javassist\3.18.1-GA\javassist-3.18.1-GA.jar
 C:\Users\Nanni\.m2\repository\org\jboss\spec\javax\transaction\jboss-transaction-api_1.1_spec\1.0.1.Final\jboss-transaction-api_1.1_spec-1.0.1.Final.jar
 C:\Users\Nanni\.m2\repository\org\hibernate\common\hibernate-commons-annotations\4.0.2.Final\hibernate-commons-annotations-4.0.2.Final.jar
 C:\Users\Nanni\.m2\repository\org\hibernate\javax\persistence\hibernate-jpa-2.0-api\1.0.1.Final\hibernate-jpa-2.0-api-1.0.1.Final.jar
 C:\Users\Nanni\.m2\repository\org\hibernate\hibernate-entitymanager\4.2.5.Final\hibernate-entitymanager-4.2.5.Final.jar
 C:\Users\Nanni\.m2\repository\org\hibernate\hibernate-c3p0\4.2.13.Final\hibernate-c3p0-4.2.13.Final.jar
 C:\Users\Nanni\.m2\repository\com\mchange\c3p0\0.9.2.1\c3p0-0.9.2.1.jar
 C:\Users\Nanni\.m2\repository\com\mchange\mchange-commons-java\0.2.3.4\mchange-commons-java-0.2.3.4.jar
 C:\Users\Nanni\.m2\repository\javax\validation\validation-api\1.1.0.Final\validation-api-1.1.0.Final.jar
 C:\Users\Nanni\.m2\repository\org\imgscalr\imgscalr-lib\4.2\imgscalr-lib-4.2.jar
 C:\Users\Nanni\.m2\repository\org\springframework\spring-orm\4.3.18.RELEASE\spring-orm-4.3.18.RELEASE.jar
 C:\Users\Nanni\.m2\repository\org\springframework\spring-jdbc\4.3.18.RELEASE\spring-jdbc-4.3.18.RELEASE.jar
 C:\Users\Nanni\.m2\repository\org\springframework\spring-beans\4.3.18.RELEASE\spring-beans-4.3.18.RELEASE.jar
 C:\Users\Nanni\.m2\repository\org\springframework\spring-context\4.3.18.RELEASE\spring-context-4.3.18.RELEASE.jar
 C:\Users\Nanni\.m2\repository\org\springframework\spring-aop\4.3.18.RELEASE\spring-aop-4.3.18.RELEASE.jar
 C:\Users\Nanni\.m2\repository\org\springframework\spring-expression\4.3.18.RELEASE\spring-expression-4.3.18.RELEASE.jar
 C:\Users\Nanni\.m2\repository\org\springframework\spring-core\4.3.18.RELEASE\spring-core-4.3.18.RELEASE.jar
 C:\Users\Nanni\.m2\repository\org\springframework\spring-tx\4.3.18.RELEASE\spring-tx-4.3.18.RELEASE.jar
 C:\Users\Nanni\.m2\repository\org\springframework\data\spring-data-jpa\1.11.23.RELEASE\spring-data-jpa-1.11.23.RELEASE.jar
 C:\Users\Nanni\.m2\repository\org\springframework\data\spring-data-commons\1.13.23.RELEASE\spring-data-commons-1.13.23.RELEASE.jar
 C:\Users\Nanni\.m2\repository\org\aspectj\aspectjrt\1.8.13\aspectjrt-1.8.13.jar
 C:\Users\Nanni\.m2\repository\org\aspectj\aspectjweaver\1.8.13\aspectjweaver-1.8.13.jar
 C:\Users\Nanni\.m2\repository\org\springframework\spring-aspects\4.3.18.RELEASE\spring-aspects-4.3.18.RELEASE.jar]
[DEBUG] Output directory: D:\IDE\git\openhospital-core\target\classes
[DEBUG] CompilerReuseStrategy: reuseCreated
[DEBUG] useIncrementalCompilation enabled
[INFO] Nothing to compile - all classes are up to date
[INFO] 
[INFO] --- maven-resources-plugin:2.7:testResources (default-testResources) @ OH-core ---
[DEBUG] Configuring mojo org.apache.maven.plugins:maven-resources-plugin:2.7:testResources from plugin realm ClassRealm[plugin>org.apache.maven.plugins:maven-resources-plugin:2.7, parent: jdk.internal.loader.ClassLoaders$AppClassLoader@30946e09]
[DEBUG] Configuring mojo 'org.apache.maven.plugins:maven-resources-plugin:2.7:testResources' with basic configurator -->
[DEBUG]   (f) buildFilters = []
[DEBUG]   (f) encoding = UTF-8
[DEBUG]   (f) escapeWindowsPaths = true
[DEBUG]   (s) includeEmptyDirs = false
[DEBUG]   (s) outputDirectory = D:\IDE\git\openhospital-core\target\test-classes
[DEBUG]   (s) overwrite = false
[DEBUG]   (f) project = MavenProject: org.isf:OH-core:1.10 @ D:\IDE\git\openhospital-core\pom.xml
[DEBUG]   (s) resources = [Resource {targetPath: null, filtering: false, FileSet {directory: D:\IDE\git\openhospital-core\src\test\resources, PatternSet [includes: {}, excludes: {}]}}]
[DEBUG]   (f) session = org.apache.maven.execution.MavenSession@350a94ce
[DEBUG]   (f) supportMultiLineFiltering = false
[DEBUG]   (f) useBuildFilters = true
[DEBUG]   (s) useDefaultDelimiters = true
[DEBUG] -- end configuration --
[DEBUG] properties used {env.NUMBER_OF_PROCESSORS=4, env.USERPROFILE=C:\Users\Nanni, java.specification.version=11, sun.cpu.isalist=amd64, sun.arch.data.model=64, env.PROGRAMW6432=C:\Program Files, java.vendor.url=http://java.oracle.com/, env.OS=Windows_NT, env.RUBYOPT=-Eutf-8, spring.framework.version=4.3.18.RELEASE, sun.boot.library.path=D:\IDE\Java\openjdk-11u-11.0.4_11\bin, sun.java.command=org.codehaus.plexus.classworlds.launcher.Launcher test -X, env.SYSTEMROOT=C:\WINDOWS, jdk.debug=release, maven.version=3.2.5, java.specification.vendor=Oracle Corporation, java.version.date=2019-07-16, java.home=D:\IDE\Java\openjdk-11u-11.0.4_11, java.specification.name=Java Platform API Specification, java.vm.specification.vendor=Oracle Corporation, env.DOCKER_HOST=tcp://192.168.99.101:2376, env.LOCALAPPDATA=C:\Users\Nanni\AppData\Local, env.USERDOMAIN_ROAMINGPROFILE=DESKTOP-G3JG4A8, user.script=, sun.management.compiler=HotSpot 64-Bit Tiered Compilers, java.runtime.version=11.0.4+11, env.PATH=D:/IDE/Java/openjdk-11u-11.0.4_11/bin/server;D:/IDE/Java/openjdk-11u-11.0.4_11/bin;C:\Program Files (x86)\PHP\PHP5\;C:\Windows\System32;C:\Windows;C:\Windows\System32\wbem;C:\Windows\System32\WindowsPowerShell\v1.0\;C:\Program Files\MySQL\MySQL Utilities 1.6\;D:\IDE\Java\openjdk-11u-11.0.4_11\bin;C:\Program Files\Apache24\bin;C:\Program Files\Apache24;C:\Program Files\MySQL\MySQL Server 5.7\bin;C:\Program Files\Git\bin;C:\Program Files\Python\Python2.7.8;C:\Program Files\Microsoft Network Monitor 3\;C:\Windows\System32\OpenSSH\;C:\Program Files (x86)\GnuPG\bin;C:\Program Files\nodejs\;D:\IDE\apache-maven-3.2.5\bin;C:\Program Files\dotnet\;C:\Ruby25-x64\bin;D:\IDE\Python36\Scripts\;D:\IDE\Python36\;C:\Users\Nanni\AppData\Local\Microsoft\WindowsApps;C:\Users\Nanni\AppData\Local\GitHubDesktop\bin;C:\Program Files\Docker Toolbox;C:\Users\Nanni\AppData\Roaming\npm;C:\Users\Nanni\AppData\Local\atom\bin;C:\Users\Nanni\AppData\Local\Microsoft\WindowsApps;C:\Users\Nanni\AppData\Local\Google\Cloud SDK\google-cloud-sdk\bin;C:\Program Files (x86)\Google\google_appengine\;D:\IDE\Eclipse-java-latest-released\eclipse;, env.PUBLIC=C:\Users\Public, env.COMMONPROGRAMW6432=C:\Program Files\Common Files, file.encoding=Cp1252, java.vendor.version=18.9, env.COMPUTERNAME=DESKTOP-G3JG4A8, env.HOMEPATH=\Users\Nanni, env.APPDATA=C:\Users\Nanni\AppData\Roaming, java.io.tmpdir=C:\Users\Nanni\AppData\Local\Temp\, java.version=11.0.4, java.vm.specification.name=Java Virtual Machine Specification, java.awt.printerjob=sun.awt.windows.WPrinterJob, org.slf4j.simpleLogger.defaultLogLevel=debug, java.library.path=D:\IDE\Java\openjdk-11u-11.0.4_11\bin;C:\WINDOWS\Sun\Java\bin;C:\WINDOWS\system32;C:\WINDOWS;D:/IDE/Java/openjdk-11u-11.0.4_11/bin/server;D:/IDE/Java/openjdk-11u-11.0.4_11/bin;C:\Program Files (x86)\PHP\PHP5\;C:\Windows\System32;C:\Windows;C:\Windows\System32\wbem;C:\Windows\System32\WindowsPowerShell\v1.0\;C:\Program Files\MySQL\MySQL Utilities 1.6\;D:\IDE\Java\openjdk-11u-11.0.4_11\bin;C:\Program Files\Apache24\bin;C:\Program Files\Apache24;C:\Program Files\MySQL\MySQL Server 5.7\bin;C:\Program Files\Git\bin;C:\Program Files\Python\Python2.7.8;C:\Program Files\Microsoft Network Monitor 3\;C:\Windows\System32\OpenSSH\;C:\Program Files (x86)\GnuPG\bin;C:\Program Files\nodejs\;D:\IDE\apache-maven-3.2.5\bin;C:\Program Files\dotnet\;C:\Ruby25-x64\bin;D:\IDE\Python36\Scripts\;D:\IDE\Python36\;C:\Users\Nanni\AppData\Local\Microsoft\WindowsApps;C:\Users\Nanni\AppData\Local\GitHubDesktop\bin;C:\Program Files\Docker Toolbox;C:\Users\Nanni\AppData\Roaming\npm;C:\Users\Nanni\AppData\Local\atom\bin;C:\Users\Nanni\AppData\Local\Microsoft\WindowsApps;C:\Users\Nanni\AppData\Local\Google\Cloud SDK\google-cloud-sdk\bin;C:\Program Files (x86)\Google\google_appengine\;D:\IDE\Eclipse-java-latest-released\eclipse;;., java.vendor=Oracle Corporation, env.ERROR_CODE=0, classworlds.conf=D:\IDE\apache-maven-3.2.5\bin\..\bin\m2.conf, sun.io.unicode.encoding=UnicodeLittle, sun.desktop=windows, user.timezone=Europe/Paris, env.MAVEN_JAVA_EXE=""D:\IDE\Java\openjdk-11u-11.0.4_11"\bin\java.exe", os.name=Windows 10, java.vm.specification.version=11, env.=EXITCODE=00000001, user.home=C:\Users\Nanni, env.JRE_HOME=D:\IDE\Java\openjdk-11u-11.0.4_11\bin, env.ALLUSERSPROFILE=C:\ProgramData, env.DOCKER_MACHINE_NAME=default, env.SESSIONNAME=Console, java.awt.graphicsenv=sun.awt.Win32GraphicsEnvironment, env.DOCKER_CERT_PATH=C:\Users\Nanni\.docker\machine\machines\default, env.PYTHONPATH=C:\Program Files\Python\Python2.7.8, env.DOCKER_TLS_VERIFY=1, path.separator=;, os.version=10.0, env.CLASSWORLDS_LAUNCHER=org.codehaus.plexus.classworlds.launcher.Launcher, env.PATHEXT=.COM;.EXE;.BAT;.CMD;.VBS;.VBE;.JS;.JSE;.WSF;.WSH;.MSC;.RB;.RBW, java.vm.name=OpenJDK 64-Bit Server VM, env.M2_HOME=D:\IDE\apache-maven-3.2.5\bin\.., env.USERNAME=Nanni, os.arch=amd64, java.vm.info=mixed mode, env.TEMP=C:\Users\Nanni\AppData\Local\Temp, java.class.version=55.0, awt.toolkit=sun.awt.windows.WToolkit, env.ONEDRIVE=C:\Users\Nanni\OneDrive, sun.jnu.encoding=Cp1252, maven.build.version=Apache Maven 3.2.5 (12a6b3acb947671f09b81f49094c53f426d8cea1; 2014-12-14T18:29:23+01:00), maven.home=D:\IDE\apache-maven-3.2.5\bin\.., sun.stderr.encoding=cp850, env.JAVA_HOME="D:\IDE\Java\openjdk-11u-11.0.4_11", env.PROGRAMFILES=C:\Program Files, file.separator=\, java.vm.compressedOopsMode=Zero based, env.CLASSWORLDS_JAR="D:\IDE\apache-maven-3.2.5\bin\..\boot\plexus-classworlds-2.5.2.jar", line.separator=
, env.PROMPT=$P$G, env.PROCESSOR_REVISION=3d04, env.PROCESSOR_IDENTIFIER=Intel64 Family 6 Model 61 Stepping 4, GenuineIntel, env.PROGRAMDATA=C:\ProgramData, user.name=Nanni, env.DRIVERDATA=C:\Windows\System32\Drivers\DriverData, env.SYSTEMDRIVE=C:, env.VBOX_MSI_INSTALL_PATH=C:\Program Files\Oracle\VirtualBox\, env.PROGRAMFILES(X86)=C:\Program Files (x86), env.PROCESSOR_LEVEL=6, env.HOMEDRIVE=C:, env.PSMODULEPATH=C:\Users\Nanni\Documents\WindowsPowerShell\Modules;C:\Users\Nanni\AppData\Local\Google\Cloud SDK\google-cloud-sdk\platform\PowerShell, env.TMP=C:\Users\Nanni\AppData\Local\Temp, sun.os.patch.level=, env.TMPDIR=C:\Users\Public\Documents\Wondershare\CreatorTemp, env.LOGONSERVER=\\DESKTOP-G3JG4A8, env.WINDIR=C:\WINDOWS, java.class.path=D:\IDE\apache-maven-3.2.5\bin\..\boot\plexus-classworlds-2.5.2.jar, env.HOME=C:\Users\Nanni, java.vm.vendor=Oracle Corporation, env.PROCESSOR_ARCHITECTURE=AMD64, user.variant=, env.COMMONPROGRAMFILES=C:\Program Files\Common Files, sun.java.launcher=SUN_STANDARD, user.country=ES, env.PHPRC=C:\Program Files (x86)\PHP\PHP5\, env.USERDOMAIN=DESKTOP-G3JG4A8, env.COMSPEC=C:\WINDOWS\system32\cmd.exe, sun.cpu.endian=little, user.language=es, env.COMPOSE_CONVERT_WINDOWS_PATHS=true, env.DOCKER_TOOLBOX_INSTALL_PATH=C:\Program Files\Docker Toolbox, env.=C:=C:\, java.runtime.name=OpenJDK Runtime Environment, project.build.sourceEncoding=UTF-8, env.COMMONPROGRAMFILES(X86)=C:\Program Files (x86)\Common Files, env.MAVEN_CMD_LINE_ARGS=test -X, java.vendor.url.bug=http://bugreport.java.com/bugreport/, env.NO_PROXY=192.168.99.100,192.168.99.101, user.dir=D:\IDE\git\openhospital-core, env.ONEDRIVECONSUMER=C:\Users\Nanni\OneDrive, env.=D:=D:\IDE\git\openhospital-core, java.vm.version=11.0.4+11}
[INFO] Using 'UTF-8' encoding to copy filtered resources.
[DEBUG] resource with targetPath null
directory D:\IDE\git\openhospital-core\src\test\resources
excludes []
includes []
[INFO] skip non existing resourceDirectory D:\IDE\git\openhospital-core\src\test\resources
[DEBUG] no use filter components
[INFO] 
[INFO] --- maven-compiler-plugin:3.1:testCompile (default-testCompile) @ OH-core ---
[DEBUG] Configuring mojo org.apache.maven.plugins:maven-compiler-plugin:3.1:testCompile from plugin realm ClassRealm[plugin>org.apache.maven.plugins:maven-compiler-plugin:3.1, parent: jdk.internal.loader.ClassLoaders$AppClassLoader@30946e09]
[DEBUG] Configuring mojo 'org.apache.maven.plugins:maven-compiler-plugin:3.1:testCompile' with basic configurator -->
[DEBUG]   (f) basedir = D:\IDE\git\openhospital-core
[DEBUG]   (f) buildDirectory = D:\IDE\git\openhospital-core\target
[DEBUG]   (f) classpathElements = [D:\IDE\git\openhospital-core\target\test-classes, D:\IDE\git\openhospital-core\target\classes, C:\Users\Nanni\.m2\repository\com\drewnoakes\metadata-extractor\2.10.0\metadata-extractor-2.10.0.jar, C:\Users\Nanni\.m2\repository\com\adobe\xmp\xmpcore\5.1.3\xmpcore-5.1.3.jar, C:\Users\Nanni\.m2\repository\com\googlecode\gstreamer-java\gstreamer-java\1.4\gstreamer-java-1.4.jar, C:\Users\Nanni\.m2\repository\net\java\dev\jna\jna\3.2.2\jna-3.2.2.jar, C:\Users\Nanni\.m2\repository\org\eclipse\swt\win32\win32\x86\3.3.0-v3346\x86-3.3.0-v3346.jar, C:\Users\Nanni\.m2\repository\codeanticode\gsvideo\gsvideo_isf\1.0\gsvideo_isf-1.0.jar, C:\Users\Nanni\.m2\repository\org\apache\httpcomponents\httpclient\4.5.3\httpclient-4.5.3.jar, C:\Users\Nanni\.m2\repository\commons-logging\commons-logging\1.2\commons-logging-1.2.jar, C:\Users\Nanni\.m2\repository\commons-codec\commons-codec\1.9\commons-codec-1.9.jar, C:\Users\Nanni\.m2\repository\org\apache\httpcomponents\httpcore\4.4.4\httpcore-4.4.4.jar, C:\Users\Nanni\.m2\repository\jasperreports\jasperreports\3.0.0\jasperreports-3.0.0.jar, C:\Users\Nanni\.m2\repository\commons-beanutils\commons-beanutils\1.7.0\commons-beanutils-1.7.0.jar, C:\Users\Nanni\.m2\repository\commons-collections\commons-collections\20040616\commons-collections-20040616.jar, C:\Users\Nanni\.m2\repository\commons-digester\commons-digester\2.1\commons-digester-2.1.jar, C:\Users\Nanni\.m2\repository\jfree\jcommon\1.0.16\jcommon-1.0.16.jar, C:\Users\Nanni\.m2\repository\jfree\jfreechart\1.0.13\jfreechart-1.0.13.jar, C:\Users\Nanni\.m2\repository\xml-apis\xml-apis\1.3.02\xml-apis-1.3.02.jar, C:\Users\Nanni\.m2\repository\eclipse\jdtcore\3.2.0.v_658\jdtcore-3.2.0.v_658.jar, C:\Users\Nanni\.m2\repository\com\lowagie\itext\1.02b\itext-1.02b.jar, C:\Users\Nanni\.m2\repository\joda-time\joda-time\2.2\joda-time-2.2.jar, C:\Users\Nanni\.m2\repository\junit\junit\4.12\junit-4.12.jar, C:\Users\Nanni\.m2\repository\org\hamcrest\hamcrest-core\1.3\hamcrest-core-1.3.jar, C:\Users\Nanni\.m2\repository\com\sun\media\jai_imageio\1.1\jai_imageio-1.1.jar, C:\Users\Nanni\.m2\repository\javax\media\jai-core\1.1.3\jai-core-1.1.3.jar, C:\Users\Nanni\.m2\repository\com\sun\clibwrapper_jiio\1.1\clibwrapper_jiio-1.1.jar, C:\Users\Nanni\.m2\repository\mysql\mysql-connector-java\5.1.14\mysql-connector-java-5.1.14.jar, C:\Users\Nanni\.m2\repository\org\rxtx\rxtx\2.1.7\rxtx-2.1.7.jar, C:\Users\Nanni\.m2\repository\javax\xml\bind\jaxb-api\2.2.11\jaxb-api-2.2.11.jar, C:\Users\Nanni\.m2\repository\com\sun\xml\bind\jaxb-core\2.2.11\jaxb-core-2.2.11.jar, C:\Users\Nanni\.m2\repository\com\sun\xml\bind\jaxb-impl\2.2.11\jaxb-impl-2.2.11.jar, C:\Users\Nanni\.m2\repository\javax\activation\activation\1.1.1\activation-1.1.1.jar, C:\Users\Nanni\.m2\repository\dcm4che\dcm4che-core\2.0.26\dcm4che-core-2.0.26.jar, C:\Users\Nanni\.m2\repository\dcm4che\dcm4che-imageio\2.0.26\dcm4che-imageio-2.0.26.jar, C:\Users\Nanni\.m2\repository\dcm4che\dcm4che-image\2.0.26\dcm4che-image-2.0.26.jar, C:\Users\Nanni\.m2\repository\org\apache\poi\poi\3.7\poi-3.7.jar, C:\Users\Nanni\.m2\repository\org\apache\poi\poi-ooxml\3.7\poi-ooxml-3.7.jar, C:\Users\Nanni\.m2\repository\org\apache\poi\poi-ooxml-schemas\3.7\poi-ooxml-schemas-3.7.jar, C:\Users\Nanni\.m2\repository\org\apache\xmlbeans\xmlbeans\2.3.0\xmlbeans-2.3.0.jar, C:\Users\Nanni\.m2\repository\stax\stax-api\1.0.1\stax-api-1.0.1.jar, C:\Users\Nanni\.m2\repository\org\apache\geronimo\specs\geronimo-stax-api_1.0_spec\1.0\geronimo-stax-api_1.0_spec-1.0.jar, C:\Users\Nanni\.m2\repository\dom4j\dom4j\1.6.1\dom4j-1.6.1.jar, C:\Users\Nanni\.m2\repository\org\slf4j\slf4j-api\1.6.4\slf4j-api-1.6.4.jar, C:\Users\Nanni\.m2\repository\org\slf4j\slf4j-log4j12\1.6.4\slf4j-log4j12-1.6.4.jar, C:\Users\Nanni\.m2\repository\log4j\log4j\1.2.16\log4j-1.2.16.jar, C:\Users\Nanni\.m2\repository\org\igniterealtime\smack\smack\3.2.1\smack-3.2.1.jar, C:\Users\Nanni\.m2\repository\org\igniterealtime\smack\smackx\3.2.1\smackx-3.2.1.jar, C:\Users\Nanni\.m2\repository\org\hibernate\hibernate-core\4.2.13.Final\hibernate-core-4.2.13.Final.jar, C:\Users\Nanni\.m2\repository\antlr\antlr\2.7.7\antlr-2.7.7.jar, C:\Users\Nanni\.m2\repository\org\jboss\logging\jboss-logging\3.1.0.GA\jboss-logging-3.1.0.GA.jar, C:\Users\Nanni\.m2\repository\org\javassist\javassist\3.18.1-GA\javassist-3.18.1-GA.jar, C:\Users\Nanni\.m2\repository\org\jboss\spec\javax\transaction\jboss-transaction-api_1.1_spec\1.0.1.Final\jboss-transaction-api_1.1_spec-1.0.1.Final.jar, C:\Users\Nanni\.m2\repository\org\hibernate\common\hibernate-commons-annotations\4.0.2.Final\hibernate-commons-annotations-4.0.2.Final.jar, C:\Users\Nanni\.m2\repository\org\hibernate\javax\persistence\hibernate-jpa-2.0-api\1.0.1.Final\hibernate-jpa-2.0-api-1.0.1.Final.jar, C:\Users\Nanni\.m2\repository\org\hibernate\hibernate-entitymanager\4.2.5.Final\hibernate-entitymanager-4.2.5.Final.jar, C:\Users\Nanni\.m2\repository\org\hibernate\hibernate-c3p0\4.2.13.Final\hibernate-c3p0-4.2.13.Final.jar, C:\Users\Nanni\.m2\repository\com\mchange\c3p0\0.9.2.1\c3p0-0.9.2.1.jar, C:\Users\Nanni\.m2\repository\com\mchange\mchange-commons-java\0.2.3.4\mchange-commons-java-0.2.3.4.jar, C:\Users\Nanni\.m2\repository\javax\validation\validation-api\1.1.0.Final\validation-api-1.1.0.Final.jar, C:\Users\Nanni\.m2\repository\org\imgscalr\imgscalr-lib\4.2\imgscalr-lib-4.2.jar, C:\Users\Nanni\.m2\repository\org\springframework\spring-orm\4.3.18.RELEASE\spring-orm-4.3.18.RELEASE.jar, C:\Users\Nanni\.m2\repository\org\springframework\spring-jdbc\4.3.18.RELEASE\spring-jdbc-4.3.18.RELEASE.jar, C:\Users\Nanni\.m2\repository\org\springframework\spring-beans\4.3.18.RELEASE\spring-beans-4.3.18.RELEASE.jar, C:\Users\Nanni\.m2\repository\org\springframework\spring-context\4.3.18.RELEASE\spring-context-4.3.18.RELEASE.jar, C:\Users\Nanni\.m2\repository\org\springframework\spring-aop\4.3.18.RELEASE\spring-aop-4.3.18.RELEASE.jar, C:\Users\Nanni\.m2\repository\org\springframework\spring-expression\4.3.18.RELEASE\spring-expression-4.3.18.RELEASE.jar, C:\Users\Nanni\.m2\repository\org\springframework\spring-core\4.3.18.RELEASE\spring-core-4.3.18.RELEASE.jar, C:\Users\Nanni\.m2\repository\org\springframework\spring-test\4.3.18.RELEASE\spring-test-4.3.18.RELEASE.jar, C:\Users\Nanni\.m2\repository\org\springframework\spring-tx\4.3.18.RELEASE\spring-tx-4.3.18.RELEASE.jar, C:\Users\Nanni\.m2\repository\org\springframework\data\spring-data-jpa\1.11.23.RELEASE\spring-data-jpa-1.11.23.RELEASE.jar, C:\Users\Nanni\.m2\repository\org\springframework\data\spring-data-commons\1.13.23.RELEASE\spring-data-commons-1.13.23.RELEASE.jar, C:\Users\Nanni\.m2\repository\org\aspectj\aspectjrt\1.8.13\aspectjrt-1.8.13.jar, C:\Users\Nanni\.m2\repository\org\slf4j\jcl-over-slf4j\1.7.25\jcl-over-slf4j-1.7.25.jar, C:\Users\Nanni\.m2\repository\org\springframework\boot\spring-boot-test\1.4.0.RELEASE\spring-boot-test-1.4.0.RELEASE.jar, C:\Users\Nanni\.m2\repository\org\springframework\boot\spring-boot\1.4.0.RELEASE\spring-boot-1.4.0.RELEASE.jar, C:\Users\Nanni\.m2\repository\org\aspectj\aspectjweaver\1.8.13\aspectjweaver-1.8.13.jar, C:\Users\Nanni\.m2\repository\org\springframework\boot\spring-boot-starter-test\1.4.0.RELEASE\spring-boot-starter-test-1.4.0.RELEASE.jar, C:\Users\Nanni\.m2\repository\org\springframework\boot\spring-boot-test-autoconfigure\1.4.0.RELEASE\spring-boot-test-autoconfigure-1.4.0.RELEASE.jar, C:\Users\Nanni\.m2\repository\org\springframework\boot\spring-boot-autoconfigure\1.4.0.RELEASE\spring-boot-autoconfigure-1.4.0.RELEASE.jar, C:\Users\Nanni\.m2\repository\com\jayway\jsonpath\json-path\2.2.0\json-path-2.2.0.jar, C:\Users\Nanni\.m2\repository\net\minidev\json-smart\2.2.1\json-smart-2.2.1.jar, C:\Users\Nanni\.m2\repository\net\minidev\accessors-smart\1.1\accessors-smart-1.1.jar, C:\Users\Nanni\.m2\repository\org\ow2\asm\asm\5.0.3\asm-5.0.3.jar, C:\Users\Nanni\.m2\repository\org\assertj\assertj-core\2.5.0\assertj-core-2.5.0.jar, C:\Users\Nanni\.m2\repository\org\mockito\mockito-core\1.10.19\mockito-core-1.10.19.jar, C:\Users\Nanni\.m2\repository\org\objenesis\objenesis\2.1\objenesis-2.1.jar, C:\Users\Nanni\.m2\repository\org\hamcrest\hamcrest-library\1.3\hamcrest-library-1.3.jar, C:\Users\Nanni\.m2\repository\org\skyscreamer\jsonassert\1.3.0\jsonassert-1.3.0.jar, C:\Users\Nanni\.m2\repository\org\json\json\20090211\json-20090211.jar, C:\Users\Nanni\.m2\repository\org\springframework\spring-aspects\4.3.18.RELEASE\spring-aspects-4.3.18.RELEASE.jar]
[DEBUG]   (f) compileSourceRoots = [D:\IDE\git\openhospital-core\src\test\java]
[DEBUG]   (f) compilerId = javac
[DEBUG]   (f) debug = true
[DEBUG]   (f) encoding = UTF-8
[DEBUG]   (f) failOnError = true
[DEBUG]   (f) forceJavacCompilerUse = false
[DEBUG]   (f) fork = false
[DEBUG]   (f) generatedTestSourcesDirectory = D:\IDE\git\openhospital-core\target\generated-test-sources\test-annotations
[DEBUG]   (f) mojoExecution = org.apache.maven.plugins:maven-compiler-plugin:3.1:testCompile {execution: default-testCompile}
[DEBUG]   (f) optimize = false
[DEBUG]   (f) outputDirectory = D:\IDE\git\openhospital-core\target\test-classes
[DEBUG]   (f) showDeprecation = false
[DEBUG]   (f) showWarnings = false
[DEBUG]   (f) skipMultiThreadWarning = false
[DEBUG]   (f) source = 1.6
[DEBUG]   (f) staleMillis = 0
[DEBUG]   (f) target = 1.6
[DEBUG]   (f) useIncrementalCompilation = true
[DEBUG]   (f) verbose = false
[DEBUG]   (f) mavenSession = org.apache.maven.execution.MavenSession@350a94ce
[DEBUG]   (f) session = org.apache.maven.execution.MavenSession@350a94ce
[DEBUG] -- end configuration --
[DEBUG] Using compiler 'javac'.
[DEBUG] Source directories: [D:\IDE\git\openhospital-core\src\test\java]
[DEBUG] Classpath: [D:\IDE\git\openhospital-core\target\test-classes
 D:\IDE\git\openhospital-core\target\classes
 C:\Users\Nanni\.m2\repository\com\drewnoakes\metadata-extractor\2.10.0\metadata-extractor-2.10.0.jar
 C:\Users\Nanni\.m2\repository\com\adobe\xmp\xmpcore\5.1.3\xmpcore-5.1.3.jar
 C:\Users\Nanni\.m2\repository\com\googlecode\gstreamer-java\gstreamer-java\1.4\gstreamer-java-1.4.jar
 C:\Users\Nanni\.m2\repository\net\java\dev\jna\jna\3.2.2\jna-3.2.2.jar
 C:\Users\Nanni\.m2\repository\org\eclipse\swt\win32\win32\x86\3.3.0-v3346\x86-3.3.0-v3346.jar
 C:\Users\Nanni\.m2\repository\codeanticode\gsvideo\gsvideo_isf\1.0\gsvideo_isf-1.0.jar
 C:\Users\Nanni\.m2\repository\org\apache\httpcomponents\httpclient\4.5.3\httpclient-4.5.3.jar
 C:\Users\Nanni\.m2\repository\commons-logging\commons-logging\1.2\commons-logging-1.2.jar
 C:\Users\Nanni\.m2\repository\commons-codec\commons-codec\1.9\commons-codec-1.9.jar
 C:\Users\Nanni\.m2\repository\org\apache\httpcomponents\httpcore\4.4.4\httpcore-4.4.4.jar
 C:\Users\Nanni\.m2\repository\jasperreports\jasperreports\3.0.0\jasperreports-3.0.0.jar
 C:\Users\Nanni\.m2\repository\commons-beanutils\commons-beanutils\1.7.0\commons-beanutils-1.7.0.jar
 C:\Users\Nanni\.m2\repository\commons-collections\commons-collections\20040616\commons-collections-20040616.jar
 C:\Users\Nanni\.m2\repository\commons-digester\commons-digester\2.1\commons-digester-2.1.jar
 C:\Users\Nanni\.m2\repository\jfree\jcommon\1.0.16\jcommon-1.0.16.jar
 C:\Users\Nanni\.m2\repository\jfree\jfreechart\1.0.13\jfreechart-1.0.13.jar
 C:\Users\Nanni\.m2\repository\xml-apis\xml-apis\1.3.02\xml-apis-1.3.02.jar
 C:\Users\Nanni\.m2\repository\eclipse\jdtcore\3.2.0.v_658\jdtcore-3.2.0.v_658.jar
 C:\Users\Nanni\.m2\repository\com\lowagie\itext\1.02b\itext-1.02b.jar
 C:\Users\Nanni\.m2\repository\joda-time\joda-time\2.2\joda-time-2.2.jar
 C:\Users\Nanni\.m2\repository\junit\junit\4.12\junit-4.12.jar
 C:\Users\Nanni\.m2\repository\org\hamcrest\hamcrest-core\1.3\hamcrest-core-1.3.jar
 C:\Users\Nanni\.m2\repository\com\sun\media\jai_imageio\1.1\jai_imageio-1.1.jar
 C:\Users\Nanni\.m2\repository\javax\media\jai-core\1.1.3\jai-core-1.1.3.jar
 C:\Users\Nanni\.m2\repository\com\sun\clibwrapper_jiio\1.1\clibwrapper_jiio-1.1.jar
 C:\Users\Nanni\.m2\repository\mysql\mysql-connector-java\5.1.14\mysql-connector-java-5.1.14.jar
 C:\Users\Nanni\.m2\repository\org\rxtx\rxtx\2.1.7\rxtx-2.1.7.jar
 C:\Users\Nanni\.m2\repository\javax\xml\bind\jaxb-api\2.2.11\jaxb-api-2.2.11.jar
 C:\Users\Nanni\.m2\repository\com\sun\xml\bind\jaxb-core\2.2.11\jaxb-core-2.2.11.jar
 C:\Users\Nanni\.m2\repository\com\sun\xml\bind\jaxb-impl\2.2.11\jaxb-impl-2.2.11.jar
 C:\Users\Nanni\.m2\repository\javax\activation\activation\1.1.1\activation-1.1.1.jar
 C:\Users\Nanni\.m2\repository\dcm4che\dcm4che-core\2.0.26\dcm4che-core-2.0.26.jar
 C:\Users\Nanni\.m2\repository\dcm4che\dcm4che-imageio\2.0.26\dcm4che-imageio-2.0.26.jar
 C:\Users\Nanni\.m2\repository\dcm4che\dcm4che-image\2.0.26\dcm4che-image-2.0.26.jar
 C:\Users\Nanni\.m2\repository\org\apache\poi\poi\3.7\poi-3.7.jar
 C:\Users\Nanni\.m2\repository\org\apache\poi\poi-ooxml\3.7\poi-ooxml-3.7.jar
 C:\Users\Nanni\.m2\repository\org\apache\poi\poi-ooxml-schemas\3.7\poi-ooxml-schemas-3.7.jar
 C:\Users\Nanni\.m2\repository\org\apache\xmlbeans\xmlbeans\2.3.0\xmlbeans-2.3.0.jar
 C:\Users\Nanni\.m2\repository\stax\stax-api\1.0.1\stax-api-1.0.1.jar
 C:\Users\Nanni\.m2\repository\org\apache\geronimo\specs\geronimo-stax-api_1.0_spec\1.0\geronimo-stax-api_1.0_spec-1.0.jar
 C:\Users\Nanni\.m2\repository\dom4j\dom4j\1.6.1\dom4j-1.6.1.jar
 C:\Users\Nanni\.m2\repository\org\slf4j\slf4j-api\1.6.4\slf4j-api-1.6.4.jar
 C:\Users\Nanni\.m2\repository\org\slf4j\slf4j-log4j12\1.6.4\slf4j-log4j12-1.6.4.jar
 C:\Users\Nanni\.m2\repository\log4j\log4j\1.2.16\log4j-1.2.16.jar
 C:\Users\Nanni\.m2\repository\org\igniterealtime\smack\smack\3.2.1\smack-3.2.1.jar
 C:\Users\Nanni\.m2\repository\org\igniterealtime\smack\smackx\3.2.1\smackx-3.2.1.jar
 C:\Users\Nanni\.m2\repository\org\hibernate\hibernate-core\4.2.13.Final\hibernate-core-4.2.13.Final.jar
 C:\Users\Nanni\.m2\repository\antlr\antlr\2.7.7\antlr-2.7.7.jar
 C:\Users\Nanni\.m2\repository\org\jboss\logging\jboss-logging\3.1.0.GA\jboss-logging-3.1.0.GA.jar
 C:\Users\Nanni\.m2\repository\org\javassist\javassist\3.18.1-GA\javassist-3.18.1-GA.jar
 C:\Users\Nanni\.m2\repository\org\jboss\spec\javax\transaction\jboss-transaction-api_1.1_spec\1.0.1.Final\jboss-transaction-api_1.1_spec-1.0.1.Final.jar
 C:\Users\Nanni\.m2\repository\org\hibernate\common\hibernate-commons-annotations\4.0.2.Final\hibernate-commons-annotations-4.0.2.Final.jar
 C:\Users\Nanni\.m2\repository\org\hibernate\javax\persistence\hibernate-jpa-2.0-api\1.0.1.Final\hibernate-jpa-2.0-api-1.0.1.Final.jar
 C:\Users\Nanni\.m2\repository\org\hibernate\hibernate-entitymanager\4.2.5.Final\hibernate-entitymanager-4.2.5.Final.jar
 C:\Users\Nanni\.m2\repository\org\hibernate\hibernate-c3p0\4.2.13.Final\hibernate-c3p0-4.2.13.Final.jar
 C:\Users\Nanni\.m2\repository\com\mchange\c3p0\0.9.2.1\c3p0-0.9.2.1.jar
 C:\Users\Nanni\.m2\repository\com\mchange\mchange-commons-java\0.2.3.4\mchange-commons-java-0.2.3.4.jar
 C:\Users\Nanni\.m2\repository\javax\validation\validation-api\1.1.0.Final\validation-api-1.1.0.Final.jar
 C:\Users\Nanni\.m2\repository\org\imgscalr\imgscalr-lib\4.2\imgscalr-lib-4.2.jar
 C:\Users\Nanni\.m2\repository\org\springframework\spring-orm\4.3.18.RELEASE\spring-orm-4.3.18.RELEASE.jar
 C:\Users\Nanni\.m2\repository\org\springframework\spring-jdbc\4.3.18.RELEASE\spring-jdbc-4.3.18.RELEASE.jar
 C:\Users\Nanni\.m2\repository\org\springframework\spring-beans\4.3.18.RELEASE\spring-beans-4.3.18.RELEASE.jar
 C:\Users\Nanni\.m2\repository\org\springframework\spring-context\4.3.18.RELEASE\spring-context-4.3.18.RELEASE.jar
 C:\Users\Nanni\.m2\repository\org\springframework\spring-aop\4.3.18.RELEASE\spring-aop-4.3.18.RELEASE.jar
 C:\Users\Nanni\.m2\repository\org\springframework\spring-expression\4.3.18.RELEASE\spring-expression-4.3.18.RELEASE.jar
 C:\Users\Nanni\.m2\repository\org\springframework\spring-core\4.3.18.RELEASE\spring-core-4.3.18.RELEASE.jar
 C:\Users\Nanni\.m2\repository\org\springframework\spring-test\4.3.18.RELEASE\spring-test-4.3.18.RELEASE.jar
 C:\Users\Nanni\.m2\repository\org\springframework\spring-tx\4.3.18.RELEASE\spring-tx-4.3.18.RELEASE.jar
 C:\Users\Nanni\.m2\repository\org\springframework\data\spring-data-jpa\1.11.23.RELEASE\spring-data-jpa-1.11.23.RELEASE.jar
 C:\Users\Nanni\.m2\repository\org\springframework\data\spring-data-commons\1.13.23.RELEASE\spring-data-commons-1.13.23.RELEASE.jar
 C:\Users\Nanni\.m2\repository\org\aspectj\aspectjrt\1.8.13\aspectjrt-1.8.13.jar
 C:\Users\Nanni\.m2\repository\org\slf4j\jcl-over-slf4j\1.7.25\jcl-over-slf4j-1.7.25.jar
 C:\Users\Nanni\.m2\repository\org\springframework\boot\spring-boot-test\1.4.0.RELEASE\spring-boot-test-1.4.0.RELEASE.jar
 C:\Users\Nanni\.m2\repository\org\springframework\boot\spring-boot\1.4.0.RELEASE\spring-boot-1.4.0.RELEASE.jar
 C:\Users\Nanni\.m2\repository\org\aspectj\aspectjweaver\1.8.13\aspectjweaver-1.8.13.jar
 C:\Users\Nanni\.m2\repository\org\springframework\boot\spring-boot-starter-test\1.4.0.RELEASE\spring-boot-starter-test-1.4.0.RELEASE.jar
 C:\Users\Nanni\.m2\repository\org\springframework\boot\spring-boot-test-autoconfigure\1.4.0.RELEASE\spring-boot-test-autoconfigure-1.4.0.RELEASE.jar
 C:\Users\Nanni\.m2\repository\org\springframework\boot\spring-boot-autoconfigure\1.4.0.RELEASE\spring-boot-autoconfigure-1.4.0.RELEASE.jar
 C:\Users\Nanni\.m2\repository\com\jayway\jsonpath\json-path\2.2.0\json-path-2.2.0.jar
 C:\Users\Nanni\.m2\repository\net\minidev\json-smart\2.2.1\json-smart-2.2.1.jar
 C:\Users\Nanni\.m2\repository\net\minidev\accessors-smart\1.1\accessors-smart-1.1.jar
 C:\Users\Nanni\.m2\repository\org\ow2\asm\asm\5.0.3\asm-5.0.3.jar
 C:\Users\Nanni\.m2\repository\org\assertj\assertj-core\2.5.0\assertj-core-2.5.0.jar
 C:\Users\Nanni\.m2\repository\org\mockito\mockito-core\1.10.19\mockito-core-1.10.19.jar
 C:\Users\Nanni\.m2\repository\org\objenesis\objenesis\2.1\objenesis-2.1.jar
 C:\Users\Nanni\.m2\repository\org\hamcrest\hamcrest-library\1.3\hamcrest-library-1.3.jar
 C:\Users\Nanni\.m2\repository\org\skyscreamer\jsonassert\1.3.0\jsonassert-1.3.0.jar
 C:\Users\Nanni\.m2\repository\org\json\json\20090211\json-20090211.jar
 C:\Users\Nanni\.m2\repository\org\springframework\spring-aspects\4.3.18.RELEASE\spring-aspects-4.3.18.RELEASE.jar]
[DEBUG] Output directory: D:\IDE\git\openhospital-core\target\test-classes
[DEBUG] CompilerReuseStrategy: reuseCreated
[DEBUG] useIncrementalCompilation enabled
[INFO] Nothing to compile - all classes are up to date
[INFO] 
[INFO] --- maven-surefire-plugin:2.12.4:test (default-test) @ OH-core ---
[DEBUG] Dependency collection stats: {ConflictMarker.analyzeTime=0, ConflictMarker.markTime=0, ConflictMarker.nodeCount=132, ConflictIdSorter.graphTime=0, ConflictIdSorter.topsortTime=0, ConflictIdSorter.conflictIdCount=27, ConflictIdSorter.conflictIdCycleCount=0, ConflictResolver.totalTime=2, ConflictResolver.conflictItemCount=77, DefaultDependencyCollector.collectTime=93, DefaultDependencyCollector.transformTime=2}
[DEBUG] org.apache.maven.plugins:maven-surefire-plugin:jar:2.12.4:
[DEBUG]    org.apache.maven:maven-plugin-api:jar:2.0.9:compile
[DEBUG]    org.apache.maven.surefire:surefire-booter:jar:2.12.4:compile
[DEBUG]       org.apache.maven.surefire:surefire-api:jar:2.12.4:compile
[DEBUG]    org.apache.maven.surefire:maven-surefire-common:jar:2.12.4:compile
[DEBUG]       org.apache.commons:commons-lang3:jar:3.1:compile
[DEBUG]       org.apache.maven.shared:maven-common-artifact-filters:jar:1.3:compile
[DEBUG]    org.codehaus.plexus:plexus-utils:jar:3.0.8:compile
[DEBUG]    org.apache.maven:maven-artifact:jar:2.0.9:compile
[DEBUG]    org.apache.maven:maven-project:jar:2.0.9:compile
[DEBUG]       org.apache.maven:maven-settings:jar:2.0.9:compile
[DEBUG]       org.apache.maven:maven-profile:jar:2.0.9:compile
[DEBUG]       org.apache.maven:maven-model:jar:2.0.9:compile
[DEBUG]       org.apache.maven:maven-artifact-manager:jar:2.0.9:compile
[DEBUG]       org.apache.maven:maven-plugin-registry:jar:2.0.9:compile
[DEBUG]       org.codehaus.plexus:plexus-container-default:jar:1.0-alpha-9-stable-1:compile
[DEBUG]          junit:junit:jar:3.8.1:test
[DEBUG]    org.apache.maven:maven-core:jar:2.0.9:compile
[DEBUG]       org.apache.maven:maven-plugin-parameter-documenter:jar:2.0.9:compile
[DEBUG]       org.apache.maven.reporting:maven-reporting-api:jar:2.0.9:compile
[DEBUG]       org.apache.maven:maven-repository-metadata:jar:2.0.9:compile
[DEBUG]       org.apache.maven:maven-error-diagnostics:jar:2.0.9:compile
[DEBUG]       org.apache.maven:maven-plugin-descriptor:jar:2.0.9:compile
[DEBUG]       org.apache.maven:maven-monitor:jar:2.0.9:compile
[DEBUG]       classworlds:classworlds:jar:1.1:compile
[DEBUG]    org.apache.maven:maven-toolchain:jar:2.0.9:compile
[DEBUG]    org.apache.maven.plugin-tools:maven-plugin-annotations:jar:3.1:compile
[DEBUG] Created new class realm plugin>org.apache.maven.plugins:maven-surefire-plugin:2.12.4
[DEBUG] Importing foreign packages into class realm plugin>org.apache.maven.plugins:maven-surefire-plugin:2.12.4
[DEBUG]   Imported:  < maven.api
[DEBUG] Populating class realm plugin>org.apache.maven.plugins:maven-surefire-plugin:2.12.4
[DEBUG]   Included: org.apache.maven.plugins:maven-surefire-plugin:jar:2.12.4
[DEBUG]   Included: org.apache.maven.surefire:surefire-booter:jar:2.12.4
[DEBUG]   Included: org.apache.maven.surefire:surefire-api:jar:2.12.4
[DEBUG]   Included: org.apache.maven.surefire:maven-surefire-common:jar:2.12.4
[DEBUG]   Included: org.apache.commons:commons-lang3:jar:3.1
[DEBUG]   Included: org.apache.maven.shared:maven-common-artifact-filters:jar:1.3
[DEBUG]   Included: org.codehaus.plexus:plexus-utils:jar:3.0.8
[DEBUG]   Included: org.apache.maven.reporting:maven-reporting-api:jar:2.0.9
[DEBUG]   Included: org.apache.maven.plugin-tools:maven-plugin-annotations:jar:3.1
[DEBUG]   Excluded: org.apache.maven:maven-plugin-api:jar:2.0.9
[DEBUG]   Excluded: org.apache.maven:maven-artifact:jar:2.0.9
[DEBUG]   Excluded: org.apache.maven:maven-project:jar:2.0.9
[DEBUG]   Excluded: org.apache.maven:maven-settings:jar:2.0.9
[DEBUG]   Excluded: org.apache.maven:maven-profile:jar:2.0.9
[DEBUG]   Excluded: org.apache.maven:maven-model:jar:2.0.9
[DEBUG]   Excluded: org.apache.maven:maven-artifact-manager:jar:2.0.9
[DEBUG]   Excluded: org.apache.maven:maven-plugin-registry:jar:2.0.9
[DEBUG]   Excluded: org.codehaus.plexus:plexus-container-default:jar:1.0-alpha-9-stable-1
[DEBUG]   Excluded: junit:junit:jar:3.8.1
[DEBUG]   Excluded: org.apache.maven:maven-core:jar:2.0.9
[DEBUG]   Excluded: org.apache.maven:maven-plugin-parameter-documenter:jar:2.0.9
[DEBUG]   Excluded: org.apache.maven:maven-repository-metadata:jar:2.0.9
[DEBUG]   Excluded: org.apache.maven:maven-error-diagnostics:jar:2.0.9
[DEBUG]   Excluded: org.apache.maven:maven-plugin-descriptor:jar:2.0.9
[DEBUG]   Excluded: org.apache.maven:maven-monitor:jar:2.0.9
[DEBUG]   Excluded: classworlds:classworlds:jar:1.1
[DEBUG]   Excluded: org.apache.maven:maven-toolchain:jar:2.0.9
[DEBUG] Configuring mojo org.apache.maven.plugins:maven-surefire-plugin:2.12.4:test from plugin realm ClassRealm[plugin>org.apache.maven.plugins:maven-surefire-plugin:2.12.4, parent: jdk.internal.loader.ClassLoaders$AppClassLoader@30946e09]
[DEBUG] Configuring mojo 'org.apache.maven.plugins:maven-surefire-plugin:2.12.4:test' with basic configurator -->
[DEBUG]   (s) basedir = D:\IDE\git\openhospital-core
[DEBUG]   (s) childDelegation = false
[DEBUG]   (s) classesDirectory = D:\IDE\git\openhospital-core\target\classes
[DEBUG]   (s) disableXmlReport = false
[DEBUG]   (s) enableAssertions = true
[DEBUG]   (s) forkMode = once
[DEBUG]   (s) junitArtifactName = junit:junit
[DEBUG]   (s) localRepository =       id: local
      url: file:///C:/Users/Nanni/.m2/repository/
   layout: default
snapshots: [enabled => true, update => always]
 releases: [enabled => true, update => always]

[DEBUG]   (f) parallelMavenExecution = false
[DEBUG]   (s) perCoreThreadCount = true
[DEBUG]   (s) pluginArtifactMap = {org.apache.maven.plugins:maven-surefire-plugin=org.apache.maven.plugins:maven-surefire-plugin:maven-plugin:2.12.4:, org.apache.maven.surefire:surefire-booter=org.apache.maven.surefire:surefire-booter:jar:2.12.4:compile, org.apache.maven.surefire:surefire-api=org.apache.maven.surefire:surefire-api:jar:2.12.4:compile, org.apache.maven.surefire:maven-surefire-common=org.apache.maven.surefire:maven-surefire-common:jar:2.12.4:compile, org.apache.commons:commons-lang3=org.apache.commons:commons-lang3:jar:3.1:compile, org.apache.maven.shared:maven-common-artifact-filters=org.apache.maven.shared:maven-common-artifact-filters:jar:1.3:compile, org.codehaus.plexus:plexus-utils=org.codehaus.plexus:plexus-utils:jar:3.0.8:compile, org.apache.maven.reporting:maven-reporting-api=org.apache.maven.reporting:maven-reporting-api:jar:2.0.9:compile, org.apache.maven.plugin-tools:maven-plugin-annotations=org.apache.maven.plugin-tools:maven-plugin-annotations:jar:3.1:compile}
[DEBUG]   (f) pluginDescriptor = Component Descriptor: role: 'org.apache.maven.plugin.Mojo', implementation: 'org.apache.maven.plugin.surefire.HelpMojo', role hint: 'org.apache.maven.plugins:maven-surefire-plugin:2.12.4:help'
role: 'org.apache.maven.plugin.Mojo', implementation: 'org.apache.maven.plugin.surefire.SurefirePlugin', role hint: 'org.apache.maven.plugins:maven-surefire-plugin:2.12.4:test'
---
[DEBUG]   (s) printSummary = true
[DEBUG]   (s) projectArtifactMap = {com.drewnoakes:metadata-extractor=com.drewnoakes:metadata-extractor:jar:2.10.0:compile, com.adobe.xmp:xmpcore=com.adobe.xmp:xmpcore:jar:5.1.3:compile, com.googlecode.gstreamer-java:gstreamer-java=com.googlecode.gstreamer-java:gstreamer-java:jar:1.4:compile, net.java.dev.jna:jna=net.java.dev.jna:jna:jar:3.2.2:compile, org.eclipse.swt.win32.win32:x86=org.eclipse.swt.win32.win32:x86:jar:3.3.0-v3346:compile, codeanticode.gsvideo:gsvideo_isf=codeanticode.gsvideo:gsvideo_isf:jar:1.0:compile, org.apache.httpcomponents:httpclient=org.apache.httpcomponents:httpclient:jar:4.5.3:compile, commons-logging:commons-logging=commons-logging:commons-logging:jar:1.2:compile, commons-codec:commons-codec=commons-codec:commons-codec:jar:1.9:compile, org.apache.httpcomponents:httpcore=org.apache.httpcomponents:httpcore:jar:4.4.4:compile, jasperreports:jasperreports=jasperreports:jasperreports:jar:3.0.0:compile, commons-beanutils:commons-beanutils=commons-beanutils:commons-beanutils:jar:1.7.0:compile, commons-collections:commons-collections=commons-collections:commons-collections:jar:20040616:compile, commons-digester:commons-digester=commons-digester:commons-digester:jar:2.1:compile, jfree:jcommon=jfree:jcommon:jar:1.0.16:compile, jfree:jfreechart=jfree:jfreechart:jar:1.0.13:compile, xml-apis:xml-apis=xml-apis:xml-apis:jar:1.3.02:compile, eclipse:jdtcore=eclipse:jdtcore:jar:3.2.0.v_658:compile, com.lowagie:itext=com.lowagie:itext:jar:1.02b:compile, joda-time:joda-time=joda-time:joda-time:jar:2.2:compile, junit:junit=junit:junit:jar:4.12:test, org.hamcrest:hamcrest-core=org.hamcrest:hamcrest-core:jar:1.3:test, com.sun.media:jai_imageio=com.sun.media:jai_imageio:jar:1.1:compile, javax.media:jai-core=javax.media:jai-core:jar:1.1.3:compile, com.sun:clibwrapper_jiio=com.sun:clibwrapper_jiio:jar:1.1:compile, mysql:mysql-connector-java=mysql:mysql-connector-java:jar:5.1.14:compile, org.rxtx:rxtx=org.rxtx:rxtx:jar:2.1.7:compile, javax.xml.bind:jaxb-api=javax.xml.bind:jaxb-api:jar:2.2.11:compile, com.sun.xml.bind:jaxb-core=com.sun.xml.bind:jaxb-core:jar:2.2.11:compile, com.sun.xml.bind:jaxb-impl=com.sun.xml.bind:jaxb-impl:jar:2.2.11:compile, javax.activation:activation=javax.activation:activation:jar:1.1.1:compile, dcm4che:dcm4che-core=dcm4che:dcm4che-core:jar:2.0.26:compile, dcm4che:dcm4che-imageio=dcm4che:dcm4che-imageio:jar:2.0.26:compile, dcm4che:dcm4che-image=dcm4che:dcm4che-image:jar:2.0.26:compile, org.apache.poi:poi=org.apache.poi:poi:jar:3.7:compile, org.apache.poi:poi-ooxml=org.apache.poi:poi-ooxml:jar:3.7:compile, org.apache.poi:poi-ooxml-schemas=org.apache.poi:poi-ooxml-schemas:jar:3.7:compile, org.apache.xmlbeans:xmlbeans=org.apache.xmlbeans:xmlbeans:jar:2.3.0:compile, stax:stax-api=stax:stax-api:jar:1.0.1:compile, org.apache.geronimo.specs:geronimo-stax-api_1.0_spec=org.apache.geronimo.specs:geronimo-stax-api_1.0_spec:jar:1.0:compile, dom4j:dom4j=dom4j:dom4j:jar:1.6.1:compile, org.slf4j:slf4j-api=org.slf4j:slf4j-api:jar:1.6.4:compile, org.slf4j:slf4j-log4j12=org.slf4j:slf4j-log4j12:jar:1.6.4:compile, log4j:log4j=log4j:log4j:jar:1.2.16:compile, org.igniterealtime.smack:smack=org.igniterealtime.smack:smack:jar:3.2.1:compile, org.igniterealtime.smack:smackx=org.igniterealtime.smack:smackx:jar:3.2.1:compile, org.hibernate:hibernate-core=org.hibernate:hibernate-core:jar:4.2.13.Final:compile, antlr:antlr=antlr:antlr:jar:2.7.7:compile, org.jboss.logging:jboss-logging=org.jboss.logging:jboss-logging:jar:3.1.0.GA:compile, org.javassist:javassist=org.javassist:javassist:jar:3.18.1-GA:compile, org.jboss.spec.javax.transaction:jboss-transaction-api_1.1_spec=org.jboss.spec.javax.transaction:jboss-transaction-api_1.1_spec:jar:1.0.1.Final:compile, org.hibernate.common:hibernate-commons-annotations=org.hibernate.common:hibernate-commons-annotations:jar:4.0.2.Final:compile, org.hibernate.javax.persistence:hibernate-jpa-2.0-api=org.hibernate.javax.persistence:hibernate-jpa-2.0-api:jar:1.0.1.Final:compile, org.hibernate:hibernate-entitymanager=org.hibernate:hibernate-entitymanager:jar:4.2.5.Final:compile, org.hibernate:hibernate-c3p0=org.hibernate:hibernate-c3p0:jar:4.2.13.Final:compile, com.mchange:c3p0=com.mchange:c3p0:jar:0.9.2.1:compile, com.mchange:mchange-commons-java=com.mchange:mchange-commons-java:jar:0.2.3.4:compile, javax.validation:validation-api=javax.validation:validation-api:jar:1.1.0.Final:compile, org.imgscalr:imgscalr-lib=org.imgscalr:imgscalr-lib:jar:4.2:compile, org.springframework:spring-orm=org.springframework:spring-orm:jar:4.3.18.RELEASE:compile, org.springframework:spring-jdbc=org.springframework:spring-jdbc:jar:4.3.18.RELEASE:compile, org.springframework:spring-beans=org.springframework:spring-beans:jar:4.3.18.RELEASE:compile, org.springframework:spring-context=org.springframework:spring-context:jar:4.3.18.RELEASE:compile, org.springframework:spring-aop=org.springframework:spring-aop:jar:4.3.18.RELEASE:compile, org.springframework:spring-expression=org.springframework:spring-expression:jar:4.3.18.RELEASE:compile, org.springframework:spring-core=org.springframework:spring-core:jar:4.3.18.RELEASE:compile, org.springframework:spring-test=org.springframework:spring-test:jar:4.3.18.RELEASE:test, org.springframework:spring-tx=org.springframework:spring-tx:jar:4.3.18.RELEASE:compile, org.springframework.data:spring-data-jpa=org.springframework.data:spring-data-jpa:jar:1.11.23.RELEASE:compile, org.springframework.data:spring-data-commons=org.springframework.data:spring-data-commons:jar:1.13.23.RELEASE:compile, org.aspectj:aspectjrt=org.aspectj:aspectjrt:jar:1.8.13:compile, org.slf4j:jcl-over-slf4j=org.slf4j:jcl-over-slf4j:jar:1.7.25:runtime, org.springframework.boot:spring-boot-test=org.springframework.boot:spring-boot-test:jar:1.4.0.RELEASE:test, org.springframework.boot:spring-boot=org.springframework.boot:spring-boot:jar:1.4.0.RELEASE:test, org.aspectj:aspectjweaver=org.aspectj:aspectjweaver:jar:1.8.13:compile, org.springframework.boot:spring-boot-starter-test=org.springframework.boot:spring-boot-starter-test:jar:1.4.0.RELEASE:test, org.springframework.boot:spring-boot-test-autoconfigure=org.springframework.boot:spring-boot-test-autoconfigure:jar:1.4.0.RELEASE:test, org.springframework.boot:spring-boot-autoconfigure=org.springframework.boot:spring-boot-autoconfigure:jar:1.4.0.RELEASE:test, com.jayway.jsonpath:json-path=com.jayway.jsonpath:json-path:jar:2.2.0:test, net.minidev:json-smart=net.minidev:json-smart:jar:2.2.1:test, net.minidev:accessors-smart=net.minidev:accessors-smart:jar:1.1:test, org.ow2.asm:asm=org.ow2.asm:asm:jar:5.0.3:test, org.assertj:assertj-core=org.assertj:assertj-core:jar:2.5.0:test, org.mockito:mockito-core=org.mockito:mockito-core:jar:1.10.19:test, org.objenesis:objenesis=org.objenesis:objenesis:jar:2.1:test, org.hamcrest:hamcrest-library=org.hamcrest:hamcrest-library:jar:1.3:test, org.skyscreamer:jsonassert=org.skyscreamer:jsonassert:jar:1.3.0:test, org.json:json=org.json:json:jar:20090211:test, org.springframework:spring-aspects=org.springframework:spring-aspects:jar:4.3.18.RELEASE:compile}
[DEBUG]   (s) redirectTestOutputToFile = false
[DEBUG]   (s) remoteRepositories = [      id: central
      url: https://repo.maven.apache.org/maven2
   layout: default
snapshots: [enabled => false, update => daily]
 releases: [enabled => true, update => never]
]
[DEBUG]   (s) reportFormat = brief
[DEBUG]   (s) reportsDirectory = D:\IDE\git\openhospital-core\target\surefire-reports
[DEBUG]   (s) runOrder = filesystem
[DEBUG]   (s) skip = false
[DEBUG]   (s) skipTests = false
[DEBUG]   (s) testClassesDirectory = D:\IDE\git\openhospital-core\target\test-classes
[DEBUG]   (s) testFailureIgnore = false
[DEBUG]   (s) testNGArtifactName = org.testng:testng
[DEBUG]   (s) testSourceDirectory = D:\IDE\git\openhospital-core\src\test\java
[DEBUG]   (s) trimStackTrace = true
[DEBUG]   (s) useFile = true
[DEBUG]   (s) useManifestOnlyJar = true
[DEBUG]   (s) useSystemClassLoader = true
[DEBUG]   (s) useUnlimitedThreads = false
[DEBUG]   (s) workingDirectory = D:\IDE\git\openhospital-core
[DEBUG]   (s) project = MavenProject: org.isf:OH-core:1.10 @ D:\IDE\git\openhospital-core\pom.xml
[DEBUG]   (s) session = org.apache.maven.execution.MavenSession@350a94ce
[DEBUG] -- end configuration --
[INFO] Surefire report directory: D:\IDE\git\openhospital-core\target\surefire-reports
[DEBUG] Setting system property [basedir]=[D:\IDE\git\openhospital-core]
[DEBUG] Setting system property [user.dir]=[D:\IDE\git\openhospital-core]
[DEBUG] Setting system property [localRepository]=[C:\Users\Nanni\.m2\repository]
[DEBUG] dummy:dummy:jar:1.0 (selected for null)
[DEBUG]   org.apache.maven.surefire:surefire-booter:jar:2.12.4:compile (selected for compile)
[DEBUG]     org.apache.maven.surefire:surefire-api:jar:2.12.4:compile (selected for compile)
[DEBUG] Adding to surefire booter test classpath: C:\Users\Nanni\.m2\repository\org\apache\maven\surefire\surefire-booter\2.12.4\surefire-booter-2.12.4.jar Scope: compile
[DEBUG] Adding to surefire booter test classpath: C:\Users\Nanni\.m2\repository\org\apache\maven\surefire\surefire-api\2.12.4\surefire-api-2.12.4.jar Scope: compile
[DEBUG] Using JVM: D:\IDE\Java\openjdk-11u-11.0.4_11\bin\java
[DEBUG] dummy:dummy:jar:1.0 (selected for null)
[DEBUG]   org.apache.maven.surefire:surefire-junit4:jar:2.12.4:test (selected for test)
[DEBUG]     org.apache.maven.surefire:surefire-api:jar:2.12.4:test (selected for test)
[DEBUG] Adding to surefire test classpath: C:\Users\Nanni\.m2\repository\org\apache\maven\surefire\surefire-junit4\2.12.4\surefire-junit4-2.12.4.jar Scope: test
[DEBUG] Adding to surefire test classpath: C:\Users\Nanni\.m2\repository\org\apache\maven\surefire\surefire-api\2.12.4\surefire-api-2.12.4.jar Scope: test
[DEBUG] test classpath classpath:
[DEBUG]   D:\IDE\git\openhospital-core\target\test-classes
[DEBUG]   D:\IDE\git\openhospital-core\target\classes
[DEBUG]   C:\Users\Nanni\.m2\repository\com\drewnoakes\metadata-extractor\2.10.0\metadata-extractor-2.10.0.jar
[DEBUG]   C:\Users\Nanni\.m2\repository\com\adobe\xmp\xmpcore\5.1.3\xmpcore-5.1.3.jar
[DEBUG]   C:\Users\Nanni\.m2\repository\com\googlecode\gstreamer-java\gstreamer-java\1.4\gstreamer-java-1.4.jar
[DEBUG]   C:\Users\Nanni\.m2\repository\net\java\dev\jna\jna\3.2.2\jna-3.2.2.jar
[DEBUG]   C:\Users\Nanni\.m2\repository\org\eclipse\swt\win32\win32\x86\3.3.0-v3346\x86-3.3.0-v3346.jar
[DEBUG]   C:\Users\Nanni\.m2\repository\codeanticode\gsvideo\gsvideo_isf\1.0\gsvideo_isf-1.0.jar
[DEBUG]   C:\Users\Nanni\.m2\repository\org\apache\httpcomponents\httpclient\4.5.3\httpclient-4.5.3.jar
[DEBUG]   C:\Users\Nanni\.m2\repository\commons-logging\commons-logging\1.2\commons-logging-1.2.jar
[DEBUG]   C:\Users\Nanni\.m2\repository\commons-codec\commons-codec\1.9\commons-codec-1.9.jar
[DEBUG]   C:\Users\Nanni\.m2\repository\org\apache\httpcomponents\httpcore\4.4.4\httpcore-4.4.4.jar
[DEBUG]   C:\Users\Nanni\.m2\repository\jasperreports\jasperreports\3.0.0\jasperreports-3.0.0.jar
[DEBUG]   C:\Users\Nanni\.m2\repository\commons-beanutils\commons-beanutils\1.7.0\commons-beanutils-1.7.0.jar
[DEBUG]   C:\Users\Nanni\.m2\repository\commons-collections\commons-collections\20040616\commons-collections-20040616.jar
[DEBUG]   C:\Users\Nanni\.m2\repository\commons-digester\commons-digester\2.1\commons-digester-2.1.jar
[DEBUG]   C:\Users\Nanni\.m2\repository\jfree\jcommon\1.0.16\jcommon-1.0.16.jar
[DEBUG]   C:\Users\Nanni\.m2\repository\jfree\jfreechart\1.0.13\jfreechart-1.0.13.jar
[DEBUG]   C:\Users\Nanni\.m2\repository\xml-apis\xml-apis\1.3.02\xml-apis-1.3.02.jar
[DEBUG]   C:\Users\Nanni\.m2\repository\eclipse\jdtcore\3.2.0.v_658\jdtcore-3.2.0.v_658.jar
[DEBUG]   C:\Users\Nanni\.m2\repository\com\lowagie\itext\1.02b\itext-1.02b.jar
[DEBUG]   C:\Users\Nanni\.m2\repository\joda-time\joda-time\2.2\joda-time-2.2.jar
[DEBUG]   C:\Users\Nanni\.m2\repository\junit\junit\4.12\junit-4.12.jar
[DEBUG]   C:\Users\Nanni\.m2\repository\org\hamcrest\hamcrest-core\1.3\hamcrest-core-1.3.jar
[DEBUG]   C:\Users\Nanni\.m2\repository\com\sun\media\jai_imageio\1.1\jai_imageio-1.1.jar
[DEBUG]   C:\Users\Nanni\.m2\repository\javax\media\jai-core\1.1.3\jai-core-1.1.3.jar
[DEBUG]   C:\Users\Nanni\.m2\repository\com\sun\clibwrapper_jiio\1.1\clibwrapper_jiio-1.1.jar
[DEBUG]   C:\Users\Nanni\.m2\repository\mysql\mysql-connector-java\5.1.14\mysql-connector-java-5.1.14.jar
[DEBUG]   C:\Users\Nanni\.m2\repository\org\rxtx\rxtx\2.1.7\rxtx-2.1.7.jar
[DEBUG]   C:\Users\Nanni\.m2\repository\javax\xml\bind\jaxb-api\2.2.11\jaxb-api-2.2.11.jar
[DEBUG]   C:\Users\Nanni\.m2\repository\com\sun\xml\bind\jaxb-core\2.2.11\jaxb-core-2.2.11.jar
[DEBUG]   C:\Users\Nanni\.m2\repository\com\sun\xml\bind\jaxb-impl\2.2.11\jaxb-impl-2.2.11.jar
[DEBUG]   C:\Users\Nanni\.m2\repository\javax\activation\activation\1.1.1\activation-1.1.1.jar
[DEBUG]   C:\Users\Nanni\.m2\repository\dcm4che\dcm4che-core\2.0.26\dcm4che-core-2.0.26.jar
[DEBUG]   C:\Users\Nanni\.m2\repository\dcm4che\dcm4che-imageio\2.0.26\dcm4che-imageio-2.0.26.jar
[DEBUG]   C:\Users\Nanni\.m2\repository\dcm4che\dcm4che-image\2.0.26\dcm4che-image-2.0.26.jar
[DEBUG]   C:\Users\Nanni\.m2\repository\org\apache\poi\poi\3.7\poi-3.7.jar
[DEBUG]   C:\Users\Nanni\.m2\repository\org\apache\poi\poi-ooxml\3.7\poi-ooxml-3.7.jar
[DEBUG]   C:\Users\Nanni\.m2\repository\org\apache\poi\poi-ooxml-schemas\3.7\poi-ooxml-schemas-3.7.jar
[DEBUG]   C:\Users\Nanni\.m2\repository\org\apache\xmlbeans\xmlbeans\2.3.0\xmlbeans-2.3.0.jar
[DEBUG]   C:\Users\Nanni\.m2\repository\stax\stax-api\1.0.1\stax-api-1.0.1.jar
[DEBUG]   C:\Users\Nanni\.m2\repository\org\apache\geronimo\specs\geronimo-stax-api_1.0_spec\1.0\geronimo-stax-api_1.0_spec-1.0.jar
[DEBUG]   C:\Users\Nanni\.m2\repository\dom4j\dom4j\1.6.1\dom4j-1.6.1.jar
[DEBUG]   C:\Users\Nanni\.m2\repository\org\slf4j\slf4j-api\1.6.4\slf4j-api-1.6.4.jar
[DEBUG]   C:\Users\Nanni\.m2\repository\org\slf4j\slf4j-log4j12\1.6.4\slf4j-log4j12-1.6.4.jar
[DEBUG]   C:\Users\Nanni\.m2\repository\log4j\log4j\1.2.16\log4j-1.2.16.jar
[DEBUG]   C:\Users\Nanni\.m2\repository\org\igniterealtime\smack\smack\3.2.1\smack-3.2.1.jar
[DEBUG]   C:\Users\Nanni\.m2\repository\org\igniterealtime\smack\smackx\3.2.1\smackx-3.2.1.jar
[DEBUG]   C:\Users\Nanni\.m2\repository\org\hibernate\hibernate-core\4.2.13.Final\hibernate-core-4.2.13.Final.jar
[DEBUG]   C:\Users\Nanni\.m2\repository\antlr\antlr\2.7.7\antlr-2.7.7.jar
[DEBUG]   C:\Users\Nanni\.m2\repository\org\jboss\logging\jboss-logging\3.1.0.GA\jboss-logging-3.1.0.GA.jar
[DEBUG]   C:\Users\Nanni\.m2\repository\org\javassist\javassist\3.18.1-GA\javassist-3.18.1-GA.jar
[DEBUG]   C:\Users\Nanni\.m2\repository\org\jboss\spec\javax\transaction\jboss-transaction-api_1.1_spec\1.0.1.Final\jboss-transaction-api_1.1_spec-1.0.1.Final.jar
[DEBUG]   C:\Users\Nanni\.m2\repository\org\hibernate\common\hibernate-commons-annotations\4.0.2.Final\hibernate-commons-annotations-4.0.2.Final.jar
[DEBUG]   C:\Users\Nanni\.m2\repository\org\hibernate\javax\persistence\hibernate-jpa-2.0-api\1.0.1.Final\hibernate-jpa-2.0-api-1.0.1.Final.jar
[DEBUG]   C:\Users\Nanni\.m2\repository\org\hibernate\hibernate-entitymanager\4.2.5.Final\hibernate-entitymanager-4.2.5.Final.jar
[DEBUG]   C:\Users\Nanni\.m2\repository\org\hibernate\hibernate-c3p0\4.2.13.Final\hibernate-c3p0-4.2.13.Final.jar
[DEBUG]   C:\Users\Nanni\.m2\repository\com\mchange\c3p0\0.9.2.1\c3p0-0.9.2.1.jar
[DEBUG]   C:\Users\Nanni\.m2\repository\com\mchange\mchange-commons-java\0.2.3.4\mchange-commons-java-0.2.3.4.jar
[DEBUG]   C:\Users\Nanni\.m2\repository\javax\validation\validation-api\1.1.0.Final\validation-api-1.1.0.Final.jar
[DEBUG]   C:\Users\Nanni\.m2\repository\org\imgscalr\imgscalr-lib\4.2\imgscalr-lib-4.2.jar
[DEBUG]   C:\Users\Nanni\.m2\repository\org\springframework\spring-orm\4.3.18.RELEASE\spring-orm-4.3.18.RELEASE.jar
[DEBUG]   C:\Users\Nanni\.m2\repository\org\springframework\spring-jdbc\4.3.18.RELEASE\spring-jdbc-4.3.18.RELEASE.jar
[DEBUG]   C:\Users\Nanni\.m2\repository\org\springframework\spring-beans\4.3.18.RELEASE\spring-beans-4.3.18.RELEASE.jar
[DEBUG]   C:\Users\Nanni\.m2\repository\org\springframework\spring-context\4.3.18.RELEASE\spring-context-4.3.18.RELEASE.jar
[DEBUG]   C:\Users\Nanni\.m2\repository\org\springframework\spring-aop\4.3.18.RELEASE\spring-aop-4.3.18.RELEASE.jar
[DEBUG]   C:\Users\Nanni\.m2\repository\org\springframework\spring-expression\4.3.18.RELEASE\spring-expression-4.3.18.RELEASE.jar
[DEBUG]   C:\Users\Nanni\.m2\repository\org\springframework\spring-core\4.3.18.RELEASE\spring-core-4.3.18.RELEASE.jar
[DEBUG]   C:\Users\Nanni\.m2\repository\org\springframework\spring-test\4.3.18.RELEASE\spring-test-4.3.18.RELEASE.jar
[DEBUG]   C:\Users\Nanni\.m2\repository\org\springframework\spring-tx\4.3.18.RELEASE\spring-tx-4.3.18.RELEASE.jar
[DEBUG]   C:\Users\Nanni\.m2\repository\org\springframework\data\spring-data-jpa\1.11.23.RELEASE\spring-data-jpa-1.11.23.RELEASE.jar
[DEBUG]   C:\Users\Nanni\.m2\repository\org\springframework\data\spring-data-commons\1.13.23.RELEASE\spring-data-commons-1.13.23.RELEASE.jar
[DEBUG]   C:\Users\Nanni\.m2\repository\org\aspectj\aspectjrt\1.8.13\aspectjrt-1.8.13.jar
[DEBUG]   C:\Users\Nanni\.m2\repository\org\slf4j\jcl-over-slf4j\1.7.25\jcl-over-slf4j-1.7.25.jar
[DEBUG]   C:\Users\Nanni\.m2\repository\org\springframework\boot\spring-boot-test\1.4.0.RELEASE\spring-boot-test-1.4.0.RELEASE.jar
[DEBUG]   C:\Users\Nanni\.m2\repository\org\springframework\boot\spring-boot\1.4.0.RELEASE\spring-boot-1.4.0.RELEASE.jar
[DEBUG]   C:\Users\Nanni\.m2\repository\org\aspectj\aspectjweaver\1.8.13\aspectjweaver-1.8.13.jar
[DEBUG]   C:\Users\Nanni\.m2\repository\org\springframework\boot\spring-boot-starter-test\1.4.0.RELEASE\spring-boot-starter-test-1.4.0.RELEASE.jar
[DEBUG]   C:\Users\Nanni\.m2\repository\org\springframework\boot\spring-boot-test-autoconfigure\1.4.0.RELEASE\spring-boot-test-autoconfigure-1.4.0.RELEASE.jar
[DEBUG]   C:\Users\Nanni\.m2\repository\org\springframework\boot\spring-boot-autoconfigure\1.4.0.RELEASE\spring-boot-autoconfigure-1.4.0.RELEASE.jar
[DEBUG]   C:\Users\Nanni\.m2\repository\com\jayway\jsonpath\json-path\2.2.0\json-path-2.2.0.jar
[DEBUG]   C:\Users\Nanni\.m2\repository\net\minidev\json-smart\2.2.1\json-smart-2.2.1.jar
[DEBUG]   C:\Users\Nanni\.m2\repository\net\minidev\accessors-smart\1.1\accessors-smart-1.1.jar
[DEBUG]   C:\Users\Nanni\.m2\repository\org\ow2\asm\asm\5.0.3\asm-5.0.3.jar
[DEBUG]   C:\Users\Nanni\.m2\repository\org\assertj\assertj-core\2.5.0\assertj-core-2.5.0.jar
[DEBUG]   C:\Users\Nanni\.m2\repository\org\mockito\mockito-core\1.10.19\mockito-core-1.10.19.jar
[DEBUG]   C:\Users\Nanni\.m2\repository\org\objenesis\objenesis\2.1\objenesis-2.1.jar
[DEBUG]   C:\Users\Nanni\.m2\repository\org\hamcrest\hamcrest-library\1.3\hamcrest-library-1.3.jar
[DEBUG]   C:\Users\Nanni\.m2\repository\org\skyscreamer\jsonassert\1.3.0\jsonassert-1.3.0.jar
[DEBUG]   C:\Users\Nanni\.m2\repository\org\json\json\20090211\json-20090211.jar
[DEBUG]   C:\Users\Nanni\.m2\repository\org\springframework\spring-aspects\4.3.18.RELEASE\spring-aspects-4.3.18.RELEASE.jar
[DEBUG] provider classpath classpath:
[DEBUG]   C:\Users\Nanni\.m2\repository\org\apache\maven\surefire\surefire-junit4\2.12.4\surefire-junit4-2.12.4.jar
[DEBUG]   C:\Users\Nanni\.m2\repository\org\apache\maven\surefire\surefire-api\2.12.4\surefire-api-2.12.4.jar

-------------------------------------------------------
 T E S T S
-------------------------------------------------------
Forking command line: cmd.exe /X /C "D:\IDE\Java\openjdk-11u-11.0.4_11\bin\java -jar D:\IDE\git\openhospital-core\target\surefire\surefirebooter9391166412669606272.jar D:\IDE\git\openhospital-core\target\surefire\surefire10772874388150626580tmp D:\IDE\git\openhospital-core\target\surefire\surefire_04957799016690790388tmp"
Running org.isf.accounting.test.Tests
[19/jul./2020 12:40:23] [:] INFO - Loaded default TestExecutionListener class names from location [META-INF/spring.factories]: [org.springframework.test.context.web.ServletTestExecutionListener, org.springframework.test.context.support.DirtiesContextBeforeModesTestExecutionListener, org.springframework.test.context.support.DependencyInjectionTestExecutionListener, org.springframework.test.context.support.DirtiesContextTestExecutionListener, org.springframework.test.context.transaction.TransactionalTestExecutionListener, org.springframework.test.context.jdbc.SqlScriptsTestExecutionListener, org.springframework.boot.test.mock.mockito.MockitoTestExecutionListener, org.springframework.boot.test.mock.mockito.ResetMocksTestExecutionListener, org.springframework.boot.test.autoconfigure.AutoConfigureReportTestExecutionListener, org.springframework.boot.test.autoconfigure.restdocs.RestDocsTestExecutionListener, org.springframework.boot.test.autoconfigure.web.client.MockRestServiceServerResetTestExecutionListener]
[19/jul./2020 12:40:23] [:] INFO - Using TestExecutionListeners: [org.springframework.test.context.support.DirtiesContextBeforeModesTestExecutionListener@14555e0a, org.springframework.boot.test.autoconfigure.AutoConfigureReportTestExecutionListener@4bb33f74, org.springframework.test.context.support.DependencyInjectionTestExecutionListener@759d26fb, org.springframework.test.context.support.DirtiesContextTestExecutionListener@3c73951, org.springframework.test.context.transaction.TransactionalTestExecutionListener@3d5c822d, org.springframework.test.context.jdbc.SqlScriptsTestExecutionListener@6f46426d, org.springframework.boot.test.mock.mockito.MockitoTestExecutionListener@73700b80, org.springframework.boot.test.mock.mockito.ResetMocksTestExecutionListener@49c7b90e, org.springframework.boot.test.autoconfigure.restdocs.RestDocsTestExecutionListener@10d307f1, org.springframework.boot.test.autoconfigure.web.client.MockRestServiceServerResetTestExecutionListener@4d5b6aac]
[19/jul./2020 12:40:23] [:] INFO - Refreshing org.springframework.context.support.ClassPathXmlApplicationContext@54a7079e: startup date [Sun Jul 19 12:40:23 CEST 2020]; root of context hierarchy
[19/jul./2020 12:40:23] [:] INFO - Loading XML bean definitions from class path resource [applicationContext.xml]
WARNING: An illegal reflective access operation has occurred
WARNING: Illegal reflective access by org.springframework.cglib.core.ReflectUtils$1 (file:/C:/Users/Nanni/.m2/repository/org/springframework/spring-core/4.3.18.RELEASE/spring-core-4.3.18.RELEASE.jar) to method java.lang.ClassLoader.defineClass(java.lang.String,byte[],int,int,java.security.ProtectionDomain)
WARNING: Please consider reporting this to the maintainers of org.springframework.cglib.core.ReflectUtils$1
WARNING: Use --illegal-access=warn to enable warnings of further illegal reflective access operations
WARNING: All illegal access operations will be denied in a future release
[19/jul./2020 12:40:26] [:] INFO - Properties resource not found: rsc\database.properties (El sistema no puede encontrar la ruta especificada)
[19/jul./2020 12:40:27] [:] INFO - MLog clients using log4j logging.
[19/jul./2020 12:40:28] [:] INFO - Initializing c3p0-0.9.2.1 [built 20-March-2013 10:47:27 +0000; debug? true; trace: 10]
[19/jul./2020 12:40:30] [:] INFO - Building JPA container EntityManagerFactory for persistence unit 'default'
[19/jul./2020 12:40:31] [:] INFO - HCANN000001: Hibernate Commons Annotations {4.0.2.Final}
[19/jul./2020 12:40:31] [:] INFO - HCANN000001: Hibernate Commons Annotations {4.0.2.Final}
[19/jul./2020 12:40:31] [:] INFO - HHH000412: Hibernate Core {4.2.13.Final}
[19/jul./2020 12:40:31] [:] INFO - HHH000412: Hibernate Core {4.2.13.Final}
[19/jul./2020 12:40:31] [:] INFO - HHH000206: hibernate.properties not found
[19/jul./2020 12:40:31] [:] INFO - HHH000206: hibernate.properties not found
[19/jul./2020 12:40:31] [:] INFO - HHH000021: Bytecode provider name : javassist
[19/jul./2020 12:40:31] [:] INFO - HHH000021: Bytecode provider name : javassist
[19/jul./2020 12:40:31] [:] INFO - HHH000204: Processing PersistenceUnitInfo [
	name: default
	...]
[19/jul./2020 12:40:31] [:] INFO - HHH000204: Processing PersistenceUnitInfo [
	name: default
	...]
[19/jul./2020 12:40:31] [:] INFO - HHH000130: Instantiating explicit connection provider: org.hibernate.ejb.connection.InjectedDataSourceConnectionProvider
[19/jul./2020 12:40:31] [:] INFO - HHH000130: Instantiating explicit connection provider: org.hibernate.ejb.connection.InjectedDataSourceConnectionProvider
[19/jul./2020 12:40:32] [:] INFO - Initializing c3p0 pool... com.mchange.v2.c3p0.ComboPooledDataSource [ acquireIncrement -> 1, acquireRetryAttempts -> 30, acquireRetryDelay -> 1000, autoCommitOnClose -> false, automaticTestTable -> null, breakAfterAcquireFailure -> false, checkoutTimeout -> 0, connectionCustomizerClassName -> null, connectionTesterClassName -> com.mchange.v2.c3p0.impl.DefaultConnectionTester, dataSourceName -> 1hge7epabshg6703fumhs|112d1c8e, debugUnreturnedConnectionStackTraces -> false, description -> null, driverClass -> com.mysql.jdbc.Driver, factoryClassLocation -> null, forceIgnoreUnresolvedTransactions -> false, identityToken -> 1hge7epabshg6703fumhs|112d1c8e, idleConnectionTestPeriod -> 0, initialPoolSize -> 3, jdbcUrl -> jdbc:mysql://localhost:3306/oh, maxAdministrativeTaskTime -> 0, maxConnectionAge -> 0, maxIdleTime -> 300, maxIdleTimeExcessConnections -> 0, maxPoolSize -> 10, maxStatements -> 0, maxStatementsPerConnection -> 0, minPoolSize -> 0, numHelperThreads -> 3, preferredTestQuery -> null, properties -> {password=******, user=******}, propertyCycle -> 0, statementCacheNumDeferredCloseThreads -> 0, testConnectionOnCheckin -> false, testConnectionOnCheckout -> false, unreturnedConnectionTimeout -> 0, userOverrides -> {}, usesTraditionalReflectiveProxies -> false ]
[19/jul./2020 12:40:32] [:] INFO - HHH000400: Using dialect: org.hibernate.dialect.MySQLDialect
[19/jul./2020 12:40:32] [:] INFO - HHH000400: Using dialect: org.hibernate.dialect.MySQLDialect
[19/jul./2020 12:40:32] [:] INFO - HHH000424: Disabling contextual LOB creation as createClob() method threw error : java.lang.reflect.InvocationTargetException
[19/jul./2020 12:40:32] [:] INFO - HHH000424: Disabling contextual LOB creation as createClob() method threw error : java.lang.reflect.InvocationTargetException
[19/jul./2020 12:40:33] [:] INFO - HHH000268: Transaction strategy: org.hibernate.engine.transaction.internal.jdbc.JdbcTransactionFactory
[19/jul./2020 12:40:33] [:] INFO - HHH000268: Transaction strategy: org.hibernate.engine.transaction.internal.jdbc.JdbcTransactionFactory
[19/jul./2020 12:40:33] [:] INFO - HHH000397: Using ASTQueryTranslatorFactory
[19/jul./2020 12:40:33] [:] INFO - HHH000397: Using ASTQueryTranslatorFactory
[19/jul./2020 12:40:35] [:] INFO - Initialized JPA EntityManagerFactory for persistence unit 'default'
[19/jul./2020 12:40:41] [:] WARN - examination.properties file not found.
[19/jul./2020 12:40:42] [:] INFO - Loading XML bean definitions from class path resource [applicationContext.xml]
[19/jul./2020 12:40:42] [:] INFO - Refreshing org.springframework.context.support.GenericApplicationContext@4fe4503a: startup date [Sun Jul 19 12:40:42 CEST 2020]; root of context hierarchy
[19/jul./2020 12:40:43] [:] INFO - Properties resource not found: rsc\database.properties (El sistema no puede encontrar la ruta especificada)
[19/jul./2020 12:40:43] [:] INFO - Building JPA container EntityManagerFactory for persistence unit 'default'
[19/jul./2020 12:40:43] [:] INFO - HHH000204: Processing PersistenceUnitInfo [
	name: default
	...]
[19/jul./2020 12:40:43] [:] INFO - HHH000204: Processing PersistenceUnitInfo [
	name: default
	...]
[19/jul./2020 12:40:43] [:] INFO - HHH000130: Instantiating explicit connection provider: org.hibernate.ejb.connection.InjectedDataSourceConnectionProvider
[19/jul./2020 12:40:43] [:] INFO - HHH000130: Instantiating explicit connection provider: org.hibernate.ejb.connection.InjectedDataSourceConnectionProvider
[19/jul./2020 12:40:43] [:] INFO - Initializing c3p0 pool... com.mchange.v2.c3p0.ComboPooledDataSource [ acquireIncrement -> 1, acquireRetryAttempts -> 30, acquireRetryDelay -> 1000, autoCommitOnClose -> false, automaticTestTable -> null, breakAfterAcquireFailure -> false, checkoutTimeout -> 0, connectionCustomizerClassName -> null, connectionTesterClassName -> com.mchange.v2.c3p0.impl.DefaultConnectionTester, dataSourceName -> 1hge7epabshg6703fumhs|5d75f90e, debugUnreturnedConnectionStackTraces -> false, description -> null, driverClass -> com.mysql.jdbc.Driver, factoryClassLocation -> null, forceIgnoreUnresolvedTransactions -> false, identityToken -> 1hge7epabshg6703fumhs|5d75f90e, idleConnectionTestPeriod -> 0, initialPoolSize -> 3, jdbcUrl -> jdbc:mysql://localhost:3306/oh, maxAdministrativeTaskTime -> 0, maxConnectionAge -> 0, maxIdleTime -> 300, maxIdleTimeExcessConnections -> 0, maxPoolSize -> 10, maxStatements -> 0, maxStatementsPerConnection -> 0, minPoolSize -> 0, numHelperThreads -> 3, preferredTestQuery -> null, properties -> {password=******, user=******}, propertyCycle -> 0, statementCacheNumDeferredCloseThreads -> 0, testConnectionOnCheckin -> false, testConnectionOnCheckout -> false, unreturnedConnectionTimeout -> 0, userOverrides -> {}, usesTraditionalReflectiveProxies -> false ]
[19/jul./2020 12:40:43] [:] INFO - HHH000400: Using dialect: org.hibernate.dialect.MySQLDialect
[19/jul./2020 12:40:43] [:] INFO - HHH000400: Using dialect: org.hibernate.dialect.MySQLDialect
[19/jul./2020 12:40:43] [:] INFO - HHH000424: Disabling contextual LOB creation as createClob() method threw error : java.lang.reflect.InvocationTargetException
[19/jul./2020 12:40:43] [:] INFO - HHH000424: Disabling contextual LOB creation as createClob() method threw error : java.lang.reflect.InvocationTargetException
[19/jul./2020 12:40:43] [:] INFO - HHH000268: Transaction strategy: org.hibernate.engine.transaction.internal.jdbc.JdbcTransactionFactory
[19/jul./2020 12:40:43] [:] INFO - HHH000268: Transaction strategy: org.hibernate.engine.transaction.internal.jdbc.JdbcTransactionFactory
[19/jul./2020 12:40:43] [:] INFO - HHH000397: Using ASTQueryTranslatorFactory
[19/jul./2020 12:40:43] [:] INFO - HHH000397: Using ASTQueryTranslatorFactory
[19/jul./2020 12:40:43] [:] WARN - HHH000436: Entity manager factory name (default) is already registered.  If entity manager will be clustered or passivated, specify a unique value for property 'hibernate.ejb.entitymanager_factory_name'
[19/jul./2020 12:40:43] [:] WARN - HHH000436: Entity manager factory name (default) is already registered.  If entity manager will be clustered or passivated, specify a unique value for property 'hibernate.ejb.entitymanager_factory_name'
[19/jul./2020 12:40:43] [:] INFO - Initialized JPA EntityManagerFactory for persistence unit 'default'
Tests run: 25, Failures: 0, Errors: 0, Skipped: 0, Time elapsed: 27.09 sec
Running org.isf.admission.test.Tests
[19/jul./2020 12:40:50] [:] INFO - Loaded default TestExecutionListener class names from location [META-INF/spring.factories]: [org.springframework.test.context.web.ServletTestExecutionListener, org.springframework.test.context.support.DirtiesContextBeforeModesTestExecutionListener, org.springframework.test.context.support.DependencyInjectionTestExecutionListener, org.springframework.test.context.support.DirtiesContextTestExecutionListener, org.springframework.test.context.transaction.TransactionalTestExecutionListener, org.springframework.test.context.jdbc.SqlScriptsTestExecutionListener, org.springframework.boot.test.mock.mockito.MockitoTestExecutionListener, org.springframework.boot.test.mock.mockito.ResetMocksTestExecutionListener, org.springframework.boot.test.autoconfigure.AutoConfigureReportTestExecutionListener, org.springframework.boot.test.autoconfigure.restdocs.RestDocsTestExecutionListener, org.springframework.boot.test.autoconfigure.web.client.MockRestServiceServerResetTestExecutionListener]
[19/jul./2020 12:40:50] [:] INFO - Using TestExecutionListeners: [org.springframework.test.context.support.DirtiesContextBeforeModesTestExecutionListener@4434eb51, org.springframework.boot.test.autoconfigure.AutoConfigureReportTestExecutionListener@1d0b4b69, org.springframework.test.context.support.DependencyInjectionTestExecutionListener@5910c67e, org.springframework.test.context.support.DirtiesContextTestExecutionListener@1967c032, org.springframework.test.context.transaction.TransactionalTestExecutionListener@7a6ade2c, org.springframework.test.context.jdbc.SqlScriptsTestExecutionListener@3d7d920b, org.springframework.boot.test.mock.mockito.MockitoTestExecutionListener@628190ec, org.springframework.boot.test.mock.mockito.ResetMocksTestExecutionListener@4540aade, org.springframework.boot.test.autoconfigure.restdocs.RestDocsTestExecutionListener@697797e4, org.springframework.boot.test.autoconfigure.web.client.MockRestServiceServerResetTestExecutionListener@38cbbd0b]
Tests run: 16, Failures: 0, Errors: 0, Skipped: 0, Time elapsed: 4.547 sec
Running org.isf.admtype.test.Tests
[19/jul./2020 12:40:54] [:] INFO - Loaded default TestExecutionListener class names from location [META-INF/spring.factories]: [org.springframework.test.context.web.ServletTestExecutionListener, org.springframework.test.context.support.DirtiesContextBeforeModesTestExecutionListener, org.springframework.test.context.support.DependencyInjectionTestExecutionListener, org.springframework.test.context.support.DirtiesContextTestExecutionListener, org.springframework.test.context.transaction.TransactionalTestExecutionListener, org.springframework.test.context.jdbc.SqlScriptsTestExecutionListener, org.springframework.boot.test.mock.mockito.MockitoTestExecutionListener, org.springframework.boot.test.mock.mockito.ResetMocksTestExecutionListener, org.springframework.boot.test.autoconfigure.AutoConfigureReportTestExecutionListener, org.springframework.boot.test.autoconfigure.restdocs.RestDocsTestExecutionListener, org.springframework.boot.test.autoconfigure.web.client.MockRestServiceServerResetTestExecutionListener]
[19/jul./2020 12:40:54] [:] INFO - Using TestExecutionListeners: [org.springframework.test.context.support.DirtiesContextBeforeModesTestExecutionListener@5c806f1d, org.springframework.boot.test.autoconfigure.AutoConfigureReportTestExecutionListener@7bf87d6b, org.springframework.test.context.support.DependencyInjectionTestExecutionListener@42f16e74, org.springframework.test.context.support.DirtiesContextTestExecutionListener@1af4dbba, org.springframework.test.context.transaction.TransactionalTestExecutionListener@45d3a77e, org.springframework.test.context.jdbc.SqlScriptsTestExecutionListener@7df8898a, org.springframework.boot.test.mock.mockito.MockitoTestExecutionListener@3433da8f, org.springframework.boot.test.mock.mockito.ResetMocksTestExecutionListener@8a6eeb8, org.springframework.boot.test.autoconfigure.restdocs.RestDocsTestExecutionListener@50165085, org.springframework.boot.test.autoconfigure.web.client.MockRestServiceServerResetTestExecutionListener@699b37d4]
Tests run: 7, Failures: 0, Errors: 0, Skipped: 0, Time elapsed: 0.282 sec
Running org.isf.agetype.test.Tests
[19/jul./2020 12:40:55] [:] INFO - Loaded default TestExecutionListener class names from location [META-INF/spring.factories]: [org.springframework.test.context.web.ServletTestExecutionListener, org.springframework.test.context.support.DirtiesContextBeforeModesTestExecutionListener, org.springframework.test.context.support.DependencyInjectionTestExecutionListener, org.springframework.test.context.support.DirtiesContextTestExecutionListener, org.springframework.test.context.transaction.TransactionalTestExecutionListener, org.springframework.test.context.jdbc.SqlScriptsTestExecutionListener, org.springframework.boot.test.mock.mockito.MockitoTestExecutionListener, org.springframework.boot.test.mock.mockito.ResetMocksTestExecutionListener, org.springframework.boot.test.autoconfigure.AutoConfigureReportTestExecutionListener, org.springframework.boot.test.autoconfigure.restdocs.RestDocsTestExecutionListener, org.springframework.boot.test.autoconfigure.web.client.MockRestServiceServerResetTestExecutionListener]
[19/jul./2020 12:40:55] [:] INFO - Using TestExecutionListeners: [org.springframework.test.context.support.DirtiesContextBeforeModesTestExecutionListener@6cef2367, org.springframework.boot.test.autoconfigure.AutoConfigureReportTestExecutionListener@5c374b46, org.springframework.test.context.support.DependencyInjectionTestExecutionListener@7172b0b9, org.springframework.test.context.support.DirtiesContextTestExecutionListener@3beead8d, org.springframework.test.context.transaction.TransactionalTestExecutionListener@2e8f558c, org.springframework.test.context.jdbc.SqlScriptsTestExecutionListener@48844660, org.springframework.boot.test.mock.mockito.MockitoTestExecutionListener@2c17c0b1, org.springframework.boot.test.mock.mockito.ResetMocksTestExecutionListener@625b827b, org.springframework.boot.test.autoconfigure.restdocs.RestDocsTestExecutionListener@362c8889, org.springframework.boot.test.autoconfigure.web.client.MockRestServiceServerResetTestExecutionListener@5cf16f6a]
Tests run: 5, Failures: 0, Errors: 0, Skipped: 0, Time elapsed: 0.236 sec
Running org.isf.dicom.test.Tests
[19/jul./2020 12:40:55] [:] INFO - Loaded default TestExecutionListener class names from location [META-INF/spring.factories]: [org.springframework.test.context.web.ServletTestExecutionListener, org.springframework.test.context.support.DirtiesContextBeforeModesTestExecutionListener, org.springframework.test.context.support.DependencyInjectionTestExecutionListener, org.springframework.test.context.support.DirtiesContextTestExecutionListener, org.springframework.test.context.transaction.TransactionalTestExecutionListener, org.springframework.test.context.jdbc.SqlScriptsTestExecutionListener, org.springframework.boot.test.mock.mockito.MockitoTestExecutionListener, org.springframework.boot.test.mock.mockito.ResetMocksTestExecutionListener, org.springframework.boot.test.autoconfigure.AutoConfigureReportTestExecutionListener, org.springframework.boot.test.autoconfigure.restdocs.RestDocsTestExecutionListener, org.springframework.boot.test.autoconfigure.web.client.MockRestServiceServerResetTestExecutionListener]
[19/jul./2020 12:40:55] [:] INFO - Using TestExecutionListeners: [org.springframework.test.context.support.DirtiesContextBeforeModesTestExecutionListener@59e33cea, org.springframework.boot.test.autoconfigure.AutoConfigureReportTestExecutionListener@497d3a85, org.springframework.test.context.support.DependencyInjectionTestExecutionListener@2d301b0e, org.springframework.test.context.support.DirtiesContextTestExecutionListener@6a49bf51, org.springframework.test.context.transaction.TransactionalTestExecutionListener@2a0dda9e, org.springframework.test.context.jdbc.SqlScriptsTestExecutionListener@a046448, org.springframework.boot.test.mock.mockito.MockitoTestExecutionListener@2741f66d, org.springframework.boot.test.mock.mockito.ResetMocksTestExecutionListener@d576e3, org.springframework.boot.test.autoconfigure.restdocs.RestDocsTestExecutionListener@4448854d, org.springframework.boot.test.autoconfigure.web.client.MockRestServiceServerResetTestExecutionListener@6dc78fa8]
Tests run: 8, Failures: 0, Errors: 0, Skipped: 0, Time elapsed: 0.4 sec
Running org.isf.dicomtype.test.Tests
[19/jul./2020 12:40:55] [:] INFO - Loaded default TestExecutionListener class names from location [META-INF/spring.factories]: [org.springframework.test.context.web.ServletTestExecutionListener, org.springframework.test.context.support.DirtiesContextBeforeModesTestExecutionListener, org.springframework.test.context.support.DependencyInjectionTestExecutionListener, org.springframework.test.context.support.DirtiesContextTestExecutionListener, org.springframework.test.context.transaction.TransactionalTestExecutionListener, org.springframework.test.context.jdbc.SqlScriptsTestExecutionListener, org.springframework.boot.test.mock.mockito.MockitoTestExecutionListener, org.springframework.boot.test.mock.mockito.ResetMocksTestExecutionListener, org.springframework.boot.test.autoconfigure.AutoConfigureReportTestExecutionListener, org.springframework.boot.test.autoconfigure.restdocs.RestDocsTestExecutionListener, org.springframework.boot.test.autoconfigure.web.client.MockRestServiceServerResetTestExecutionListener]
[19/jul./2020 12:40:55] [:] INFO - Using TestExecutionListeners: [org.springframework.test.context.support.DirtiesContextBeforeModesTestExecutionListener@1d5d9d7a, org.springframework.boot.test.autoconfigure.AutoConfigureReportTestExecutionListener@1ae0fde4, org.springframework.test.context.support.DependencyInjectionTestExecutionListener@645e2cfe, org.springframework.test.context.support.DirtiesContextTestExecutionListener@3f5b2857, org.springframework.test.context.transaction.TransactionalTestExecutionListener@4e1cc48b, org.springframework.test.context.jdbc.SqlScriptsTestExecutionListener@530e1f71, org.springframework.boot.test.mock.mockito.MockitoTestExecutionListener@46a2f032, org.springframework.boot.test.mock.mockito.ResetMocksTestExecutionListener@20dd6121, org.springframework.boot.test.autoconfigure.restdocs.RestDocsTestExecutionListener@84dd12d, org.springframework.boot.test.autoconfigure.web.client.MockRestServiceServerResetTestExecutionListener@2b9bb2c2]
Tests run: 2, Failures: 0, Errors: 0, Skipped: 0, Time elapsed: 0.1 sec
Running org.isf.disctype.test.Tests
[19/jul./2020 12:40:56] [:] INFO - Loaded default TestExecutionListener class names from location [META-INF/spring.factories]: [org.springframework.test.context.web.ServletTestExecutionListener, org.springframework.test.context.support.DirtiesContextBeforeModesTestExecutionListener, org.springframework.test.context.support.DependencyInjectionTestExecutionListener, org.springframework.test.context.support.DirtiesContextTestExecutionListener, org.springframework.test.context.transaction.TransactionalTestExecutionListener, org.springframework.test.context.jdbc.SqlScriptsTestExecutionListener, org.springframework.boot.test.mock.mockito.MockitoTestExecutionListener, org.springframework.boot.test.mock.mockito.ResetMocksTestExecutionListener, org.springframework.boot.test.autoconfigure.AutoConfigureReportTestExecutionListener, org.springframework.boot.test.autoconfigure.restdocs.RestDocsTestExecutionListener, org.springframework.boot.test.autoconfigure.web.client.MockRestServiceServerResetTestExecutionListener]
[19/jul./2020 12:40:56] [:] INFO - Using TestExecutionListeners: [org.springframework.test.context.support.DirtiesContextBeforeModesTestExecutionListener@3862d1ee, org.springframework.boot.test.autoconfigure.AutoConfigureReportTestExecutionListener@2b217392, org.springframework.test.context.support.DependencyInjectionTestExecutionListener@41acbb51, org.springframework.test.context.support.DirtiesContextTestExecutionListener@3e0c4b29, org.springframework.test.context.transaction.TransactionalTestExecutionListener@104f10a7, org.springframework.test.context.jdbc.SqlScriptsTestExecutionListener@30524cdf, org.springframework.boot.test.mock.mockito.MockitoTestExecutionListener@14001fb7, org.springframework.boot.test.mock.mockito.ResetMocksTestExecutionListener@48895b1d, org.springframework.boot.test.autoconfigure.restdocs.RestDocsTestExecutionListener@202bb083, org.springframework.boot.test.autoconfigure.web.client.MockRestServiceServerResetTestExecutionListener@23d34ed]
Tests run: 7, Failures: 0, Errors: 0, Skipped: 0, Time elapsed: 0.232 sec
Running org.isf.disease.test.Tests
[19/jul./2020 12:40:56] [:] INFO - Loaded default TestExecutionListener class names from location [META-INF/spring.factories]: [org.springframework.test.context.web.ServletTestExecutionListener, org.springframework.test.context.support.DirtiesContextBeforeModesTestExecutionListener, org.springframework.test.context.support.DependencyInjectionTestExecutionListener, org.springframework.test.context.support.DirtiesContextTestExecutionListener, org.springframework.test.context.transaction.TransactionalTestExecutionListener, org.springframework.test.context.jdbc.SqlScriptsTestExecutionListener, org.springframework.boot.test.mock.mockito.MockitoTestExecutionListener, org.springframework.boot.test.mock.mockito.ResetMocksTestExecutionListener, org.springframework.boot.test.autoconfigure.AutoConfigureReportTestExecutionListener, org.springframework.boot.test.autoconfigure.restdocs.RestDocsTestExecutionListener, org.springframework.boot.test.autoconfigure.web.client.MockRestServiceServerResetTestExecutionListener]
[19/jul./2020 12:40:56] [:] INFO - Using TestExecutionListeners: [org.springframework.test.context.support.DirtiesContextBeforeModesTestExecutionListener@6a9b6e01, org.springframework.boot.test.autoconfigure.AutoConfigureReportTestExecutionListener@18adeae, org.springframework.test.context.support.DependencyInjectionTestExecutionListener@75ca3140, org.springframework.test.context.support.DirtiesContextTestExecutionListener@1836bae2, org.springframework.test.context.transaction.TransactionalTestExecutionListener@296c2483, org.springframework.test.context.jdbc.SqlScriptsTestExecutionListener@7e44f0ae, org.springframework.boot.test.mock.mockito.MockitoTestExecutionListener@5a208e17, org.springframework.boot.test.mock.mockito.ResetMocksTestExecutionListener@77ecce1b, org.springframework.boot.test.autoconfigure.restdocs.RestDocsTestExecutionListener@3fecb459, org.springframework.boot.test.autoconfigure.web.client.MockRestServiceServerResetTestExecutionListener@6674f28a]
Tests run: 10, Failures: 0, Errors: 0, Skipped: 0, Time elapsed: 0.997 sec
Running org.isf.distype.test.Tests
[19/jul./2020 12:40:57] [:] INFO - Loaded default TestExecutionListener class names from location [META-INF/spring.factories]: [org.springframework.test.context.web.ServletTestExecutionListener, org.springframework.test.context.support.DirtiesContextBeforeModesTestExecutionListener, org.springframework.test.context.support.DependencyInjectionTestExecutionListener, org.springframework.test.context.support.DirtiesContextTestExecutionListener, org.springframework.test.context.transaction.TransactionalTestExecutionListener, org.springframework.test.context.jdbc.SqlScriptsTestExecutionListener, org.springframework.boot.test.mock.mockito.MockitoTestExecutionListener, org.springframework.boot.test.mock.mockito.ResetMocksTestExecutionListener, org.springframework.boot.test.autoconfigure.AutoConfigureReportTestExecutionListener, org.springframework.boot.test.autoconfigure.restdocs.RestDocsTestExecutionListener, org.springframework.boot.test.autoconfigure.web.client.MockRestServiceServerResetTestExecutionListener]
[19/jul./2020 12:40:57] [:] INFO - Using TestExecutionListeners: [org.springframework.test.context.support.DirtiesContextBeforeModesTestExecutionListener@14ea6b28, org.springframework.boot.test.autoconfigure.AutoConfigureReportTestExecutionListener@5cf8823c, org.springframework.test.context.support.DependencyInjectionTestExecutionListener@bef3797, org.springframework.test.context.support.DirtiesContextTestExecutionListener@5f40693b, org.springframework.test.context.transaction.TransactionalTestExecutionListener@18b4ead0, org.springframework.test.context.jdbc.SqlScriptsTestExecutionListener@c57298, org.springframework.boot.test.mock.mockito.MockitoTestExecutionListener@7264ae98, org.springframework.boot.test.mock.mockito.ResetMocksTestExecutionListener@2eb1085e, org.springframework.boot.test.autoconfigure.restdocs.RestDocsTestExecutionListener@116c8532, org.springframework.boot.test.autoconfigure.web.client.MockRestServiceServerResetTestExecutionListener@3a166435]
Tests run: 7, Failures: 0, Errors: 0, Skipped: 0, Time elapsed: 0.184 sec
Running org.isf.dlvrrestype.test.Tests
[19/jul./2020 12:40:57] [:] INFO - Loaded default TestExecutionListener class names from location [META-INF/spring.factories]: [org.springframework.test.context.web.ServletTestExecutionListener, org.springframework.test.context.support.DirtiesContextBeforeModesTestExecutionListener, org.springframework.test.context.support.DependencyInjectionTestExecutionListener, org.springframework.test.context.support.DirtiesContextTestExecutionListener, org.springframework.test.context.transaction.TransactionalTestExecutionListener, org.springframework.test.context.jdbc.SqlScriptsTestExecutionListener, org.springframework.boot.test.mock.mockito.MockitoTestExecutionListener, org.springframework.boot.test.mock.mockito.ResetMocksTestExecutionListener, org.springframework.boot.test.autoconfigure.AutoConfigureReportTestExecutionListener, org.springframework.boot.test.autoconfigure.restdocs.RestDocsTestExecutionListener, org.springframework.boot.test.autoconfigure.web.client.MockRestServiceServerResetTestExecutionListener]
[19/jul./2020 12:40:57] [:] INFO - Using TestExecutionListeners: [org.springframework.test.context.support.DirtiesContextBeforeModesTestExecutionListener@3f33c4cb, org.springframework.boot.test.autoconfigure.AutoConfigureReportTestExecutionListener@76a12745, org.springframework.test.context.support.DependencyInjectionTestExecutionListener@40e78377, org.springframework.test.context.support.DirtiesContextTestExecutionListener@e904cbd, org.springframework.test.context.transaction.TransactionalTestExecutionListener@2fa4d438, org.springframework.test.context.jdbc.SqlScriptsTestExecutionListener@50405586, org.springframework.boot.test.mock.mockito.MockitoTestExecutionListener@2c4088c2, org.springframework.boot.test.mock.mockito.ResetMocksTestExecutionListener@20b9dc53, org.springframework.boot.test.autoconfigure.restdocs.RestDocsTestExecutionListener@2935c968, org.springframework.boot.test.autoconfigure.web.client.MockRestServiceServerResetTestExecutionListener@7b0b55ad]
Tests run: 7, Failures: 0, Errors: 0, Skipped: 0, Time elapsed: 0.171 sec
Running org.isf.dlvrtype.test.Tests
[19/jul./2020 12:40:57] [:] INFO - Loaded default TestExecutionListener class names from location [META-INF/spring.factories]: [org.springframework.test.context.web.ServletTestExecutionListener, org.springframework.test.context.support.DirtiesContextBeforeModesTestExecutionListener, org.springframework.test.context.support.DependencyInjectionTestExecutionListener, org.springframework.test.context.support.DirtiesContextTestExecutionListener, org.springframework.test.context.transaction.TransactionalTestExecutionListener, org.springframework.test.context.jdbc.SqlScriptsTestExecutionListener, org.springframework.boot.test.mock.mockito.MockitoTestExecutionListener, org.springframework.boot.test.mock.mockito.ResetMocksTestExecutionListener, org.springframework.boot.test.autoconfigure.AutoConfigureReportTestExecutionListener, org.springframework.boot.test.autoconfigure.restdocs.RestDocsTestExecutionListener, org.springframework.boot.test.autoconfigure.web.client.MockRestServiceServerResetTestExecutionListener]
[19/jul./2020 12:40:57] [:] INFO - Using TestExecutionListeners: [org.springframework.test.context.support.DirtiesContextBeforeModesTestExecutionListener@45a14255, org.springframework.boot.test.autoconfigure.AutoConfigureReportTestExecutionListener@3e3cde4a, org.springframework.test.context.support.DependencyInjectionTestExecutionListener@23e3f9d4, org.springframework.test.context.support.DirtiesContextTestExecutionListener@903c506, org.springframework.test.context.transaction.TransactionalTestExecutionListener@46ff9d99, org.springframework.test.context.jdbc.SqlScriptsTestExecutionListener@1e69d582, org.springframework.boot.test.mock.mockito.MockitoTestExecutionListener@22f8a2c2, org.springframework.boot.test.mock.mockito.ResetMocksTestExecutionListener@35c4686e, org.springframework.boot.test.autoconfigure.restdocs.RestDocsTestExecutionListener@f6d381a, org.springframework.boot.test.autoconfigure.web.client.MockRestServiceServerResetTestExecutionListener@5ff839b0]
Tests run: 7, Failures: 0, Errors: 0, Skipped: 0, Time elapsed: 0.169 sec
Running org.isf.exa.test.Tests
[19/jul./2020 12:40:57] [:] INFO - Loaded default TestExecutionListener class names from location [META-INF/spring.factories]: [org.springframework.test.context.web.ServletTestExecutionListener, org.springframework.test.context.support.DirtiesContextBeforeModesTestExecutionListener, org.springframework.test.context.support.DependencyInjectionTestExecutionListener, org.springframework.test.context.support.DirtiesContextTestExecutionListener, org.springframework.test.context.transaction.TransactionalTestExecutionListener, org.springframework.test.context.jdbc.SqlScriptsTestExecutionListener, org.springframework.boot.test.mock.mockito.MockitoTestExecutionListener, org.springframework.boot.test.mock.mockito.ResetMocksTestExecutionListener, org.springframework.boot.test.autoconfigure.AutoConfigureReportTestExecutionListener, org.springframework.boot.test.autoconfigure.restdocs.RestDocsTestExecutionListener, org.springframework.boot.test.autoconfigure.web.client.MockRestServiceServerResetTestExecutionListener]
[19/jul./2020 12:40:57] [:] INFO - Using TestExecutionListeners: [org.springframework.test.context.support.DirtiesContextBeforeModesTestExecutionListener@69a9487, org.springframework.boot.test.autoconfigure.AutoConfigureReportTestExecutionListener@32378f7c, org.springframework.test.context.support.DependencyInjectionTestExecutionListener@447d6272, org.springframework.test.context.support.DirtiesContextTestExecutionListener@5734bcd4, org.springframework.test.context.transaction.TransactionalTestExecutionListener@5583419, org.springframework.test.context.jdbc.SqlScriptsTestExecutionListener@b9a07a1, org.springframework.boot.test.mock.mockito.MockitoTestExecutionListener@24db9a52, org.springframework.boot.test.mock.mockito.ResetMocksTestExecutionListener@567b5001, org.springframework.boot.test.autoconfigure.restdocs.RestDocsTestExecutionListener@12c75e2b, org.springframework.boot.test.autoconfigure.web.client.MockRestServiceServerResetTestExecutionListener@49bbf4dd]
Tests run: 13, Failures: 0, Errors: 0, Skipped: 0, Time elapsed: 2.04 sec
Running org.isf.examination.test.Tests
[19/jul./2020 12:40:59] [:] INFO - Loaded default TestExecutionListener class names from location [META-INF/spring.factories]: [org.springframework.test.context.web.ServletTestExecutionListener, org.springframework.test.context.support.DirtiesContextBeforeModesTestExecutionListener, org.springframework.test.context.support.DependencyInjectionTestExecutionListener, org.springframework.test.context.support.DirtiesContextTestExecutionListener, org.springframework.test.context.transaction.TransactionalTestExecutionListener, org.springframework.test.context.jdbc.SqlScriptsTestExecutionListener, org.springframework.boot.test.mock.mockito.MockitoTestExecutionListener, org.springframework.boot.test.mock.mockito.ResetMocksTestExecutionListener, org.springframework.boot.test.autoconfigure.AutoConfigureReportTestExecutionListener, org.springframework.boot.test.autoconfigure.restdocs.RestDocsTestExecutionListener, org.springframework.boot.test.autoconfigure.web.client.MockRestServiceServerResetTestExecutionListener]
[19/jul./2020 12:40:59] [:] INFO - Using TestExecutionListeners: [org.springframework.test.context.support.DirtiesContextBeforeModesTestExecutionListener@af5e4d6, org.springframework.boot.test.autoconfigure.AutoConfigureReportTestExecutionListener@42fa4908, org.springframework.test.context.support.DependencyInjectionTestExecutionListener@5bc76448, org.springframework.test.context.support.DirtiesContextTestExecutionListener@5f043b, org.springframework.test.context.transaction.TransactionalTestExecutionListener@25a993b2, org.springframework.test.context.jdbc.SqlScriptsTestExecutionListener@350b3c06, org.springframework.boot.test.mock.mockito.MockitoTestExecutionListener@550eebcb, org.springframework.boot.test.mock.mockito.ResetMocksTestExecutionListener@2d08438d, org.springframework.boot.test.autoconfigure.restdocs.RestDocsTestExecutionListener@44d5719d, org.springframework.boot.test.autoconfigure.web.client.MockRestServiceServerResetTestExecutionListener@28d28e0d]
Tests run: 8, Failures: 0, Errors: 0, Skipped: 0, Time elapsed: 0.437 sec
Running org.isf.exatype.test.Tests
[19/jul./2020 12:41:00] [:] INFO - Loaded default TestExecutionListener class names from location [META-INF/spring.factories]: [org.springframework.test.context.web.ServletTestExecutionListener, org.springframework.test.context.support.DirtiesContextBeforeModesTestExecutionListener, org.springframework.test.context.support.DependencyInjectionTestExecutionListener, org.springframework.test.context.support.DirtiesContextTestExecutionListener, org.springframework.test.context.transaction.TransactionalTestExecutionListener, org.springframework.test.context.jdbc.SqlScriptsTestExecutionListener, org.springframework.boot.test.mock.mockito.MockitoTestExecutionListener, org.springframework.boot.test.mock.mockito.ResetMocksTestExecutionListener, org.springframework.boot.test.autoconfigure.AutoConfigureReportTestExecutionListener, org.springframework.boot.test.autoconfigure.restdocs.RestDocsTestExecutionListener, org.springframework.boot.test.autoconfigure.web.client.MockRestServiceServerResetTestExecutionListener]
[19/jul./2020 12:41:00] [:] INFO - Using TestExecutionListeners: [org.springframework.test.context.support.DirtiesContextBeforeModesTestExecutionListener@1a355b09, org.springframework.boot.test.autoconfigure.AutoConfigureReportTestExecutionListener@5ba93da7, org.springframework.test.context.support.DependencyInjectionTestExecutionListener@fd5ed50, org.springframework.test.context.support.DirtiesContextTestExecutionListener@596e1c97, org.springframework.test.context.transaction.TransactionalTestExecutionListener@6933e9a0, org.springframework.test.context.jdbc.SqlScriptsTestExecutionListener@7b65b524, org.springframework.boot.test.mock.mockito.MockitoTestExecutionListener@5b7a7875, org.springframework.boot.test.mock.mockito.ResetMocksTestExecutionListener@72d95d29, org.springframework.boot.test.autoconfigure.restdocs.RestDocsTestExecutionListener@4d1c43b, org.springframework.boot.test.autoconfigure.web.client.MockRestServiceServerResetTestExecutionListener@52cb9d10]
Tests run: 7, Failures: 0, Errors: 0, Skipped: 0, Time elapsed: 0.292 sec
Running org.isf.hospital.test.Tests
[19/jul./2020 12:41:00] [:] INFO - Loaded default TestExecutionListener class names from location [META-INF/spring.factories]: [org.springframework.test.context.web.ServletTestExecutionListener, org.springframework.test.context.support.DirtiesContextBeforeModesTestExecutionListener, org.springframework.test.context.support.DependencyInjectionTestExecutionListener, org.springframework.test.context.support.DirtiesContextTestExecutionListener, org.springframework.test.context.transaction.TransactionalTestExecutionListener, org.springframework.test.context.jdbc.SqlScriptsTestExecutionListener, org.springframework.boot.test.mock.mockito.MockitoTestExecutionListener, org.springframework.boot.test.mock.mockito.ResetMocksTestExecutionListener, org.springframework.boot.test.autoconfigure.AutoConfigureReportTestExecutionListener, org.springframework.boot.test.autoconfigure.restdocs.RestDocsTestExecutionListener, org.springframework.boot.test.autoconfigure.web.client.MockRestServiceServerResetTestExecutionListener]
[19/jul./2020 12:41:00] [:] INFO - Using TestExecutionListeners: [org.springframework.test.context.support.DirtiesContextBeforeModesTestExecutionListener@35e9f652, org.springframework.boot.test.autoconfigure.AutoConfigureReportTestExecutionListener@7f91a938, org.springframework.test.context.support.DependencyInjectionTestExecutionListener@3800880, org.springframework.test.context.support.DirtiesContextTestExecutionListener@58ef604b, org.springframework.test.context.transaction.TransactionalTestExecutionListener@224e4662, org.springframework.test.context.jdbc.SqlScriptsTestExecutionListener@50e4f37a, org.springframework.boot.test.mock.mockito.MockitoTestExecutionListener@532335ee, org.springframework.boot.test.mock.mockito.ResetMocksTestExecutionListener@706deaf9, org.springframework.boot.test.autoconfigure.restdocs.RestDocsTestExecutionListener@2040dfc0, org.springframework.boot.test.autoconfigure.web.client.MockRestServiceServerResetTestExecutionListener@57489791]
Tests run: 3, Failures: 0, Errors: 0, Skipped: 0, Time elapsed: 0.114 sec
Running org.isf.lab.test.Tests
[19/jul./2020 12:41:00] [:] INFO - Loaded default TestExecutionListener class names from location [META-INF/spring.factories]: [org.springframework.test.context.web.ServletTestExecutionListener, org.springframework.test.context.support.DirtiesContextBeforeModesTestExecutionListener, org.springframework.test.context.support.DependencyInjectionTestExecutionListener, org.springframework.test.context.support.DirtiesContextTestExecutionListener, org.springframework.test.context.transaction.TransactionalTestExecutionListener, org.springframework.test.context.jdbc.SqlScriptsTestExecutionListener, org.springframework.boot.test.mock.mockito.MockitoTestExecutionListener, org.springframework.boot.test.mock.mockito.ResetMocksTestExecutionListener, org.springframework.boot.test.autoconfigure.AutoConfigureReportTestExecutionListener, org.springframework.boot.test.autoconfigure.restdocs.RestDocsTestExecutionListener, org.springframework.boot.test.autoconfigure.web.client.MockRestServiceServerResetTestExecutionListener]
[19/jul./2020 12:41:00] [:] INFO - Using TestExecutionListeners: [org.springframework.test.context.support.DirtiesContextBeforeModesTestExecutionListener@2408a606, org.springframework.boot.test.autoconfigure.AutoConfigureReportTestExecutionListener@21255bbe, org.springframework.test.context.support.DependencyInjectionTestExecutionListener@303a089, org.springframework.test.context.support.DirtiesContextTestExecutionListener@25d0f2c6, org.springframework.test.context.transaction.TransactionalTestExecutionListener@448948ec, org.springframework.test.context.jdbc.SqlScriptsTestExecutionListener@4f7a0368, org.springframework.boot.test.mock.mockito.MockitoTestExecutionListener@5163f5e6, org.springframework.boot.test.mock.mockito.ResetMocksTestExecutionListener@73076bce, org.springframework.boot.test.autoconfigure.restdocs.RestDocsTestExecutionListener@7d47936a, org.springframework.boot.test.autoconfigure.web.client.MockRestServiceServerResetTestExecutionListener@6239bee9]
[19/jul./2020 12:41:01] [:] WARN - SQL Error: 1406, SQLState: 22001
[19/jul./2020 12:41:01] [:] WARN - SQL Error: 1406, SQLState: 22001
[19/jul./2020 12:41:01] [:] ERROR - Data truncation: Data too long for column 'LABR_DESC' at row 1
[19/jul./2020 12:41:01] [:] ERROR - Data truncation: Data too long for column 'LABR_DESC' at row 1
[19/jul./2020 12:41:01] [:] WARN - SQL Error: 1406, SQLState: 22001
[19/jul./2020 12:41:01] [:] WARN - SQL Error: 1406, SQLState: 22001
[19/jul./2020 12:41:01] [:] ERROR - Data truncation: Data too long for column 'LABR_DESC' at row 1
[19/jul./2020 12:41:01] [:] ERROR - Data truncation: Data too long for column 'LABR_DESC' at row 1
Tests run: 15, Failures: 0, Errors: 0, Skipped: 0, Time elapsed: 1.875 sec
Running org.isf.malnutrition.test.Tests
[19/jul./2020 12:41:02] [:] INFO - Loaded default TestExecutionListener class names from location [META-INF/spring.factories]: [org.springframework.test.context.web.ServletTestExecutionListener, org.springframework.test.context.support.DirtiesContextBeforeModesTestExecutionListener, org.springframework.test.context.support.DependencyInjectionTestExecutionListener, org.springframework.test.context.support.DirtiesContextTestExecutionListener, org.springframework.test.context.transaction.TransactionalTestExecutionListener, org.springframework.test.context.jdbc.SqlScriptsTestExecutionListener, org.springframework.boot.test.mock.mockito.MockitoTestExecutionListener, org.springframework.boot.test.mock.mockito.ResetMocksTestExecutionListener, org.springframework.boot.test.autoconfigure.AutoConfigureReportTestExecutionListener, org.springframework.boot.test.autoconfigure.restdocs.RestDocsTestExecutionListener, org.springframework.boot.test.autoconfigure.web.client.MockRestServiceServerResetTestExecutionListener]
[19/jul./2020 12:41:02] [:] INFO - Using TestExecutionListeners: [org.springframework.test.context.support.DirtiesContextBeforeModesTestExecutionListener@305f619, org.springframework.boot.test.autoconfigure.AutoConfigureReportTestExecutionListener@48ef7fb5, org.springframework.test.context.support.DependencyInjectionTestExecutionListener@4bf43578, org.springframework.test.context.support.DirtiesContextTestExecutionListener@265abcbe, org.springframework.test.context.transaction.TransactionalTestExecutionListener@a432352, org.springframework.test.context.jdbc.SqlScriptsTestExecutionListener@39e2e778, org.springframework.boot.test.mock.mockito.MockitoTestExecutionListener@53575ac9, org.springframework.boot.test.mock.mockito.ResetMocksTestExecutionListener@209ba351, org.springframework.boot.test.autoconfigure.restdocs.RestDocsTestExecutionListener@33d14da3, org.springframework.boot.test.autoconfigure.web.client.MockRestServiceServerResetTestExecutionListener@1da6b586]
Tests run: 7, Failures: 0, Errors: 0, Skipped: 0, Time elapsed: 1.973 sec
Running org.isf.medicals.test.Tests
[19/jul./2020 12:41:04] [:] INFO - Loaded default TestExecutionListener class names from location [META-INF/spring.factories]: [org.springframework.test.context.web.ServletTestExecutionListener, org.springframework.test.context.support.DirtiesContextBeforeModesTestExecutionListener, org.springframework.test.context.support.DependencyInjectionTestExecutionListener, org.springframework.test.context.support.DirtiesContextTestExecutionListener, org.springframework.test.context.transaction.TransactionalTestExecutionListener, org.springframework.test.context.jdbc.SqlScriptsTestExecutionListener, org.springframework.boot.test.mock.mockito.MockitoTestExecutionListener, org.springframework.boot.test.mock.mockito.ResetMocksTestExecutionListener, org.springframework.boot.test.autoconfigure.AutoConfigureReportTestExecutionListener, org.springframework.boot.test.autoconfigure.restdocs.RestDocsTestExecutionListener, org.springframework.boot.test.autoconfigure.web.client.MockRestServiceServerResetTestExecutionListener]
[19/jul./2020 12:41:04] [:] INFO - Using TestExecutionListeners: [org.springframework.test.context.support.DirtiesContextBeforeModesTestExecutionListener@5cb6b4db, org.springframework.boot.test.autoconfigure.AutoConfigureReportTestExecutionListener@375a2d24, org.springframework.test.context.support.DependencyInjectionTestExecutionListener@24cc6e69, org.springframework.test.context.support.DirtiesContextTestExecutionListener@73b231b0, org.springframework.test.context.transaction.TransactionalTestExecutionListener@1acb5371, org.springframework.test.context.jdbc.SqlScriptsTestExecutionListener@7c9e7e01, org.springframework.boot.test.mock.mockito.MockitoTestExecutionListener@3be6f8dd, org.springframework.boot.test.mock.mockito.ResetMocksTestExecutionListener@59bb71a0, org.springframework.boot.test.autoconfigure.restdocs.RestDocsTestExecutionListener@192bf13d, org.springframework.boot.test.autoconfigure.web.client.MockRestServiceServerResetTestExecutionListener@164afa6f]
Tests run: 10, Failures: 0, Errors: 0, Skipped: 0, Time elapsed: 0.825 sec
Running org.isf.medicalstock.test.Tests
[19/jul./2020 12:41:05] [:] INFO - Loaded default TestExecutionListener class names from location [META-INF/spring.factories]: [org.springframework.test.context.web.ServletTestExecutionListener, org.springframework.test.context.support.DirtiesContextBeforeModesTestExecutionListener, org.springframework.test.context.support.DependencyInjectionTestExecutionListener, org.springframework.test.context.support.DirtiesContextTestExecutionListener, org.springframework.test.context.transaction.TransactionalTestExecutionListener, org.springframework.test.context.jdbc.SqlScriptsTestExecutionListener, org.springframework.boot.test.mock.mockito.MockitoTestExecutionListener, org.springframework.boot.test.mock.mockito.ResetMocksTestExecutionListener, org.springframework.boot.test.autoconfigure.AutoConfigureReportTestExecutionListener, org.springframework.boot.test.autoconfigure.restdocs.RestDocsTestExecutionListener, org.springframework.boot.test.autoconfigure.web.client.MockRestServiceServerResetTestExecutionListener]
[19/jul./2020 12:41:05] [:] INFO - Using TestExecutionListeners: [org.springframework.test.context.support.DirtiesContextBeforeModesTestExecutionListener@e9c4d2a, org.springframework.boot.test.autoconfigure.AutoConfigureReportTestExecutionListener@4edde378, org.springframework.test.context.support.DependencyInjectionTestExecutionListener@22c37b93, org.springframework.test.context.support.DirtiesContextTestExecutionListener@567634ca, org.springframework.test.context.transaction.TransactionalTestExecutionListener@3aefd633, org.springframework.test.context.jdbc.SqlScriptsTestExecutionListener@1b083435, org.springframework.boot.test.mock.mockito.MockitoTestExecutionListener@22aecb24, org.springframework.boot.test.mock.mockito.ResetMocksTestExecutionListener@45996bdf, org.springframework.boot.test.autoconfigure.restdocs.RestDocsTestExecutionListener@1837311, org.springframework.boot.test.autoconfigure.web.client.MockRestServiceServerResetTestExecutionListener@5b704688]
Tests run: 19, Failures: 0, Errors: 0, Skipped: 0, Time elapsed: 1.851 sec
Running org.isf.medicalstockward.test.Tests
[19/jul./2020 12:41:07] [:] INFO - Loaded default TestExecutionListener class names from location [META-INF/spring.factories]: [org.springframework.test.context.web.ServletTestExecutionListener, org.springframework.test.context.support.DirtiesContextBeforeModesTestExecutionListener, org.springframework.test.context.support.DependencyInjectionTestExecutionListener, org.springframework.test.context.support.DirtiesContextTestExecutionListener, org.springframework.test.context.transaction.TransactionalTestExecutionListener, org.springframework.test.context.jdbc.SqlScriptsTestExecutionListener, org.springframework.boot.test.mock.mockito.MockitoTestExecutionListener, org.springframework.boot.test.mock.mockito.ResetMocksTestExecutionListener, org.springframework.boot.test.autoconfigure.AutoConfigureReportTestExecutionListener, org.springframework.boot.test.autoconfigure.restdocs.RestDocsTestExecutionListener, org.springframework.boot.test.autoconfigure.web.client.MockRestServiceServerResetTestExecutionListener]
[19/jul./2020 12:41:07] [:] INFO - Using TestExecutionListeners: [org.springframework.test.context.support.DirtiesContextBeforeModesTestExecutionListener@45068c81, org.springframework.boot.test.autoconfigure.AutoConfigureReportTestExecutionListener@c5c68fc, org.springframework.test.context.support.DependencyInjectionTestExecutionListener@1207fe09, org.springframework.test.context.support.DirtiesContextTestExecutionListener@59a2eda9, org.springframework.test.context.transaction.TransactionalTestExecutionListener@28311098, org.springframework.test.context.jdbc.SqlScriptsTestExecutionListener@474586ea, org.springframework.boot.test.mock.mockito.MockitoTestExecutionListener@6a1fcfbd, org.springframework.boot.test.mock.mockito.ResetMocksTestExecutionListener@241eb8f2, org.springframework.boot.test.autoconfigure.restdocs.RestDocsTestExecutionListener@40bd939, org.springframework.boot.test.autoconfigure.web.client.MockRestServiceServerResetTestExecutionListener@6f126d84]
Tests run: 10, Failures: 0, Errors: 0, Skipped: 0, Time elapsed: 1.218 sec
Running org.isf.medstockmovtype.test.Tests
[19/jul./2020 12:41:08] [:] INFO - Loaded default TestExecutionListener class names from location [META-INF/spring.factories]: [org.springframework.test.context.web.ServletTestExecutionListener, org.springframework.test.context.support.DirtiesContextBeforeModesTestExecutionListener, org.springframework.test.context.support.DependencyInjectionTestExecutionListener, org.springframework.test.context.support.DirtiesContextTestExecutionListener, org.springframework.test.context.transaction.TransactionalTestExecutionListener, org.springframework.test.context.jdbc.SqlScriptsTestExecutionListener, org.springframework.boot.test.mock.mockito.MockitoTestExecutionListener, org.springframework.boot.test.mock.mockito.ResetMocksTestExecutionListener, org.springframework.boot.test.autoconfigure.AutoConfigureReportTestExecutionListener, org.springframework.boot.test.autoconfigure.restdocs.RestDocsTestExecutionListener, org.springframework.boot.test.autoconfigure.web.client.MockRestServiceServerResetTestExecutionListener]
[19/jul./2020 12:41:08] [:] INFO - Using TestExecutionListeners: [org.springframework.test.context.support.DirtiesContextBeforeModesTestExecutionListener@2f318a6c, org.springframework.boot.test.autoconfigure.AutoConfigureReportTestExecutionListener@2c277673, org.springframework.test.context.support.DependencyInjectionTestExecutionListener@6138a2b1, org.springframework.test.context.support.DirtiesContextTestExecutionListener@685ae9f8, org.springframework.test.context.transaction.TransactionalTestExecutionListener@4b9b7c75, org.springframework.test.context.jdbc.SqlScriptsTestExecutionListener@5c180f9b, org.springframework.boot.test.mock.mockito.MockitoTestExecutionListener@78110383, org.springframework.boot.test.mock.mockito.ResetMocksTestExecutionListener@473b3050, org.springframework.boot.test.autoconfigure.restdocs.RestDocsTestExecutionListener@57d39416, org.springframework.boot.test.autoconfigure.web.client.MockRestServiceServerResetTestExecutionListener@4b2b3da0]
Tests run: 7, Failures: 0, Errors: 0, Skipped: 0, Time elapsed: 0.21 sec
Running org.isf.medtype.test.Tests
[19/jul./2020 12:41:08] [:] INFO - Loaded default TestExecutionListener class names from location [META-INF/spring.factories]: [org.springframework.test.context.web.ServletTestExecutionListener, org.springframework.test.context.support.DirtiesContextBeforeModesTestExecutionListener, org.springframework.test.context.support.DependencyInjectionTestExecutionListener, org.springframework.test.context.support.DirtiesContextTestExecutionListener, org.springframework.test.context.transaction.TransactionalTestExecutionListener, org.springframework.test.context.jdbc.SqlScriptsTestExecutionListener, org.springframework.boot.test.mock.mockito.MockitoTestExecutionListener, org.springframework.boot.test.mock.mockito.ResetMocksTestExecutionListener, org.springframework.boot.test.autoconfigure.AutoConfigureReportTestExecutionListener, org.springframework.boot.test.autoconfigure.restdocs.RestDocsTestExecutionListener, org.springframework.boot.test.autoconfigure.web.client.MockRestServiceServerResetTestExecutionListener]
[19/jul./2020 12:41:08] [:] INFO - Using TestExecutionListeners: [org.springframework.test.context.support.DirtiesContextBeforeModesTestExecutionListener@ed1bd74, org.springframework.boot.test.autoconfigure.AutoConfigureReportTestExecutionListener@5a6c64e8, org.springframework.test.context.support.DependencyInjectionTestExecutionListener@39325ff3, org.springframework.test.context.support.DirtiesContextTestExecutionListener@322ca29f, org.springframework.test.context.transaction.TransactionalTestExecutionListener@319593b3, org.springframework.test.context.jdbc.SqlScriptsTestExecutionListener@867fa4d, org.springframework.boot.test.mock.mockito.MockitoTestExecutionListener@2301e175, org.springframework.boot.test.mock.mockito.ResetMocksTestExecutionListener@74ee87d0, org.springframework.boot.test.autoconfigure.restdocs.RestDocsTestExecutionListener@697b9af5, org.springframework.boot.test.autoconfigure.web.client.MockRestServiceServerResetTestExecutionListener@5e79b005]
Tests run: 7, Failures: 0, Errors: 0, Skipped: 0, Time elapsed: 0.195 sec
Running org.isf.menu.test.Tests
[19/jul./2020 12:41:08] [:] INFO - Loaded default TestExecutionListener class names from location [META-INF/spring.factories]: [org.springframework.test.context.web.ServletTestExecutionListener, org.springframework.test.context.support.DirtiesContextBeforeModesTestExecutionListener, org.springframework.test.context.support.DependencyInjectionTestExecutionListener, org.springframework.test.context.support.DirtiesContextTestExecutionListener, org.springframework.test.context.transaction.TransactionalTestExecutionListener, org.springframework.test.context.jdbc.SqlScriptsTestExecutionListener, org.springframework.boot.test.mock.mockito.MockitoTestExecutionListener, org.springframework.boot.test.mock.mockito.ResetMocksTestExecutionListener, org.springframework.boot.test.autoconfigure.AutoConfigureReportTestExecutionListener, org.springframework.boot.test.autoconfigure.restdocs.RestDocsTestExecutionListener, org.springframework.boot.test.autoconfigure.web.client.MockRestServiceServerResetTestExecutionListener]
[19/jul./2020 12:41:08] [:] INFO - Using TestExecutionListeners: [org.springframework.test.context.support.DirtiesContextBeforeModesTestExecutionListener@2bb22040, org.springframework.boot.test.autoconfigure.AutoConfigureReportTestExecutionListener@67bcdbf7, org.springframework.test.context.support.DependencyInjectionTestExecutionListener@18d0899d, org.springframework.test.context.support.DirtiesContextTestExecutionListener@26c9d57f, org.springframework.test.context.transaction.TransactionalTestExecutionListener@1cc351c6, org.springframework.test.context.jdbc.SqlScriptsTestExecutionListener@1d2152ca, org.springframework.boot.test.mock.mockito.MockitoTestExecutionListener@121bc92, org.springframework.boot.test.mock.mockito.ResetMocksTestExecutionListener@69abf3e4, org.springframework.boot.test.autoconfigure.restdocs.RestDocsTestExecutionListener@6fe0c276, org.springframework.boot.test.autoconfigure.web.client.MockRestServiceServerResetTestExecutionListener@78c06a42]
Tests run: 24, Failures: 0, Errors: 0, Skipped: 0, Time elapsed: 0.904 sec
Running org.isf.opd.test.Tests
[19/jul./2020 12:41:09] [:] INFO - Loaded default TestExecutionListener class names from location [META-INF/spring.factories]: [org.springframework.test.context.web.ServletTestExecutionListener, org.springframework.test.context.support.DirtiesContextBeforeModesTestExecutionListener, org.springframework.test.context.support.DependencyInjectionTestExecutionListener, org.springframework.test.context.support.DirtiesContextTestExecutionListener, org.springframework.test.context.transaction.TransactionalTestExecutionListener, org.springframework.test.context.jdbc.SqlScriptsTestExecutionListener, org.springframework.boot.test.mock.mockito.MockitoTestExecutionListener, org.springframework.boot.test.mock.mockito.ResetMocksTestExecutionListener, org.springframework.boot.test.autoconfigure.AutoConfigureReportTestExecutionListener, org.springframework.boot.test.autoconfigure.restdocs.RestDocsTestExecutionListener, org.springframework.boot.test.autoconfigure.web.client.MockRestServiceServerResetTestExecutionListener]
[19/jul./2020 12:41:09] [:] INFO - Using TestExecutionListeners: [org.springframework.test.context.support.DirtiesContextBeforeModesTestExecutionListener@15b30be8, org.springframework.boot.test.autoconfigure.AutoConfigureReportTestExecutionListener@3459c04e, org.springframework.test.context.support.DependencyInjectionTestExecutionListener@4542f398, org.springframework.test.context.support.DirtiesContextTestExecutionListener@3f312184, org.springframework.test.context.transaction.TransactionalTestExecutionListener@32d091c1, org.springframework.test.context.jdbc.SqlScriptsTestExecutionListener@48f16c65, org.springframework.boot.test.mock.mockito.MockitoTestExecutionListener@1a7d98d0, org.springframework.boot.test.mock.mockito.ResetMocksTestExecutionListener@2c76b71a, org.springframework.boot.test.autoconfigure.restdocs.RestDocsTestExecutionListener@1a1e65cc, org.springframework.boot.test.autoconfigure.web.client.MockRestServiceServerResetTestExecutionListener@59cfa0ae]
Tests run: 8, Failures: 0, Errors: 0, Skipped: 0, Time elapsed: 0.835 sec
Running org.isf.operation.test.Tests
[19/jul./2020 12:41:10] [:] INFO - Loaded default TestExecutionListener class names from location [META-INF/spring.factories]: [org.springframework.test.context.web.ServletTestExecutionListener, org.springframework.test.context.support.DirtiesContextBeforeModesTestExecutionListener, org.springframework.test.context.support.DependencyInjectionTestExecutionListener, org.springframework.test.context.support.DirtiesContextTestExecutionListener, org.springframework.test.context.transaction.TransactionalTestExecutionListener, org.springframework.test.context.jdbc.SqlScriptsTestExecutionListener, org.springframework.boot.test.mock.mockito.MockitoTestExecutionListener, org.springframework.boot.test.mock.mockito.ResetMocksTestExecutionListener, org.springframework.boot.test.autoconfigure.AutoConfigureReportTestExecutionListener, org.springframework.boot.test.autoconfigure.restdocs.RestDocsTestExecutionListener, org.springframework.boot.test.autoconfigure.web.client.MockRestServiceServerResetTestExecutionListener]
[19/jul./2020 12:41:10] [:] INFO - Using TestExecutionListeners: [org.springframework.test.context.support.DirtiesContextBeforeModesTestExecutionListener@f0d441c, org.springframework.boot.test.autoconfigure.AutoConfigureReportTestExecutionListener@32df2745, org.springframework.test.context.support.DependencyInjectionTestExecutionListener@36706748, org.springframework.test.context.support.DirtiesContextTestExecutionListener@403fa97f, org.springframework.test.context.transaction.TransactionalTestExecutionListener@257738c0, org.springframework.test.context.jdbc.SqlScriptsTestExecutionListener@6ed9c624, org.springframework.boot.test.mock.mockito.MockitoTestExecutionListener@5b26b690, org.springframework.boot.test.mock.mockito.ResetMocksTestExecutionListener@666f98da, org.springframework.boot.test.autoconfigure.restdocs.RestDocsTestExecutionListener@7ac21def, org.springframework.boot.test.autoconfigure.web.client.MockRestServiceServerResetTestExecutionListener@5a0a1c75]
Tests run: 7, Failures: 0, Errors: 0, Skipped: 0, Time elapsed: 0.293 sec
Running org.isf.opetype.test.Tests
[19/jul./2020 12:41:11] [:] INFO - Loaded default TestExecutionListener class names from location [META-INF/spring.factories]: [org.springframework.test.context.web.ServletTestExecutionListener, org.springframework.test.context.support.DirtiesContextBeforeModesTestExecutionListener, org.springframework.test.context.support.DependencyInjectionTestExecutionListener, org.springframework.test.context.support.DirtiesContextTestExecutionListener, org.springframework.test.context.transaction.TransactionalTestExecutionListener, org.springframework.test.context.jdbc.SqlScriptsTestExecutionListener, org.springframework.boot.test.mock.mockito.MockitoTestExecutionListener, org.springframework.boot.test.mock.mockito.ResetMocksTestExecutionListener, org.springframework.boot.test.autoconfigure.AutoConfigureReportTestExecutionListener, org.springframework.boot.test.autoconfigure.restdocs.RestDocsTestExecutionListener, org.springframework.boot.test.autoconfigure.web.client.MockRestServiceServerResetTestExecutionListener]
[19/jul./2020 12:41:11] [:] INFO - Using TestExecutionListeners: [org.springframework.test.context.support.DirtiesContextBeforeModesTestExecutionListener@6c9f0d17, org.springframework.boot.test.autoconfigure.AutoConfigureReportTestExecutionListener@1ffbfa0d, org.springframework.test.context.support.DependencyInjectionTestExecutionListener@3cefd0cd, org.springframework.test.context.support.DirtiesContextTestExecutionListener@3ea1fac5, org.springframework.test.context.transaction.TransactionalTestExecutionListener@2ac2bfb3, org.springframework.test.context.jdbc.SqlScriptsTestExecutionListener@6aa91374, org.springframework.boot.test.mock.mockito.MockitoTestExecutionListener@2802df54, org.springframework.boot.test.mock.mockito.ResetMocksTestExecutionListener@19447f43, org.springframework.boot.test.autoconfigure.restdocs.RestDocsTestExecutionListener@26c464ff, org.springframework.boot.test.autoconfigure.web.client.MockRestServiceServerResetTestExecutionListener@454f1e0]
Tests run: 7, Failures: 0, Errors: 0, Skipped: 0, Time elapsed: 0.19 sec
Running org.isf.patient.test.Tests
[19/jul./2020 12:41:11] [:] INFO - Loaded default TestExecutionListener class names from location [META-INF/spring.factories]: [org.springframework.test.context.web.ServletTestExecutionListener, org.springframework.test.context.support.DirtiesContextBeforeModesTestExecutionListener, org.springframework.test.context.support.DependencyInjectionTestExecutionListener, org.springframework.test.context.support.DirtiesContextTestExecutionListener, org.springframework.test.context.transaction.TransactionalTestExecutionListener, org.springframework.test.context.jdbc.SqlScriptsTestExecutionListener, org.springframework.boot.test.mock.mockito.MockitoTestExecutionListener, org.springframework.boot.test.mock.mockito.ResetMocksTestExecutionListener, org.springframework.boot.test.autoconfigure.AutoConfigureReportTestExecutionListener, org.springframework.boot.test.autoconfigure.restdocs.RestDocsTestExecutionListener, org.springframework.boot.test.autoconfigure.web.client.MockRestServiceServerResetTestExecutionListener]
[19/jul./2020 12:41:11] [:] INFO - Using TestExecutionListeners: [org.springframework.test.context.support.DirtiesContextBeforeModesTestExecutionListener@35c29914, org.springframework.boot.test.autoconfigure.AutoConfigureReportTestExecutionListener@66da1ca2, org.springframework.test.context.support.DependencyInjectionTestExecutionListener@3f6b525d, org.springframework.test.context.support.DirtiesContextTestExecutionListener@1d1ae48e, org.springframework.test.context.transaction.TransactionalTestExecutionListener@3cb1d400, org.springframework.test.context.jdbc.SqlScriptsTestExecutionListener@ab8f038, org.springframework.boot.test.mock.mockito.MockitoTestExecutionListener@6f24a288, org.springframework.boot.test.mock.mockito.ResetMocksTestExecutionListener@25d01576, org.springframework.boot.test.autoconfigure.restdocs.RestDocsTestExecutionListener@17f3d418, org.springframework.boot.test.autoconfigure.web.client.MockRestServiceServerResetTestExecutionListener@5a87dfee]
Tests run: 14, Failures: 0, Errors: 0, Skipped: 0, Time elapsed: 0.378 sec
Running org.isf.patvac.test.Tests
[19/jul./2020 12:41:11] [:] INFO - Loaded default TestExecutionListener class names from location [META-INF/spring.factories]: [org.springframework.test.context.web.ServletTestExecutionListener, org.springframework.test.context.support.DirtiesContextBeforeModesTestExecutionListener, org.springframework.test.context.support.DependencyInjectionTestExecutionListener, org.springframework.test.context.support.DirtiesContextTestExecutionListener, org.springframework.test.context.transaction.TransactionalTestExecutionListener, org.springframework.test.context.jdbc.SqlScriptsTestExecutionListener, org.springframework.boot.test.mock.mockito.MockitoTestExecutionListener, org.springframework.boot.test.mock.mockito.ResetMocksTestExecutionListener, org.springframework.boot.test.autoconfigure.AutoConfigureReportTestExecutionListener, org.springframework.boot.test.autoconfigure.restdocs.RestDocsTestExecutionListener, org.springframework.boot.test.autoconfigure.web.client.MockRestServiceServerResetTestExecutionListener]
[19/jul./2020 12:41:11] [:] INFO - Using TestExecutionListeners: [org.springframework.test.context.support.DirtiesContextBeforeModesTestExecutionListener@80400ad, org.springframework.boot.test.autoconfigure.AutoConfigureReportTestExecutionListener@571255c0, org.springframework.test.context.support.DependencyInjectionTestExecutionListener@7c361e4e, org.springframework.test.context.support.DirtiesContextTestExecutionListener@22d6e826, org.springframework.test.context.transaction.TransactionalTestExecutionListener@a7f85b9, org.springframework.test.context.jdbc.SqlScriptsTestExecutionListener@4f867d63, org.springframework.boot.test.mock.mockito.MockitoTestExecutionListener@38eceb3, org.springframework.boot.test.mock.mockito.ResetMocksTestExecutionListener@168c813c, org.springframework.boot.test.autoconfigure.restdocs.RestDocsTestExecutionListener@60a88c19, org.springframework.boot.test.autoconfigure.web.client.MockRestServiceServerResetTestExecutionListener@1c39980a]
Tests run: 7, Failures: 0, Errors: 0, Skipped: 0, Time elapsed: 0.398 sec
Running org.isf.pregtreattype.test.Tests
[19/jul./2020 12:41:11] [:] INFO - Loaded default TestExecutionListener class names from location [META-INF/spring.factories]: [org.springframework.test.context.web.ServletTestExecutionListener, org.springframework.test.context.support.DirtiesContextBeforeModesTestExecutionListener, org.springframework.test.context.support.DependencyInjectionTestExecutionListener, org.springframework.test.context.support.DirtiesContextTestExecutionListener, org.springframework.test.context.transaction.TransactionalTestExecutionListener, org.springframework.test.context.jdbc.SqlScriptsTestExecutionListener, org.springframework.boot.test.mock.mockito.MockitoTestExecutionListener, org.springframework.boot.test.mock.mockito.ResetMocksTestExecutionListener, org.springframework.boot.test.autoconfigure.AutoConfigureReportTestExecutionListener, org.springframework.boot.test.autoconfigure.restdocs.RestDocsTestExecutionListener, org.springframework.boot.test.autoconfigure.web.client.MockRestServiceServerResetTestExecutionListener]
[19/jul./2020 12:41:11] [:] INFO - Using TestExecutionListeners: [org.springframework.test.context.support.DirtiesContextBeforeModesTestExecutionListener@4391dc3d, org.springframework.boot.test.autoconfigure.AutoConfigureReportTestExecutionListener@60da973c, org.springframework.test.context.support.DependencyInjectionTestExecutionListener@4ddd3082, org.springframework.test.context.support.DirtiesContextTestExecutionListener@2866e3e1, org.springframework.test.context.transaction.TransactionalTestExecutionListener@65dba2e4, org.springframework.test.context.jdbc.SqlScriptsTestExecutionListener@510caa14, org.springframework.boot.test.mock.mockito.MockitoTestExecutionListener@7571d997, org.springframework.boot.test.mock.mockito.ResetMocksTestExecutionListener@6a174533, org.springframework.boot.test.autoconfigure.restdocs.RestDocsTestExecutionListener@52e30617, org.springframework.boot.test.autoconfigure.web.client.MockRestServiceServerResetTestExecutionListener@668b5a55]
Tests run: 7, Failures: 0, Errors: 0, Skipped: 0, Time elapsed: 0.141 sec
Running org.isf.priceslist.test.Tests
[19/jul./2020 12:41:12] [:] INFO - Loaded default TestExecutionListener class names from location [META-INF/spring.factories]: [org.springframework.test.context.web.ServletTestExecutionListener, org.springframework.test.context.support.DirtiesContextBeforeModesTestExecutionListener, org.springframework.test.context.support.DependencyInjectionTestExecutionListener, org.springframework.test.context.support.DirtiesContextTestExecutionListener, org.springframework.test.context.transaction.TransactionalTestExecutionListener, org.springframework.test.context.jdbc.SqlScriptsTestExecutionListener, org.springframework.boot.test.mock.mockito.MockitoTestExecutionListener, org.springframework.boot.test.mock.mockito.ResetMocksTestExecutionListener, org.springframework.boot.test.autoconfigure.AutoConfigureReportTestExecutionListener, org.springframework.boot.test.autoconfigure.restdocs.RestDocsTestExecutionListener, org.springframework.boot.test.autoconfigure.web.client.MockRestServiceServerResetTestExecutionListener]
[19/jul./2020 12:41:12] [:] INFO - Using TestExecutionListeners: [org.springframework.test.context.support.DirtiesContextBeforeModesTestExecutionListener@8c9f4cf, org.springframework.boot.test.autoconfigure.AutoConfigureReportTestExecutionListener@3acf9098, org.springframework.test.context.support.DependencyInjectionTestExecutionListener@60cc5df0, org.springframework.test.context.support.DirtiesContextTestExecutionListener@1117a71, org.springframework.test.context.transaction.TransactionalTestExecutionListener@46b98910, org.springframework.test.context.jdbc.SqlScriptsTestExecutionListener@349a0f, org.springframework.boot.test.mock.mockito.MockitoTestExecutionListener@2157424, org.springframework.boot.test.mock.mockito.ResetMocksTestExecutionListener@8dd54e5, org.springframework.boot.test.autoconfigure.restdocs.RestDocsTestExecutionListener@2a6bde7, org.springframework.boot.test.autoconfigure.web.client.MockRestServiceServerResetTestExecutionListener@2666bb5e]
Tests run: 12, Failures: 0, Errors: 0, Skipped: 0, Time elapsed: 0.626 sec
Running org.isf.pricesothers.test.Tests
[19/jul./2020 12:41:12] [:] INFO - Loaded default TestExecutionListener class names from location [META-INF/spring.factories]: [org.springframework.test.context.web.ServletTestExecutionListener, org.springframework.test.context.support.DirtiesContextBeforeModesTestExecutionListener, org.springframework.test.context.support.DependencyInjectionTestExecutionListener, org.springframework.test.context.support.DirtiesContextTestExecutionListener, org.springframework.test.context.transaction.TransactionalTestExecutionListener, org.springframework.test.context.jdbc.SqlScriptsTestExecutionListener, org.springframework.boot.test.mock.mockito.MockitoTestExecutionListener, org.springframework.boot.test.mock.mockito.ResetMocksTestExecutionListener, org.springframework.boot.test.autoconfigure.AutoConfigureReportTestExecutionListener, org.springframework.boot.test.autoconfigure.restdocs.RestDocsTestExecutionListener, org.springframework.boot.test.autoconfigure.web.client.MockRestServiceServerResetTestExecutionListener]
[19/jul./2020 12:41:12] [:] INFO - Using TestExecutionListeners: [org.springframework.test.context.support.DirtiesContextBeforeModesTestExecutionListener@1f6c7eac, org.springframework.boot.test.autoconfigure.AutoConfigureReportTestExecutionListener@7424e5c8, org.springframework.test.context.support.DependencyInjectionTestExecutionListener@5c313f8f, org.springframework.test.context.support.DirtiesContextTestExecutionListener@7d3c05e5, org.springframework.test.context.transaction.TransactionalTestExecutionListener@1d98df0, org.springframework.test.context.jdbc.SqlScriptsTestExecutionListener@520022a6, org.springframework.boot.test.mock.mockito.MockitoTestExecutionListener@798b22e, org.springframework.boot.test.mock.mockito.ResetMocksTestExecutionListener@1a169c15, org.springframework.boot.test.autoconfigure.restdocs.RestDocsTestExecutionListener@576d24aa, org.springframework.boot.test.autoconfigure.web.client.MockRestServiceServerResetTestExecutionListener@4ab39f3]
Tests run: 6, Failures: 0, Errors: 0, Skipped: 0, Time elapsed: 0.108 sec
Running org.isf.sms.test.Tests
[19/jul./2020 12:41:12] [:] INFO - Loaded default TestExecutionListener class names from location [META-INF/spring.factories]: [org.springframework.test.context.web.ServletTestExecutionListener, org.springframework.test.context.support.DirtiesContextBeforeModesTestExecutionListener, org.springframework.test.context.support.DependencyInjectionTestExecutionListener, org.springframework.test.context.support.DirtiesContextTestExecutionListener, org.springframework.test.context.transaction.TransactionalTestExecutionListener, org.springframework.test.context.jdbc.SqlScriptsTestExecutionListener, org.springframework.boot.test.mock.mockito.MockitoTestExecutionListener, org.springframework.boot.test.mock.mockito.ResetMocksTestExecutionListener, org.springframework.boot.test.autoconfigure.AutoConfigureReportTestExecutionListener, org.springframework.boot.test.autoconfigure.restdocs.RestDocsTestExecutionListener, org.springframework.boot.test.autoconfigure.web.client.MockRestServiceServerResetTestExecutionListener]
[19/jul./2020 12:41:12] [:] INFO - Using TestExecutionListeners: [org.springframework.test.context.support.DirtiesContextBeforeModesTestExecutionListener@3e9bc139, org.springframework.boot.test.autoconfigure.AutoConfigureReportTestExecutionListener@669b6c80, org.springframework.test.context.support.DependencyInjectionTestExecutionListener@795060ab, org.springframework.test.context.support.DirtiesContextTestExecutionListener@317f68be, org.springframework.test.context.transaction.TransactionalTestExecutionListener@518de5a1, org.springframework.test.context.jdbc.SqlScriptsTestExecutionListener@6ccf6c7c, org.springframework.boot.test.mock.mockito.MockitoTestExecutionListener@16e00c76, org.springframework.boot.test.mock.mockito.ResetMocksTestExecutionListener@5c90ac8c, org.springframework.boot.test.autoconfigure.restdocs.RestDocsTestExecutionListener@628eea52, org.springframework.boot.test.autoconfigure.web.client.MockRestServiceServerResetTestExecutionListener@7535d6f3]
Tests run: 8, Failures: 0, Errors: 0, Skipped: 0, Time elapsed: 0.156 sec
Running org.isf.supplier.test.Tests
[19/jul./2020 12:41:13] [:] INFO - Loaded default TestExecutionListener class names from location [META-INF/spring.factories]: [org.springframework.test.context.web.ServletTestExecutionListener, org.springframework.test.context.support.DirtiesContextBeforeModesTestExecutionListener, org.springframework.test.context.support.DependencyInjectionTestExecutionListener, org.springframework.test.context.support.DirtiesContextTestExecutionListener, org.springframework.test.context.transaction.TransactionalTestExecutionListener, org.springframework.test.context.jdbc.SqlScriptsTestExecutionListener, org.springframework.boot.test.mock.mockito.MockitoTestExecutionListener, org.springframework.boot.test.mock.mockito.ResetMocksTestExecutionListener, org.springframework.boot.test.autoconfigure.AutoConfigureReportTestExecutionListener, org.springframework.boot.test.autoconfigure.restdocs.RestDocsTestExecutionListener, org.springframework.boot.test.autoconfigure.web.client.MockRestServiceServerResetTestExecutionListener]
[19/jul./2020 12:41:13] [:] INFO - Using TestExecutionListeners: [org.springframework.test.context.support.DirtiesContextBeforeModesTestExecutionListener@7c835e19, org.springframework.boot.test.autoconfigure.AutoConfigureReportTestExecutionListener@69907828, org.springframework.test.context.support.DependencyInjectionTestExecutionListener@1e87887d, org.springframework.test.context.support.DirtiesContextTestExecutionListener@7291e268, org.springframework.test.context.transaction.TransactionalTestExecutionListener@148419b5, org.springframework.test.context.jdbc.SqlScriptsTestExecutionListener@7e3f6235, org.springframework.boot.test.mock.mockito.MockitoTestExecutionListener@5cd9c9ef, org.springframework.boot.test.mock.mockito.ResetMocksTestExecutionListener@2126e2be, org.springframework.boot.test.autoconfigure.restdocs.RestDocsTestExecutionListener@15db1e9e, org.springframework.boot.test.autoconfigure.web.client.MockRestServiceServerResetTestExecutionListener@1070e8da]
Tests run: 6, Failures: 0, Errors: 0, Skipped: 0, Time elapsed: 0.118 sec
Running org.isf.therapy.test.Tests
[19/jul./2020 12:41:13] [:] INFO - Loaded default TestExecutionListener class names from location [META-INF/spring.factories]: [org.springframework.test.context.web.ServletTestExecutionListener, org.springframework.test.context.support.DirtiesContextBeforeModesTestExecutionListener, org.springframework.test.context.support.DependencyInjectionTestExecutionListener, org.springframework.test.context.support.DirtiesContextTestExecutionListener, org.springframework.test.context.transaction.TransactionalTestExecutionListener, org.springframework.test.context.jdbc.SqlScriptsTestExecutionListener, org.springframework.boot.test.mock.mockito.MockitoTestExecutionListener, org.springframework.boot.test.mock.mockito.ResetMocksTestExecutionListener, org.springframework.boot.test.autoconfigure.AutoConfigureReportTestExecutionListener, org.springframework.boot.test.autoconfigure.restdocs.RestDocsTestExecutionListener, org.springframework.boot.test.autoconfigure.web.client.MockRestServiceServerResetTestExecutionListener]
[19/jul./2020 12:41:13] [:] INFO - Using TestExecutionListeners: [org.springframework.test.context.support.DirtiesContextBeforeModesTestExecutionListener@37133f9e, org.springframework.boot.test.autoconfigure.AutoConfigureReportTestExecutionListener@700f3f81, org.springframework.test.context.support.DependencyInjectionTestExecutionListener@1b502b89, org.springframework.test.context.support.DirtiesContextTestExecutionListener@402b3748, org.springframework.test.context.transaction.TransactionalTestExecutionListener@6eea0f1c, org.springframework.test.context.jdbc.SqlScriptsTestExecutionListener@6790d677, org.springframework.boot.test.mock.mockito.MockitoTestExecutionListener@7d06b56f, org.springframework.boot.test.mock.mockito.ResetMocksTestExecutionListener@640e4cf0, org.springframework.boot.test.autoconfigure.restdocs.RestDocsTestExecutionListener@5a223d82, org.springframework.boot.test.autoconfigure.web.client.MockRestServiceServerResetTestExecutionListener@3be06bdf]
Tests run: 5, Failures: 0, Errors: 0, Skipped: 0, Time elapsed: 0.414 sec
Running org.isf.vaccine.test.Tests
[19/jul./2020 12:41:13] [:] INFO - Loaded default TestExecutionListener class names from location [META-INF/spring.factories]: [org.springframework.test.context.web.ServletTestExecutionListener, org.springframework.test.context.support.DirtiesContextBeforeModesTestExecutionListener, org.springframework.test.context.support.DependencyInjectionTestExecutionListener, org.springframework.test.context.support.DirtiesContextTestExecutionListener, org.springframework.test.context.transaction.TransactionalTestExecutionListener, org.springframework.test.context.jdbc.SqlScriptsTestExecutionListener, org.springframework.boot.test.mock.mockito.MockitoTestExecutionListener, org.springframework.boot.test.mock.mockito.ResetMocksTestExecutionListener, org.springframework.boot.test.autoconfigure.AutoConfigureReportTestExecutionListener, org.springframework.boot.test.autoconfigure.restdocs.RestDocsTestExecutionListener, org.springframework.boot.test.autoconfigure.web.client.MockRestServiceServerResetTestExecutionListener]
[19/jul./2020 12:41:13] [:] INFO - Using TestExecutionListeners: [org.springframework.test.context.support.DirtiesContextBeforeModesTestExecutionListener@6cb38db5, org.springframework.boot.test.autoconfigure.AutoConfigureReportTestExecutionListener@215c5824, org.springframework.test.context.support.DependencyInjectionTestExecutionListener@3df322d6, org.springframework.test.context.support.DirtiesContextTestExecutionListener@2758c5dd, org.springframework.test.context.transaction.TransactionalTestExecutionListener@57762aa6, org.springframework.test.context.jdbc.SqlScriptsTestExecutionListener@14a8c514, org.springframework.boot.test.mock.mockito.MockitoTestExecutionListener@3069b0c5, org.springframework.boot.test.mock.mockito.ResetMocksTestExecutionListener@517eed38, org.springframework.boot.test.autoconfigure.restdocs.RestDocsTestExecutionListener@37bbdeab, org.springframework.boot.test.autoconfigure.web.client.MockRestServiceServerResetTestExecutionListener@65692d2d]
Tests run: 7, Failures: 0, Errors: 0, Skipped: 0, Time elapsed: 0.241 sec
Running org.isf.vactype.test.Tests
[19/jul./2020 12:41:13] [:] INFO - Loaded default TestExecutionListener class names from location [META-INF/spring.factories]: [org.springframework.test.context.web.ServletTestExecutionListener, org.springframework.test.context.support.DirtiesContextBeforeModesTestExecutionListener, org.springframework.test.context.support.DependencyInjectionTestExecutionListener, org.springframework.test.context.support.DirtiesContextTestExecutionListener, org.springframework.test.context.transaction.TransactionalTestExecutionListener, org.springframework.test.context.jdbc.SqlScriptsTestExecutionListener, org.springframework.boot.test.mock.mockito.MockitoTestExecutionListener, org.springframework.boot.test.mock.mockito.ResetMocksTestExecutionListener, org.springframework.boot.test.autoconfigure.AutoConfigureReportTestExecutionListener, org.springframework.boot.test.autoconfigure.restdocs.RestDocsTestExecutionListener, org.springframework.boot.test.autoconfigure.web.client.MockRestServiceServerResetTestExecutionListener]
[19/jul./2020 12:41:13] [:] INFO - Using TestExecutionListeners: [org.springframework.test.context.support.DirtiesContextBeforeModesTestExecutionListener@3c22ebb, org.springframework.boot.test.autoconfigure.AutoConfigureReportTestExecutionListener@347c4a9c, org.springframework.test.context.support.DependencyInjectionTestExecutionListener@6d663d7, org.springframework.test.context.support.DirtiesContextTestExecutionListener@2f8dadc0, org.springframework.test.context.transaction.TransactionalTestExecutionListener@3da8e97c, org.springframework.test.context.jdbc.SqlScriptsTestExecutionListener@6bd67cff, org.springframework.boot.test.mock.mockito.MockitoTestExecutionListener@5e2b7289, org.springframework.boot.test.mock.mockito.ResetMocksTestExecutionListener@1c8a2721, org.springframework.boot.test.autoconfigure.restdocs.RestDocsTestExecutionListener@6693dec5, org.springframework.boot.test.autoconfigure.web.client.MockRestServiceServerResetTestExecutionListener@3efa676c]
Tests run: 7, Failures: 0, Errors: 0, Skipped: 0, Time elapsed: 0.175 sec
Running org.isf.visits.test.Tests
[19/jul./2020 12:41:13] [:] INFO - Loaded default TestExecutionListener class names from location [META-INF/spring.factories]: [org.springframework.test.context.web.ServletTestExecutionListener, org.springframework.test.context.support.DirtiesContextBeforeModesTestExecutionListener, org.springframework.test.context.support.DependencyInjectionTestExecutionListener, org.springframework.test.context.support.DirtiesContextTestExecutionListener, org.springframework.test.context.transaction.TransactionalTestExecutionListener, org.springframework.test.context.jdbc.SqlScriptsTestExecutionListener, org.springframework.boot.test.mock.mockito.MockitoTestExecutionListener, org.springframework.boot.test.mock.mockito.ResetMocksTestExecutionListener, org.springframework.boot.test.autoconfigure.AutoConfigureReportTestExecutionListener, org.springframework.boot.test.autoconfigure.restdocs.RestDocsTestExecutionListener, org.springframework.boot.test.autoconfigure.web.client.MockRestServiceServerResetTestExecutionListener]
[19/jul./2020 12:41:13] [:] INFO - Using TestExecutionListeners: [org.springframework.test.context.support.DirtiesContextBeforeModesTestExecutionListener@336e2c16, org.springframework.boot.test.autoconfigure.AutoConfigureReportTestExecutionListener@41a5c847, org.springframework.test.context.support.DependencyInjectionTestExecutionListener@1cb584cf, org.springframework.test.context.support.DirtiesContextTestExecutionListener@7f97e960, org.springframework.test.context.transaction.TransactionalTestExecutionListener@3d5b6418, org.springframework.test.context.jdbc.SqlScriptsTestExecutionListener@52537404, org.springframework.boot.test.mock.mockito.MockitoTestExecutionListener@62f0017d, org.springframework.boot.test.mock.mockito.ResetMocksTestExecutionListener@226c28aa, org.springframework.boot.test.autoconfigure.restdocs.RestDocsTestExecutionListener@44f1e35b, org.springframework.boot.test.autoconfigure.web.client.MockRestServiceServerResetTestExecutionListener@d4b4c95]
Tests run: 5, Failures: 0, Errors: 0, Skipped: 0, Time elapsed: 0.199 sec
Running org.isf.ward.test.Tests
[19/jul./2020 12:41:14] [:] INFO - Loaded default TestExecutionListener class names from location [META-INF/spring.factories]: [org.springframework.test.context.web.ServletTestExecutionListener, org.springframework.test.context.support.DirtiesContextBeforeModesTestExecutionListener, org.springframework.test.context.support.DependencyInjectionTestExecutionListener, org.springframework.test.context.support.DirtiesContextTestExecutionListener, org.springframework.test.context.transaction.TransactionalTestExecutionListener, org.springframework.test.context.jdbc.SqlScriptsTestExecutionListener, org.springframework.boot.test.mock.mockito.MockitoTestExecutionListener, org.springframework.boot.test.mock.mockito.ResetMocksTestExecutionListener, org.springframework.boot.test.autoconfigure.AutoConfigureReportTestExecutionListener, org.springframework.boot.test.autoconfigure.restdocs.RestDocsTestExecutionListener, org.springframework.boot.test.autoconfigure.web.client.MockRestServiceServerResetTestExecutionListener]
[19/jul./2020 12:41:14] [:] INFO - Using TestExecutionListeners: [org.springframework.test.context.support.DirtiesContextBeforeModesTestExecutionListener@4e4fadd2, org.springframework.boot.test.autoconfigure.AutoConfigureReportTestExecutionListener@6cff8434, org.springframework.test.context.support.DependencyInjectionTestExecutionListener@513facaa, org.springframework.test.context.support.DirtiesContextTestExecutionListener@1b09c0e2, org.springframework.test.context.transaction.TransactionalTestExecutionListener@281bcf6c, org.springframework.test.context.jdbc.SqlScriptsTestExecutionListener@3855207f, org.springframework.boot.test.mock.mockito.MockitoTestExecutionListener@14238123, org.springframework.boot.test.mock.mockito.ResetMocksTestExecutionListener@41f85d95, org.springframework.boot.test.autoconfigure.restdocs.RestDocsTestExecutionListener@37ee8a69, org.springframework.boot.test.autoconfigure.web.client.MockRestServiceServerResetTestExecutionListener@26291233]
Tests run: 11, Failures: 0, Errors: 0, Skipped: 0, Time elapsed: 0.196 sec
[19/jul./2020 12:41:14] [:] INFO - Closing org.springframework.context.support.GenericApplicationContext@4fe4503a: startup date [Sun Jul 19 12:40:42 CEST 2020]; root of context hierarchy
[19/jul./2020 12:41:14] [:] INFO - Closing JPA EntityManagerFactory for persistence unit 'default'

Results :

Tests run: 348, Failures: 0, Errors: 0, Skipped: 0

[INFO] ------------------------------------------------------------------------
[INFO] BUILD SUCCESS
[INFO] ------------------------------------------------------------------------
[INFO] Total time: 59.585 s
[INFO] Finished at: 2020-07-19T12:41:14+02:00
[INFO] Final Memory: 12M/50M
[INFO] ------------------------------------------------------------------------
